Connecting to host 192.168.31.25, port 5202
[  5] local 192.168.31.198 port 55978 connected to 192.168.31.25 port 5202
[ ID] Interval           Transfer     Bitrate         Total Datagrams
[  5]   0.00-1.00   sec  5.96 MBytes  49.9 Mbits/sec  4316  
[  5]   1.00-2.00   sec  5.96 MBytes  49.9 Mbits/sec  4314  
[  5]   2.00-3.00   sec  5.42 MBytes  45.5 Mbits/sec  3923  
[  5]   3.00-4.00   sec  6.38 MBytes  53.3 Mbits/sec  4622  
[  5]   4.00-5.00   sec  6.06 MBytes  50.9 Mbits/sec  4388  
[  5]   5.00-6.02   sec  5.91 MBytes  48.9 Mbits/sec  4277  
[  5]   6.02-7.10   sec  6.66 MBytes  51.3 Mbits/sec  4820  
[  5]   7.10-8.00   sec  5.36 MBytes  50.0 Mbits/sec  3883  
[  5]   8.00-9.00   sec  5.95 MBytes  50.0 Mbits/sec  4306  
[  5]   9.00-10.00  sec  5.96 MBytes  50.0 Mbits/sec  4317  
[  5]  10.00-11.00  sec  5.96 MBytes  50.0 Mbits/sec  4316  
[  5]  11.00-12.21  sec  7.22 MBytes  49.9 Mbits/sec  5232  
[  5]  12.21-13.00  sec  4.70 MBytes  50.1 Mbits/sec  3402  
[  5]  13.00-14.00  sec  5.96 MBytes  50.0 Mbits/sec  4314  
[  5]  14.00-15.00  sec  5.96 MBytes  50.0 Mbits/sec  4317  
[  5]  15.00-16.00  sec  5.96 MBytes  50.0 Mbits/sec  4315  
[  5]  16.00-17.00  sec  5.96 MBytes  50.0 Mbits/sec  4319  
[  5]  17.00-18.00  sec  5.96 MBytes  49.9 Mbits/sec  4314  
[  5]  18.00-19.00  sec  5.96 MBytes  50.0 Mbits/sec  4312  
[  5]  19.00-20.00  sec  5.96 MBytes  50.1 Mbits/sec  4320  
[  5]  20.00-21.00  sec  5.96 MBytes  50.0 Mbits/sec  4319  
[  5]  21.00-22.03  sec  6.14 MBytes  50.0 Mbits/sec  4447  
[  5]  22.03-23.00  sec  5.78 MBytes  50.0 Mbits/sec  4186  
[  5]  23.00-24.00  sec  5.88 MBytes  49.3 Mbits/sec  4258  
[  5]  24.00-25.00  sec  6.04 MBytes  50.7 Mbits/sec  4373  
[  5]  25.00-26.00  sec  5.96 MBytes  50.0 Mbits/sec  4318  
[  5]  26.00-27.03  sec  5.91 MBytes  48.0 Mbits/sec  4280  
[  5]  27.03-28.00  sec  6.01 MBytes  52.1 Mbits/sec  4352  
[  5]  28.00-29.03  sec  6.02 MBytes  49.1 Mbits/sec  4360  
[  5]  29.03-30.01  sec  5.93 MBytes  51.0 Mbits/sec  4292  
[  5]  30.01-31.02  sec  5.94 MBytes  48.9 Mbits/sec  4299  
[  5]  31.02-32.00  sec  5.96 MBytes  51.1 Mbits/sec  4314  
[  5]  32.00-33.00  sec  5.96 MBytes  50.0 Mbits/sec  4317  
[  5]  33.00-34.00  sec  5.96 MBytes  50.0 Mbits/sec  4315  
[  5]  34.00-35.00  sec  5.96 MBytes  50.0 Mbits/sec  4317  
[  5]  35.00-36.00  sec  5.96 MBytes  50.0 Mbits/sec  4316  
[  5]  36.00-37.00  sec  5.96 MBytes  50.0 Mbits/sec  4318  
[  5]  37.00-38.00  sec  5.96 MBytes  50.0 Mbits/sec  4315  
[  5]  38.00-39.00  sec  5.96 MBytes  50.0 Mbits/sec  4314  
[  5]  39.00-40.00  sec  5.96 MBytes  50.0 Mbits/sec  4319  
[  5]  40.00-41.00  sec  5.96 MBytes  50.0 Mbits/sec  4315  
[  5]  41.00-42.00  sec  5.96 MBytes  50.0 Mbits/sec  4315  
[  5]  42.00-43.00  sec  5.96 MBytes  50.0 Mbits/sec  4317  
[  5]  43.00-44.00  sec  5.96 MBytes  50.0 Mbits/sec  4315  
[  5]  44.00-45.00  sec  5.96 MBytes  50.0 Mbits/sec  4319  
[  5]  45.00-46.05  sec  5.69 MBytes  45.5 Mbits/sec  4122  
[  5]  46.05-47.00  sec  6.23 MBytes  55.0 Mbits/sec  4511  
[  5]  47.00-48.01  sec  5.93 MBytes  49.1 Mbits/sec  4294  
[  5]  48.01-49.00  sec  5.99 MBytes  50.9 Mbits/sec  4336  
[  5]  49.00-50.00  sec  5.97 MBytes  50.1 Mbits/sec  4319  
[  5]  50.00-51.00  sec  5.96 MBytes  50.0 Mbits/sec  4313  
[  5]  51.00-52.02  sec  6.01 MBytes  49.5 Mbits/sec  4352  
[  5]  52.02-53.00  sec  5.93 MBytes  50.5 Mbits/sec  4293  
[  5]  53.00-54.01  sec  5.97 MBytes  49.8 Mbits/sec  4320  
[  5]  54.01-55.00  sec  5.95 MBytes  50.1 Mbits/sec  4309  
[  5]  55.00-56.01  sec  5.98 MBytes  50.0 Mbits/sec  4329  
[  5]  56.01-57.00  sec  5.93 MBytes  50.0 Mbits/sec  4296  
[  5]  57.00-58.00  sec  5.91 MBytes  49.5 Mbits/sec  4277  
[  5]  58.00-59.00  sec  6.01 MBytes  50.3 Mbits/sec  4353  
[  5]  59.00-60.00  sec  5.97 MBytes  50.3 Mbits/sec  4321  
[  5]  60.00-61.00  sec  5.84 MBytes  49.0 Mbits/sec  4229  
[  5]  61.00-62.00  sec  6.08 MBytes  50.9 Mbits/sec  4402  
[  5]  62.00-63.01  sec  5.95 MBytes  49.8 Mbits/sec  4310  
[  5]  63.01-64.00  sec  5.97 MBytes  50.3 Mbits/sec  4325  
[  iperf3: interrupt - the client has terminated by signal Terminated(15)
5]  64.00-65.00  sec  5.96 MBytes  50.0 Mbits/sec  4316  
[  5]  65.00-66.00  sec  5.94 MBytes  49.9 Mbits/sec  4304  
[  5]  66.00-67.00  sec  5.98 MBytes  50.1 Mbits/sec  4328  
[  5]  67.00-68.02  sec  5.75 MBytes  47.1 Mbits/sec  4164  
[  5]  68.02-69.00  sec  6.18 MBytes  53.0 Mbits/sec  4471  
[  5]  69.00-70.01  sec  5.92 MBytes  49.4 Mbits/sec  4291  
[  5]  70.01-71.00  sec  5.99 MBytes  50.6 Mbits/sec  4340  
[  5]  71.00-72.00  sec  5.96 MBytes  50.0 Mbits/sec  4316  
[  5]  72.00-73.00  sec  5.96 MBytes  49.8 Mbits/sec  4316  
[  5]  73.00-74.00  sec  5.96 MBytes  50.2 Mbits/sec  4316  
[  5]  74.00-75.00  sec  5.96 MBytes  50.0 Mbits/sec  4317  
[  5]  75.00-76.00  sec  5.65 MBytes  47.4 Mbits/sec  4095  
[  5]  76.00-77.00  sec  5.84 MBytes  48.9 Mbits/sec  4226  
[  5]  77.00-78.07  sec  6.58 MBytes  51.8 Mbits/sec  4762  
[  5]  78.07-79.03  sec  5.82 MBytes  50.7 Mbits/sec  4213  
[  5]  79.03-80.01  sec  5.38 MBytes  45.8 Mbits/sec  3893  
[  5]  80.01-81.02  sec  6.40 MBytes  53.4 Mbits/sec  4639  
[  5]  81.02-82.03  sec  5.74 MBytes  47.8 Mbits/sec  4154  
[  5]  82.03-83.01  sec  6.27 MBytes  53.7 Mbits/sec  4541  
[  5]  83.01-84.00  sec  5.99 MBytes  50.4 Mbits/sec  4337  
[  5]  84.00-85.04  sec  6.10 MBytes  49.5 Mbits/sec  4414  
[  5]  85.04-86.00  sec  5.66 MBytes  49.3 Mbits/sec  4097  
[  5]  86.00-87.00  sec  6.11 MBytes  51.3 Mbits/sec  4423  
[  5]  87.00-88.00  sec  5.53 MBytes  46.3 Mbits/sec  4004  
[  5]  88.00-89.05  sec  6.03 MBytes  48.2 Mbits/sec  4364  
[  5]  89.05-90.00  sec  6.32 MBytes  55.8 Mbits/sec  4579  
[  5]  90.00-91.01  sec  6.02 MBytes  50.0 Mbits/sec  4357  
[  5]  91.01-92.02  sec  5.98 MBytes  49.7 Mbits/sec  4335  
[  5]  92.02-93.01  sec  4.62 MBytes  39.4 Mbits/sec  3349  
[  5]  93.01-94.04  sec  7.15 MBytes  57.7 Mbits/sec  5176  
[  5]  94.04-95.00  sec  6.03 MBytes  52.9 Mbits/sec  4367  
[  5]  95.00-96.00  sec  5.96 MBytes  50.0 Mbits/sec  4319  
[  5]  96.00-97.00  sec  5.96 MBytes  50.0 Mbits/sec  4319  
[  5]  97.00-98.00  sec  5.95 MBytes  50.0 Mbits/sec  4312  
[  5]  98.00-99.00  sec  5.96 MBytes  49.9 Mbits/sec  4316  
[  5]  99.00-100.00 sec  5.96 MBytes  50.1 Mbits/sec  4316  
[  5] 100.00-101.00 sec  5.96 MBytes  50.0 Mbits/sec  4315  
[  5] 101.00-102.00 sec  5.39 MBytes  45.1 Mbits/sec  3901  
[  5] 102.00-103.04 sec  6.46 MBytes  52.3 Mbits/sec  4675  
[  5] 103.04-104.03 sec  5.99 MBytes  51.0 Mbits/sec  4341  
[  5] 104.03-105.00 sec  6.01 MBytes  51.7 Mbits/sec  4350  
[  5] 105.00-106.03 sec  5.93 MBytes  48.3 Mbits/sec  4293  
[  5] 106.03-107.00 sec  6.00 MBytes  51.8 Mbits/sec  4341  
[  5] 107.00-108.00 sec  5.96 MBytes  50.0 Mbits/sec  4314  
[  5] 108.00-109.00 sec  5.96 MBytes  50.0 Mbits/sec  4317  
[  5] 109.00-110.00 sec  5.96 MBytes  49.9 Mbits/sec  4315  
[  5] 110.00-111.00 sec  5.96 MBytes  50.1 Mbits/sec  4318  
[  5] 111.00-112.05 sec  5.78 MBytes  46.4 Mbits/sec  4184  
[  5] 112.05-113.00 sec  6.14 MBytes  53.9 Mbits/sec  4447  
[  5] 113.00-114.00 sec  5.96 MBytes  50.0 Mbits/sec  4317  
[  5] 114.00-115.01 sec  5.96 MBytes  49.6 Mbits/sec  4320  
[  5] 115.01-116.00 sec  5.96 MBytes  50.5 Mbits/sec  4317  
[  5] 116.00-117.00 sec  4.91 MBytes  41.3 Mbits/sec  3558  
[  5] 117.00-118.00 sec  7.00 MBytes  58.7 Mbits/sec  5070  
[  5] 118.00-119.00 sec  5.96 MBytes  49.8 Mbits/sec  4315  
[  5] 119.00-120.00 sec  5.96 MBytes  50.2 Mbits/sec  4318  
[  5] 120.00-121.00 sec  5.87 MBytes  49.2 Mbits/sec  4249  
[  5] 121.00-121.28 sec  1.75 MBytes  52.6 Mbits/sec  1266  
- - - - - - - - - - - - - - - - - - - - - - - - -
[ ID] Interval           Transfer     Bitrate         Jitter    Lost/Total Datagrams
[  5]   0.00-121.28 sec   723 MBytes  50.0 Mbits/sec  0.000 ms  0/523475 (0%)  sender
[  5]   0.00-121.28 sec  0.00 Bytes  0.00 bits/sec  0.000 ms  0/0 (0%)  receiver
