Connecting to host 192.168.31.25, port 5202
[  5] local 192.168.31.198 port 38484 connected to 192.168.31.25 port 5202
[ ID] Interval           Transfer     Bitrate         Total Datagrams
[  5]   0.00-1.00   sec  5.72 MBytes  47.9 Mbits/sec  4146  
[  5]   1.00-2.00   sec  6.20 MBytes  52.0 Mbits/sec  4486  
[  5]   2.00-3.00   sec  5.75 MBytes  48.2 Mbits/sec  4167  
[  5]   3.00-4.00   sec  6.16 MBytes  51.6 Mbits/sec  4458  
[  5]   4.00-5.00   sec  5.98 MBytes  50.2 Mbits/sec  4332  
[  5]   5.00-6.00   sec  5.95 MBytes  50.0 Mbits/sec  4310  
[  5]   6.00-7.00   sec  5.96 MBytes  50.0 Mbits/sec  4315  
[  5]   7.00-8.00   sec  5.68 MBytes  47.6 Mbits/sec  4113  
[  5]   8.00-9.00   sec  5.96 MBytes  50.1 Mbits/sec  4318  
[  5]   9.00-10.00  sec  6.23 MBytes  52.2 Mbits/sec  4510  
[  5]  10.00-11.49  sec  8.83 MBytes  49.7 Mbits/sec  6396  
[  5]  11.49-12.11  sec  3.53 MBytes  48.1 Mbits/sec  2555  
[  5]  12.11-13.00  sec  5.29 MBytes  49.7 Mbits/sec  3833  
[  5]  13.00-14.00  sec  5.95 MBytes  49.9 Mbits/sec  4309  
[  5]  14.00-15.00  sec  6.14 MBytes  51.5 Mbits/sec  4446  
[  5]  15.00-16.00  sec  5.65 MBytes  47.3 Mbits/sec  4094  
[  5]  16.00-17.07  sec  6.02 MBytes  47.5 Mbits/sec  4362  
[  5]  17.07-18.07  sec  5.96 MBytes  49.9 Mbits/sec  4319  
[  5]  18.07-19.08  sec  5.55 MBytes  46.0 Mbits/sec  4017  
[  5]  19.08-20.00  sec  5.60 MBytes  50.9 Mbits/sec  4057  
[  5]  20.00-21.03  sec  5.23 MBytes  42.9 Mbits/sec  3789  
[  5]  21.03-22.00  sec  4.95 MBytes  42.6 Mbits/sec  3584  
[  5]  22.00-23.00  sec  5.95 MBytes  49.9 Mbits/sec  4311  
[  5]  23.00-24.00  sec  5.52 MBytes  46.1 Mbits/sec  3995  
[  5]  24.00-25.00  sec  4.89 MBytes  41.1 Mbits/sec  3538  
[  5]  25.00-26.00  sec  5.34 MBytes  44.8 Mbits/sec  3868  
[  5]  26.00-27.01  sec  4.68 MBytes  39.0 Mbits/sec  3388  
[  5]  27.01-28.00  sec  4.87 MBytes  41.1 Mbits/sec  3528  
[  5]  28.00-29.00  sec  5.05 MBytes  42.5 Mbits/sec  3660  
[  5]  29.00-30.00  sec  5.40 MBytes  45.1 Mbits/sec  3907  
[  5]  30.00-31.00  sec  5.28 MBytes  44.4 Mbits/sec  3820  
[  5]  31.00-32.00  sec  6.09 MBytes  51.0 Mbits/sec  4407  
[  5]  32.00-33.06  sec  4.68 MBytes  37.2 Mbits/sec  3388  
[  5]  33.06-34.00  sec  3.96 MBytes  35.1 Mbits/sec  2865  
[  5]  34.00-35.01  sec  4.41 MBytes  36.6 Mbits/sec  3196  
[  5]  35.01-36.00  sec  8.67 MBytes  73.5 Mbits/sec  6280  
[  5]  36.00-37.01  sec  5.54 MBytes  46.0 Mbits/sec  4014  
[  5]  37.01-38.02  sec  6.51 MBytes  54.0 Mbits/sec  4716  
[  5]  38.02-39.00  sec  4.80 MBytes  41.1 Mbits/sec  3473  
[  5]  39.00-40.00  sec  4.49 MBytes  37.7 Mbits/sec  3252  
[  5]  40.00-41.01  sec  4.82 MBytes  39.9 Mbits/sec  3490  
[  5]  41.01-42.00  sec  8.47 MBytes  72.0 Mbits/sec  6134  
[  5]  42.00-43.00  sec  3.83 MBytes  32.2 Mbits/sec  2774  
[  5]  43.00-44.00  sec  5.27 MBytes  44.2 Mbits/sec  3814  
[  5]  44.00-45.00  sec  4.98 MBytes  41.8 Mbits/sec  3608  
[  5]  45.00-46.00  sec  5.91 MBytes  49.5 Mbits/sec  4277  
[  5]  46.00-47.00  sec  4.55 MBytes  38.2 Mbits/sec  3292  
[  5]  47.00-48.00  sec  4.28 MBytes  35.9 Mbits/sec  3096  
[  5]  48.00-49.00  sec  7.43 MBytes  62.3 Mbits/sec  5380  
[  5]  49.00-50.00  sec  10.8 MBytes  90.4 Mbits/sec  7812  
[  5]  50.00-51.00  sec  4.99 MBytes  41.9 Mbits/sec  3616  
[  5]  51.00-52.00  sec  4.96 MBytes  41.7 Mbits/sec  3595  
[  5]  52.00-53.01  sec  4.77 MBytes  39.9 Mbits/sec  3455  
[  5]  53.01-54.00  sec  4.74 MBytes  39.9 Mbits/sec  3431  
[  5]  54.00-55.01  sec  4.53 MBytes  37.9 Mbits/sec  3284  
[  5]  55.01-56.00  sec  4.90 MBytes  41.1 Mbits/sec  3546  
[  5]  56.00-57.00  sec  2.82 MBytes  23.6 Mbits/sec  2039  
[  5]  57.00-58.00  sec  4.45 MBytes  37.4 Mbits/sec  3221  
[  5]  58.00-59.00  sec  5.49 MBytes  46.1 Mbits/sec  3976  
[  5]  59.00-60.00  sec  12.4 MBytes   104 Mbits/sec  8951  
[  5]  60.00-61.03  sec  6.82 MBytes  55.5 Mbits/sec  4939  
[  5]  61.03-62.00  sec  7.04 MBytes  60.9 Mbits/sec  5097  
[  5]  62.00-63.00  sec  7.28 MBytes  60.8 Mbits/sec  5275  
[  5]  63.00-64.11  sec  8.07 MBytes  61.2 Mbits/sec  5842  
[  iperf3: interrupt - the client has terminated by signal Terminated(15)
5]  64.11-65.00  sec  5.28 MBytes  49.8 Mbits/sec  3825  
[  5]  65.00-66.01  sec  10.6 MBytes  88.6 Mbits/sec  7703  
[  5]  66.01-67.01  sec  11.4 MBytes  95.0 Mbits/sec  8243  
[  5]  67.01-68.00  sec  10.0 MBytes  85.3 Mbits/sec  7273  
[  5]  68.00-69.00  sec  5.96 MBytes  50.0 Mbits/sec  4315  
[  5]  69.00-70.00  sec  5.96 MBytes  50.0 Mbits/sec  4317  
[  5]  70.00-71.00  sec  5.96 MBytes  50.0 Mbits/sec  4318  
[  5]  71.00-72.00  sec  5.96 MBytes  50.0 Mbits/sec  4315  
[  5]  72.00-73.00  sec  5.96 MBytes  50.0 Mbits/sec  4315  
[  5]  73.00-74.00  sec  5.94 MBytes  49.8 Mbits/sec  4305  
[  5]  74.00-75.00  sec  5.97 MBytes  50.0 Mbits/sec  4323  
[  5]  75.00-76.00  sec  5.97 MBytes  50.1 Mbits/sec  4321  
[  5]  76.00-77.00  sec  5.90 MBytes  49.4 Mbits/sec  4271  
[  5]  77.00-78.00  sec  6.00 MBytes  50.2 Mbits/sec  4343  
[  5]  78.00-79.03  sec  6.19 MBytes  50.3 Mbits/sec  4478  
[  5]  79.03-80.00  sec  5.76 MBytes  50.0 Mbits/sec  4172  
[  5]  80.00-81.00  sec  5.94 MBytes  49.9 Mbits/sec  4306  
[  5]  81.00-82.15  sec  6.81 MBytes  49.7 Mbits/sec  4933  
[  5]  82.15-83.19  sec  3.23 MBytes  26.1 Mbits/sec  2339  
[  5]  83.19-84.00  sec  7.85 MBytes  81.2 Mbits/sec  5688  
[  5]  84.00-85.00  sec  5.96 MBytes  50.0 Mbits/sec  4317  
[  5]  85.00-86.00  sec  5.98 MBytes  50.0 Mbits/sec  4333  
[  5]  86.00-87.00  sec  5.94 MBytes  50.0 Mbits/sec  4305  
[  5]  87.00-88.00  sec  5.95 MBytes  50.0 Mbits/sec  4309  
[  5]  88.00-89.00  sec  5.96 MBytes  50.0 Mbits/sec  4317  
[  5]  89.00-90.00  sec  5.66 MBytes  47.4 Mbits/sec  4096  
[  5]  90.00-91.01  sec  5.94 MBytes  49.6 Mbits/sec  4305  
[  5]  91.01-92.00  sec  5.07 MBytes  42.7 Mbits/sec  3669  
[  5]  92.00-93.00  sec  5.28 MBytes  44.3 Mbits/sec  3822  
[  5]  93.00-94.01  sec  5.28 MBytes  44.0 Mbits/sec  3824  
[  5]  94.01-95.00  sec  5.82 MBytes  49.2 Mbits/sec  4218  
[  5]  95.00-96.01  sec  5.67 MBytes  47.2 Mbits/sec  4103  
[  5]  96.01-97.00  sec  5.54 MBytes  46.8 Mbits/sec  4011  
[  5]  97.00-98.00  sec  7.92 MBytes  66.3 Mbits/sec  5736  
[  5]  98.00-99.00  sec  7.43 MBytes  62.6 Mbits/sec  5380  
[  5]  99.00-100.01 sec  6.03 MBytes  50.0 Mbits/sec  4369  
[  5] 100.01-101.00 sec  5.89 MBytes  50.0 Mbits/sec  4264  
[  5] 101.00-102.00 sec  5.97 MBytes  50.0 Mbits/sec  4321  
[  5] 102.00-103.00 sec  5.89 MBytes  49.4 Mbits/sec  4269  
[  5] 103.00-104.00 sec  5.22 MBytes  43.8 Mbits/sec  3777  
[  5] 104.00-105.02 sec  5.82 MBytes  47.7 Mbits/sec  4216  
[  5] 105.02-106.00 sec  6.90 MBytes  59.4 Mbits/sec  4999  
[  5] 106.00-107.00 sec  5.96 MBytes  50.0 Mbits/sec  4316  
[  5] 107.00-108.00 sec  5.96 MBytes  50.0 Mbits/sec  4313  
[  5] 108.00-109.00 sec  5.98 MBytes  50.0 Mbits/sec  4328  
[  5] 109.00-110.00 sec  5.93 MBytes  49.9 Mbits/sec  4294  
[  5] 110.00-111.02 sec  6.10 MBytes  50.1 Mbits/sec  4416  
[  5] 111.02-112.03 sec  6.02 MBytes  50.0 Mbits/sec  4356  
[  5] 112.03-113.00 sec  5.79 MBytes  50.0 Mbits/sec  4191  
[  5] 113.00-114.06 sec  6.26 MBytes  49.5 Mbits/sec  4535  
[  5] 114.06-115.04 sec  5.79 MBytes  49.4 Mbits/sec  4196  
[  5] 115.04-116.00 sec  5.83 MBytes  51.1 Mbits/sec  4218  
[  5] 116.00-117.04 sec  6.07 MBytes  48.8 Mbits/sec  4393  
[  5] 117.04-118.00 sec  5.86 MBytes  51.3 Mbits/sec  4240  
[  5] 118.00-119.00 sec  5.96 MBytes  50.0 Mbits/sec  4315  
[  5] 119.00-120.00 sec  5.96 MBytes  50.0 Mbits/sec  4318  
[  5] 120.00-121.00 sec  5.96 MBytes  50.0 Mbits/sec  4315  
[  5] 121.00-122.00 sec  5.96 MBytes  50.0 Mbits/sec  4316  
[  5] 122.00-122.14 sec   833 KBytes  49.9 Mbits/sec  590  
- - - - - - - - - - - - - - - - - - - - - - - - -
[ ID] Interval           Transfer     Bitrate         Jitter    Lost/Total Datagrams
[  5]   0.00-122.14 sec   728 MBytes  50.0 Mbits/sec  0.000 ms  0/527179 (0%)  sender
[  5]   0.00-122.14 sec  0.00 Bytes  0.00 bits/sec  0.000 ms  0/0 (0%)  receiver
