Connecting to host 192.168.31.25, port 5202
[  5] local 192.168.31.198 port 50119 connected to 192.168.31.25 port 5202
[ ID] Interval           Transfer     Bitrate         Total Datagrams
[  5]   0.00-1.00   sec  5.96 MBytes  50.0 Mbits/sec  4320  
[  5]   1.00-2.00   sec  5.95 MBytes  49.9 Mbits/sec  4307  
[  5]   2.00-3.00   sec  5.97 MBytes  50.1 Mbits/sec  4324  
[  5]   3.00-4.00   sec  5.96 MBytes  50.0 Mbits/sec  4313  
[  5]   4.00-5.00   sec  5.97 MBytes  50.0 Mbits/sec  4322  
[  5]   5.00-6.00   sec  5.95 MBytes  50.0 Mbits/sec  4312  
[  5]   6.00-7.00   sec  5.97 MBytes  50.1 Mbits/sec  4320  
[  5]   7.00-8.00   sec  5.96 MBytes  50.0 Mbits/sec  4320  
[  5]   8.00-9.00   sec  5.93 MBytes  49.8 Mbits/sec  4295  
[  5]   9.00-10.00  sec  5.98 MBytes  50.2 Mbits/sec  4332  
[  5]  10.00-11.00  sec  5.97 MBytes  50.0 Mbits/sec  4321  
[  5]  11.00-12.00  sec  5.96 MBytes  50.0 Mbits/sec  4316  
[  5]  12.00-13.00  sec  5.96 MBytes  50.0 Mbits/sec  4313  
[  5]  13.00-14.00  sec  5.94 MBytes  49.8 Mbits/sec  4301  
[  5]  14.00-15.00  sec  6.00 MBytes  50.2 Mbits/sec  4344  
[  5]  15.00-16.00  sec  5.94 MBytes  50.0 Mbits/sec  4305  
[  5]  16.00-17.00  sec  5.96 MBytes  50.0 Mbits/sec  4315  
[  5]  17.00-18.00  sec  5.96 MBytes  50.0 Mbits/sec  4317  
[  5]  18.00-19.00  sec  5.96 MBytes  50.0 Mbits/sec  4318  
[  5]  19.00-20.00  sec  5.96 MBytes  50.0 Mbits/sec  4318  
[  5]  20.00-21.00  sec  5.96 MBytes  50.0 Mbits/sec  4313  
[  5]  21.00-22.00  sec  5.96 MBytes  50.0 Mbits/sec  4316  
[  5]  22.00-23.00  sec  5.93 MBytes  49.8 Mbits/sec  4296  
[  5]  23.00-24.00  sec  5.98 MBytes  50.1 Mbits/sec  4333  
[  5]  24.00-25.00  sec  5.95 MBytes  49.9 Mbits/sec  4310  
[  5]  25.00-26.00  sec  5.98 MBytes  50.1 Mbits/sec  4327  
[  5]  26.00-27.01  sec  6.00 MBytes  50.1 Mbits/sec  4347  
[  5]  27.01-28.00  sec  5.91 MBytes  50.0 Mbits/sec  4284  
[  5]  28.00-29.00  sec  5.96 MBytes  50.0 Mbits/sec  4317  
[  5]  29.00-30.25  sec  5.58 MBytes  37.4 Mbits/sec  4039  
[  5]  30.25-31.00  sec  6.34 MBytes  71.1 Mbits/sec  4593  
[  5]  31.00-32.02  sec  6.10 MBytes  50.0 Mbits/sec  4420  
[  5]  32.02-33.00  sec  5.82 MBytes  50.0 Mbits/sec  4214  
[  5]  33.00-34.00  sec  5.96 MBytes  50.0 Mbits/sec  4313  
[  5]  34.00-35.00  sec  5.96 MBytes  50.0 Mbits/sec  4314  
[  5]  35.00-36.00  sec  5.97 MBytes  50.0 Mbits/sec  4322  
[  5]  36.00-37.00  sec  5.96 MBytes  50.0 Mbits/sec  4315  
[  5]  37.00-38.00  sec  5.96 MBytes  50.0 Mbits/sec  4316  
[  5]  38.00-39.00  sec  5.96 MBytes  50.0 Mbits/sec  4317  
[  5]  39.00-40.00  sec  5.96 MBytes  50.0 Mbits/sec  4316  
[  5]  40.00-41.00  sec  5.96 MBytes  50.0 Mbits/sec  4317  
[  5]  41.00-42.00  sec  5.96 MBytes  50.0 Mbits/sec  4315  
[  5]  42.00-43.00  sec  5.96 MBytes  50.0 Mbits/sec  4318  
[  5]  43.00-44.00  sec  5.96 MBytes  50.0 Mbits/sec  4315  
[  5]  44.00-45.00  sec  5.96 MBytes  50.0 Mbits/sec  4317  
[  5]  45.00-46.00  sec  5.96 MBytes  50.0 Mbits/sec  4315  
[  5]  46.00-47.00  sec  5.96 MBytes  50.0 Mbits/sec  4314  
[  5]  47.00-48.00  sec  5.96 MBytes  50.0 Mbits/sec  4319  
[  5]  48.00-49.00  sec  5.95 MBytes  49.9 Mbits/sec  4312  
[  5]  49.00-50.00  sec  5.97 MBytes  50.1 Mbits/sec  4322  
[  5]  50.00-51.00  sec  5.96 MBytes  50.0 Mbits/sec  4315  
[  5]  51.00-52.00  sec  5.95 MBytes  49.9 Mbits/sec  4312  
[  5]  52.00-53.00  sec  5.97 MBytes  50.1 Mbits/sec  4325  
[  5]  53.00-54.00  sec  5.95 MBytes  50.0 Mbits/sec  4312  
[  5]  54.00-55.00  sec  5.95 MBytes  49.9 Mbits/sec  4312  
[  5]  55.00-56.09  sec  6.51 MBytes  50.0 Mbits/sec  4710  
[  5]  56.09-57.04  sec  5.20 MBytes  45.9 Mbits/sec  3763  
[  5]  57.04-58.00  sec  6.19 MBytes  54.1 Mbits/sec  4482  
[  5]  58.00-59.00  sec  5.96 MBytes  50.0 Mbits/sec  4317  
[  5]  59.00-60.00  sec  5.96 MBytes  50.0 Mbits/sec  4317  
[  5]  60.00-61.00  sec  5.96 MBytes  50.0 Mbits/sec  4315  
[  5]  61.00-62.00  sec  5.96 MBytes  50.0 Mbits/sec  4315  
[  5]  62.00-63.00  sec  5.93 MBytes  49.7 Mbits/sec  4297  
[  5]  63.00-64.02  sec  6.11 MBytes  50.1 Mbits/sec  4421  
[  iperf3: interrupt - the client has terminated by signal Terminated(15)
5]  64.02-65.00  sec  5.84 MBytes  50.2 Mbits/sec  4229  
[  5]  65.00-66.00  sec  5.96 MBytes  50.0 Mbits/sec  4318  
[  5]  66.00-67.00  sec  5.95 MBytes  49.9 Mbits/sec  4313  
[  5]  67.00-68.04  sec  6.06 MBytes  48.9 Mbits/sec  4388  
[  5]  68.04-69.02  sec  5.85 MBytes  50.2 Mbits/sec  4237  
[  5]  69.02-70.03  sec  6.12 MBytes  50.9 Mbits/sec  4434  
[  5]  70.03-71.02  sec  5.78 MBytes  48.6 Mbits/sec  4185  
[  5]  71.02-72.01  sec  5.99 MBytes  51.0 Mbits/sec  4341  
[  5]  72.01-73.02  sec  5.88 MBytes  48.7 Mbits/sec  4259  
[  5]  73.02-74.00  sec  6.02 MBytes  51.6 Mbits/sec  4357  
[  5]  74.00-75.03  sec  5.94 MBytes  48.5 Mbits/sec  4306  
[  5]  75.03-76.00  sec  5.99 MBytes  51.8 Mbits/sec  4340  
[  5]  76.00-77.00  sec  5.94 MBytes  49.7 Mbits/sec  4300  
[  5]  77.00-78.01  sec  5.81 MBytes  48.5 Mbits/sec  4207  
[  5]  78.01-79.00  sec  6.14 MBytes  51.8 Mbits/sec  4443  
[  5]  79.00-80.00  sec  5.97 MBytes  50.0 Mbits/sec  4321  
[  5]  80.00-81.00  sec  5.96 MBytes  50.0 Mbits/sec  4313  
[  5]  81.00-82.00  sec  5.96 MBytes  50.0 Mbits/sec  4313  
[  5]  82.00-83.00  sec  5.96 MBytes  49.9 Mbits/sec  4318  
[  5]  83.00-84.01  sec  5.71 MBytes  47.7 Mbits/sec  4136  
[  5]  84.01-85.00  sec  6.21 MBytes  52.4 Mbits/sec  4496  
[  5]  85.00-86.00  sec  5.98 MBytes  50.0 Mbits/sec  4332  
[  5]  86.00-87.00  sec  5.94 MBytes  50.0 Mbits/sec  4305  
[  5]  87.00-88.00  sec  5.96 MBytes  50.0 Mbits/sec  4314  
[  5]  88.00-89.05  sec  6.05 MBytes  48.6 Mbits/sec  4384  
[  5]  89.05-90.00  sec   997 KBytes  8.56 Mbits/sec  705  
[  5]  90.00-91.00  sec  10.9 MBytes  91.1 Mbits/sec  7860  
[  5]  91.00-92.00  sec  5.96 MBytes  50.0 Mbits/sec  4316  
[  5]  92.00-93.00  sec  5.96 MBytes  49.9 Mbits/sec  4318  
[  5]  93.00-94.00  sec  5.96 MBytes  50.0 Mbits/sec  4313  
[  5]  94.00-95.00  sec  5.97 MBytes  50.1 Mbits/sec  4320  
[  5]  95.00-96.00  sec  5.97 MBytes  50.0 Mbits/sec  4322  
[  5]  96.00-97.00  sec  5.95 MBytes  50.0 Mbits/sec  4308  
[  5]  97.00-98.00  sec  5.96 MBytes  50.0 Mbits/sec  4318  
[  5]  98.00-99.17  sec  6.96 MBytes  50.0 Mbits/sec  5038  
[  5]  99.17-100.08 sec  5.43 MBytes  50.0 Mbits/sec  3931  
[  5] 100.08-101.00 sec  5.51 MBytes  50.0 Mbits/sec  3993  
[  5] 101.00-102.00 sec  5.94 MBytes  50.0 Mbits/sec  4301  
[  5] 102.00-103.03 sec  6.15 MBytes  50.0 Mbits/sec  4450  
[  5] 103.03-104.01 sec  5.83 MBytes  50.0 Mbits/sec  4219  
[  5] 104.01-105.03 sec  6.07 MBytes  50.0 Mbits/sec  4394  
[  5] 105.03-106.19 sec  5.94 MBytes  42.7 Mbits/sec  4301  
[  5] 106.19-107.00 sec  5.82 MBytes  60.5 Mbits/sec  4218  
[  5] 107.00-108.00 sec  5.96 MBytes  50.0 Mbits/sec  4316  
[  5] 108.00-109.00 sec  5.97 MBytes  50.0 Mbits/sec  4326  
[  5] 109.00-110.00 sec  5.94 MBytes  50.0 Mbits/sec  4305  
[  5] 110.00-111.00 sec  5.96 MBytes  50.0 Mbits/sec  4313  
[  5] 111.00-112.00 sec  5.97 MBytes  50.1 Mbits/sec  4322  
[  5] 112.00-113.01 sec  6.03 MBytes  50.0 Mbits/sec  4365  
[  5] 113.01-114.00 sec  5.90 MBytes  50.0 Mbits/sec  4271  
[  5] 114.00-115.00 sec  5.95 MBytes  50.0 Mbits/sec  4312  
[  5] 115.00-116.00 sec  5.96 MBytes  50.0 Mbits/sec  4316  
[  5] 116.00-117.00 sec  5.96 MBytes  50.0 Mbits/sec  4317  
[  5] 117.00-118.00 sec  5.96 MBytes  50.0 Mbits/sec  4317  
[  5] 118.00-119.00 sec  5.96 MBytes  50.0 Mbits/sec  4316  
[  5] 119.00-120.41 sec  7.22 MBytes  42.9 Mbits/sec  5232  
[  5] 120.41-121.00 sec  4.70 MBytes  67.0 Mbits/sec  3402  
[  5] 121.00-121.41 sec  2.42 MBytes  50.0 Mbits/sec  1755  
- - - - - - - - - - - - - - - - - - - - - - - - -
[ ID] Interval           Transfer     Bitrate         Jitter    Lost/Total Datagrams
[  5]   0.00-121.41 sec   724 MBytes  50.0 Mbits/sec  0.000 ms  0/524032 (0%)  sender
[  5]   0.00-121.41 sec  0.00 Bytes  0.00 bits/sec  0.000 ms  0/0 (0%)  receiver
