Connecting to host 192.168.31.25, port 5202
[  5] local 192.168.31.198 port 54739 connected to 192.168.31.25 port 5202
[ ID] Interval           Transfer     Bitrate         Total Datagrams
[  5]   0.00-1.00   sec  9.55 MBytes  79.9 Mbits/sec  6920  
[  5]   1.00-2.00   sec  9.46 MBytes  79.5 Mbits/sec  6848  
[  5]   2.00-3.00   sec  9.58 MBytes  80.2 Mbits/sec  6939  
[  5]   3.00-4.00   sec  9.50 MBytes  79.8 Mbits/sec  6881  
[  5]   4.00-5.00   sec  9.55 MBytes  80.1 Mbits/sec  6918  
[  5]   5.00-6.13   sec  10.0 MBytes  74.5 Mbits/sec  7244  
[  5]   6.13-7.00   sec  9.11 MBytes  87.5 Mbits/sec  6599  
[  5]   7.00-8.00   sec  8.20 MBytes  68.8 Mbits/sec  5940  
[  5]   8.00-9.00   sec  10.9 MBytes  91.2 Mbits/sec  7873  
[  5]   9.00-10.00  sec  9.21 MBytes  77.0 Mbits/sec  6673  
[  5]  10.00-11.00  sec  9.79 MBytes  82.4 Mbits/sec  7093  
[  5]  11.00-12.00  sec  9.51 MBytes  79.7 Mbits/sec  6885  
[  5]  12.00-13.00  sec  9.50 MBytes  79.8 Mbits/sec  6882  
[  5]  13.00-14.04  sec  9.81 MBytes  79.0 Mbits/sec  7103  
[  5]  14.04-15.00  sec  9.38 MBytes  82.3 Mbits/sec  6795  
[  5]  15.00-16.00  sec  9.54 MBytes  80.0 Mbits/sec  6912  
[  5]  16.00-17.02  sec  9.67 MBytes  79.6 Mbits/sec  7004  
[  5]  17.02-18.01  sec  9.47 MBytes  80.3 Mbits/sec  6862  
[  5]  18.01-19.01  sec  9.48 MBytes  79.2 Mbits/sec  6864  
[  5]  19.01-20.01  sec  2.68 MBytes  22.6 Mbits/sec  1938  
[  5]  20.01-21.00  sec  12.5 MBytes   106 Mbits/sec  9087  
[  5]  21.00-22.00  sec  11.5 MBytes  96.7 Mbits/sec  8351  
[  5]  22.00-23.00  sec  11.4 MBytes  95.4 Mbits/sec  8238  
[  5]  23.00-24.00  sec  8.78 MBytes  73.7 Mbits/sec  6362  
[  5]  24.00-25.01  sec  10.3 MBytes  86.1 Mbits/sec  7459  
[  5]  25.01-26.00  sec  9.50 MBytes  80.0 Mbits/sec  6883  
[  5]  26.00-27.00  sec  9.55 MBytes  80.2 Mbits/sec  6917  
[  5]  27.00-28.00  sec  9.55 MBytes  80.0 Mbits/sec  6914  
[  5]  28.00-29.00  sec  9.42 MBytes  79.0 Mbits/sec  6819  
[  5]  29.00-30.00  sec  9.63 MBytes  80.8 Mbits/sec  6975  
[  5]  30.00-31.00  sec  9.56 MBytes  80.2 Mbits/sec  6926  
[  5]  31.00-32.00  sec  9.53 MBytes  80.0 Mbits/sec  6899  
[  5]  32.00-33.00  sec  8.55 MBytes  71.7 Mbits/sec  6191  
[  5]  33.00-34.01  sec  10.5 MBytes  87.7 Mbits/sec  7616  
[  5]  34.01-35.00  sec  9.54 MBytes  80.5 Mbits/sec  6905  
[  5]  35.00-36.00  sec  9.54 MBytes  80.0 Mbits/sec  6911  
[  5]  36.00-37.01  sec  9.56 MBytes  79.2 Mbits/sec  6924  
[  5]  37.01-38.00  sec  7.36 MBytes  62.5 Mbits/sec  5332  
[  5]  38.00-39.00  sec  11.7 MBytes  98.1 Mbits/sec  8460  
[  5]  39.00-40.00  sec  9.54 MBytes  80.1 Mbits/sec  6912  
[  5]  40.00-41.00  sec  9.52 MBytes  79.9 Mbits/sec  6896  
[  5]  41.00-42.01  sec  9.59 MBytes  80.1 Mbits/sec  6943  
[  5]  42.01-43.00  sec  9.49 MBytes  80.0 Mbits/sec  6873  
[  5]  43.00-44.00  sec  9.37 MBytes  78.6 Mbits/sec  6789  
[  5]  44.00-45.01  sec  9.68 MBytes  80.8 Mbits/sec  7011  
[  5]  45.01-46.00  sec  9.56 MBytes  80.5 Mbits/sec  6921  
[  5]  46.00-47.01  sec  9.47 MBytes  79.1 Mbits/sec  6862  
[  5]  47.01-48.01  sec  9.29 MBytes  77.8 Mbits/sec  6730  
[  5]  48.01-49.00  sec  9.84 MBytes  83.2 Mbits/sec  7125  
[  5]  49.00-50.00  sec  9.53 MBytes  80.0 Mbits/sec  6905  
[  5]  50.00-51.00  sec  9.35 MBytes  78.4 Mbits/sec  6772  
[  5]  51.00-52.00  sec  9.73 MBytes  81.6 Mbits/sec  7043  
[  5]  52.00-53.00  sec  9.53 MBytes  79.7 Mbits/sec  6903  
[  5]  53.00-54.00  sec  9.53 MBytes  80.2 Mbits/sec  6901  
[  5]  54.00-55.00  sec  9.50 MBytes  79.6 Mbits/sec  6876  
[  5]  55.00-56.00  sec  9.60 MBytes  80.4 Mbits/sec  6954  
[  5]  56.00-57.00  sec  9.52 MBytes  79.9 Mbits/sec  6890  
[  5]  57.00-58.00  sec  9.52 MBytes  79.9 Mbits/sec  6892  
[  5]  58.00-59.00  sec  9.57 MBytes  80.3 Mbits/sec  6926  
[  5]  59.00-60.00  sec  9.54 MBytes  79.9 Mbits/sec  6912  
[  5]  60.00-61.00  sec  9.44 MBytes  79.3 Mbits/sec  6834  
[  5]  61.00-62.02  sec  9.61 MBytes  79.0 Mbits/sec  6962  
[  5]  62.02-63.00  sec  9.18 MBytes  78.6 Mbits/sec  6647  
[  5]  63.00-64.03  sec  9.40 MBytes  76.8 Mbits/sec  6805  
[  