Connecting to host 192.168.31.25, port 5202
[  5] local 192.168.31.198 port 41786 connected to 192.168.31.25 port 5202
[ ID] Interval           Transfer     Bitrate         Total Datagrams
[  5]   0.00-1.00   sec  9.33 MBytes  78.1 Mbits/sec  6760  
[  5]   1.00-2.00   sec  6.56 MBytes  55.0 Mbits/sec  4748  
[  5]   2.00-3.02   sec  11.9 MBytes  98.3 Mbits/sec  8611  
[  5]   3.02-4.00   sec  9.72 MBytes  82.9 Mbits/sec  7041  
[  5]   4.00-5.00   sec  9.53 MBytes  80.0 Mbits/sec  6904  
[  5]   5.00-6.00   sec  10.2 MBytes  85.5 Mbits/sec  7382  
[  5]   6.00-7.00   sec  9.53 MBytes  80.0 Mbits/sec  6901  
[  5]   7.00-8.00   sec  9.53 MBytes  80.0 Mbits/sec  6905  
[  5]   8.00-9.00   sec  9.54 MBytes  80.0 Mbits/sec  6907  
[  5]   9.00-10.00  sec  9.54 MBytes  80.0 Mbits/sec  6905  
[  5]  10.00-11.00  sec  9.46 MBytes  79.2 Mbits/sec  6848  
[  5]  11.00-12.22  sec  9.71 MBytes  66.7 Mbits/sec  7034  
[  5]  12.22-13.02  sec  5.70 MBytes  59.9 Mbits/sec  4131  
[  5]  13.02-14.00  sec  7.46 MBytes  64.1 Mbits/sec  5405  
[  5]  14.00-15.02  sec  7.97 MBytes  65.7 Mbits/sec  5773  
[  5]  15.02-16.01  sec  7.06 MBytes  59.8 Mbits/sec  5112  
[  5]  16.01-17.06  sec  7.62 MBytes  60.8 Mbits/sec  5520  
[  5]  17.06-18.01  sec  6.59 MBytes  58.7 Mbits/sec  4773  
[  5]  18.01-19.00  sec  7.02 MBytes  59.1 Mbits/sec  5083  
[  5]  19.00-20.59  sec  10.4 MBytes  55.3 Mbits/sec  7563  
[  5]  20.59-21.18  sec  4.20 MBytes  59.0 Mbits/sec  3040  
[  5]  21.18-22.00  sec  5.39 MBytes  55.3 Mbits/sec  3904  
[  5]  22.00-23.31  sec  8.05 MBytes  51.6 Mbits/sec  5829  
[  5]  23.31-24.01  sec  3.62 MBytes  43.6 Mbits/sec  2620  
[  5]  24.01-25.00  sec  11.0 MBytes  92.6 Mbits/sec  7954  
[  5]  25.00-26.00  sec  8.60 MBytes  72.1 Mbits/sec  6225  
[  5]  26.00-27.00  sec  15.6 MBytes   130 Mbits/sec  11290  
[  5]  27.00-28.00  sec  8.78 MBytes  73.6 Mbits/sec  6361  
[  5]  28.00-29.00  sec  6.34 MBytes  53.3 Mbits/sec  4594  
[  5]  29.00-30.00  sec  5.04 MBytes  42.4 Mbits/sec  3653  
[  5]  30.00-31.00  sec  9.20 MBytes  77.1 Mbits/sec  6663  
[  5]  31.00-32.00  sec  20.6 MBytes   173 Mbits/sec  14932  
[  5]  32.00-33.00  sec  11.1 MBytes  93.3 Mbits/sec  8045  
[  5]  33.00-34.13  sec  6.44 MBytes  47.8 Mbits/sec  4664  
[  5]  34.13-35.03  sec  2.93 MBytes  27.3 Mbits/sec  2125  
[  5]  35.03-36.41  sec  10.5 MBytes  64.2 Mbits/sec  7624  
[  5]  36.41-37.10  sec  4.64 MBytes  56.5 Mbits/sec  3363  
[  5]  37.10-38.02  sec  3.75 MBytes  34.3 Mbits/sec  2716  
[  5]  38.02-39.01  sec  6.35 MBytes  53.8 Mbits/sec  4596  
[  5]  39.01-40.24  sec  13.3 MBytes  90.5 Mbits/sec  9622  
[  5]  40.24-41.00  sec  12.0 MBytes   131 Mbits/sec  8680  
[  5]  41.00-42.00  sec  13.3 MBytes   112 Mbits/sec  9644  
[  5]  42.00-43.00  sec  6.27 MBytes  52.7 Mbits/sec  4539  
[  5]  43.00-44.01  sec  6.39 MBytes  53.2 Mbits/sec  4624  
[  5]  44.01-45.00  sec  6.38 MBytes  53.8 Mbits/sec  4617  
[  5]  45.00-46.00  sec  7.57 MBytes  63.5 Mbits/sec  5482  
[  5]  46.00-47.00  sec  6.57 MBytes  55.1 Mbits/sec  4757  
[  5]  47.00-48.01  sec  9.79 MBytes  81.8 Mbits/sec  7093  
[  5]  48.01-49.00  sec  11.8 MBytes  99.3 Mbits/sec  8545  
[  5]  49.00-50.00  sec  11.7 MBytes  97.8 Mbits/sec  8447  
[  5]  50.00-51.00  sec  8.41 MBytes  70.7 Mbits/sec  6093  
[  5]  51.00-52.01  sec  15.6 MBytes   129 Mbits/sec  11277  
[  5]  52.01-53.00  sec  11.5 MBytes  97.4 Mbits/sec  8356  
[  5]  53.00-54.01  sec  12.6 MBytes   105 Mbits/sec  9108  
[  5]  54.01-55.08  sec  11.6 MBytes  90.9 Mbits/sec  8425  
[  5]  55.08-56.00  sec  9.74 MBytes  88.7 Mbits/sec  7055  
[  5]  56.00-57.00  sec  11.8 MBytes  98.7 Mbits/sec  8543  
[  5]  57.00-58.01  sec  9.57 MBytes  79.7 Mbits/sec  6929  
[  5]  58.01-59.00  sec  10.2 MBytes  86.3 Mbits/sec  7388  
[  5]  59.00-60.00  sec  8.55 MBytes  71.7 Mbits/sec  6188  
[  5]  60.00-61.01  sec  14.6 MBytes   121 Mbits/sec  10545  
[  5]  61.01-62.03  sec  12.5 MBytes   103 Mbits/sec  9082  
[  5]  62.03-63.00  sec  14.9 MBytes   129 Mbits/sec  10818  
[  5]  63.00-64.00  sec  13.0 MBytes   109 Mbits/sec  9401 iperf3: interrupt - the client has terminated by signal Terminated(15)
 
[  5]  64.00-65.06  sec  14.0 MBytes   111 Mbits/sec  10125  
[  5]  65.06-66.02  sec  14.1 MBytes   124 Mbits/sec  10219  
[  5]  66.02-67.02  sec  13.0 MBytes   108 Mbits/sec  9389  
[  5]  67.02-68.01  sec  11.2 MBytes  95.2 Mbits/sec  8114  
[  5]  68.01-69.06  sec  9.53 MBytes  76.2 Mbits/sec  6902  
[  5]  69.06-70.00  sec  9.25 MBytes  82.1 Mbits/sec  6700  
[  5]  70.00-71.00  sec  9.77 MBytes  82.1 Mbits/sec  7076  
[  5]  71.00-72.00  sec  9.62 MBytes  80.7 Mbits/sec  6967  
[  5]  72.00-73.01  sec  8.95 MBytes  74.6 Mbits/sec  6479  
[  5]  73.01-74.26  sec  11.3 MBytes  75.6 Mbits/sec  8171  
[  5]  74.26-75.01  sec  7.50 MBytes  83.7 Mbits/sec  5429  
[  5]  75.01-76.02  sec  8.32 MBytes  69.5 Mbits/sec  6027  
[  5]  76.02-77.03  sec  9.73 MBytes  80.9 Mbits/sec  7046  
[  5]  77.03-78.02  sec  9.49 MBytes  80.1 Mbits/sec  6874  
[  5]  78.02-79.01  sec  8.16 MBytes  68.9 Mbits/sec  5907  
[  5]  79.01-80.00  sec  12.6 MBytes   107 Mbits/sec  9154  
[  5]  80.00-81.01  sec  8.12 MBytes  67.7 Mbits/sec  5877  
[  5]  81.01-82.00  sec  9.06 MBytes  76.4 Mbits/sec  6563  
[  5]  82.00-83.00  sec  10.7 MBytes  89.6 Mbits/sec  7736  
[  5]  83.00-84.00  sec  10.2 MBytes  85.7 Mbits/sec  7410  
[  5]  84.00-85.00  sec  8.46 MBytes  71.1 Mbits/sec  6124  
[  5]  85.00-86.00  sec  8.78 MBytes  73.6 Mbits/sec  6357  
[  5]  86.00-87.01  sec  9.12 MBytes  76.2 Mbits/sec  6602  
[  5]  87.01-88.01  sec  7.81 MBytes  65.4 Mbits/sec  5656  
[  5]  88.01-89.00  sec  10.2 MBytes  86.0 Mbits/sec  7369  
[  5]  89.00-90.32  sec  11.4 MBytes  72.7 Mbits/sec  8270  
[  5]  90.32-91.00  sec  7.26 MBytes  89.2 Mbits/sec  5255  
[  5]  91.00-92.00  sec  10.0 MBytes  84.2 Mbits/sec  7273  
[  5]  92.00-93.00  sec  8.60 MBytes  72.2 Mbits/sec  6230  
[  5]  93.00-94.00  sec  8.23 MBytes  69.0 Mbits/sec  5960  
[  5]  94.00-95.00  sec  9.30 MBytes  78.1 Mbits/sec  6736  
[  5]  95.00-96.04  sec  10.3 MBytes  82.5 Mbits/sec  7439  
[  5]  96.04-97.00  sec  9.16 MBytes  80.4 Mbits/sec  6635  
[  5]  97.00-98.01  sec  9.67 MBytes  80.7 Mbits/sec  7001  
[  5]  98.01-99.00  sec  8.52 MBytes  71.5 Mbits/sec  6171  
[  5]  99.00-100.01 sec  7.90 MBytes  65.9 Mbits/sec  5723  
[  5] 100.01-101.01 sec  7.24 MBytes  60.7 Mbits/sec  5241  
[  5] 101.01-102.00 sec  6.36 MBytes  53.8 Mbits/sec  4607  
[  5] 102.00-103.00 sec  7.76 MBytes  65.1 Mbits/sec  5618  
[  5] 103.00-104.03 sec  6.40 MBytes  52.4 Mbits/sec  4634  
[  5] 104.03-105.00 sec  6.50 MBytes  55.9 Mbits/sec  4709  
[  5] 105.00-106.03 sec  6.72 MBytes  54.8 Mbits/sec  4865  
[  5] 106.03-107.07 sec  6.23 MBytes  50.5 Mbits/sec  4512  
[  5] 107.07-108.01 sec  5.21 MBytes  46.3 Mbits/sec  3770  
[  5] 108.01-109.11 sec  6.03 MBytes  46.1 Mbits/sec  4367  
[  5] 109.11-110.00 sec  4.64 MBytes  43.5 Mbits/sec  3363  
[  5] 110.00-111.00 sec  5.42 MBytes  45.5 Mbits/sec  3923  
[  5] 111.00-112.01 sec  5.32 MBytes  44.2 Mbits/sec  3856  
[  5] 112.01-113.01 sec  7.63 MBytes  64.1 Mbits/sec  5523  
[  5] 113.01-114.01 sec  14.5 MBytes   122 Mbits/sec  10534  
[  5] 114.01-115.02 sec  12.1 MBytes   100 Mbits/sec  8764  
[  5] 115.02-116.02 sec  13.9 MBytes   117 Mbits/sec  10059  
[  5] 116.02-117.01 sec  7.97 MBytes  67.5 Mbits/sec  5774  
[  5] 117.01-118.00 sec  6.89 MBytes  58.2 Mbits/sec  4989  
[  5] 118.00-119.00 sec  13.9 MBytes   117 Mbits/sec  10047  
[  5] 119.00-120.00 sec  12.9 MBytes   109 Mbits/sec  9373  
[  5] 120.00-121.00 sec  13.5 MBytes   114 Mbits/sec  9791  
[  5] 121.00-122.09 sec  9.97 MBytes  76.5 Mbits/sec  7219  
[  5] 122.09-122.16 sec   779 KBytes  95.0 Mbits/sec  551  
- - - - - - - - - - - - - - - - - - - - - - - - -
[ ID] Interval           Transfer     Bitrate         Jitter    Lost/Total Datagrams
[  5]   0.00-122.16 sec  1.11 GBytes  77.8 Mbits/sec  0.000 ms  0/820817 (0%)  sender
[  5]   0.00-122.16 sec  0.00 Bytes  0.00 bits/sec  0.000 ms  0/0 (0%)  receiver
