Connecting to host 192.168.31.25, port 5202
[  5] local 192.168.31.198 port 43590 connected to 192.168.31.25 port 5202
[ ID] Interval           Transfer     Bitrate         Total Datagrams
[  5]   0.00-1.00   sec  9.53 MBytes  79.9 Mbits/sec  6902  
[  5]   1.00-2.01   sec  9.38 MBytes  78.3 Mbits/sec  6793  
[  5]   2.01-3.00   sec  7.52 MBytes  63.4 Mbits/sec  5446  
[  5]   3.00-4.00   sec  8.63 MBytes  72.4 Mbits/sec  6250  
[  5]   4.00-5.02   sec  12.7 MBytes   105 Mbits/sec  9206  
[  5]   5.02-6.01   sec  7.05 MBytes  59.4 Mbits/sec  5106  
[  5]   6.01-7.00   sec  7.82 MBytes  66.4 Mbits/sec  5666  
[  5]   7.00-8.00   sec  7.62 MBytes  63.9 Mbits/sec  5519  
[  5]   8.00-9.00   sec  7.65 MBytes  64.0 Mbits/sec  5541  
[  5]   9.00-10.00  sec  8.10 MBytes  68.1 Mbits/sec  5864  
[  5]  10.00-11.00  sec  7.53 MBytes  63.0 Mbits/sec  5450  
[  5]  11.00-12.00  sec  7.44 MBytes  62.6 Mbits/sec  5391  
[  5]  12.00-13.00  sec  8.17 MBytes  68.4 Mbits/sec  5915  
[  5]  13.00-14.00  sec  7.62 MBytes  63.9 Mbits/sec  5516  
[  5]  14.00-15.00  sec  6.64 MBytes  55.8 Mbits/sec  4812  
[  5]  15.00-16.00  sec  7.66 MBytes  64.2 Mbits/sec  5545  
[  5]  16.00-17.00  sec  6.19 MBytes  51.9 Mbits/sec  4486  
[  5]  17.00-18.00  sec  5.69 MBytes  47.7 Mbits/sec  4123  
[  5]  18.00-19.02  sec  5.49 MBytes  45.5 Mbits/sec  3978  
[  5]  19.02-20.05  sec  4.86 MBytes  39.5 Mbits/sec  3521  
[  5]  20.05-21.01  sec  4.62 MBytes  40.2 Mbits/sec  3347  
[  5]  21.01-22.00  sec  4.69 MBytes  39.7 Mbits/sec  3394  
[  5]  22.00-23.00  sec  4.65 MBytes  39.1 Mbits/sec  3369  
[  5]  23.00-24.02  sec  5.17 MBytes  42.8 Mbits/sec  3743  
[  5]  24.02-25.01  sec  5.32 MBytes  45.0 Mbits/sec  3851  
[  5]  25.01-26.00  sec  4.82 MBytes  40.7 Mbits/sec  3494  
[  5]  26.00-27.03  sec  5.07 MBytes  41.2 Mbits/sec  3674  
[  5]  27.03-28.00  sec  5.88 MBytes  51.1 Mbits/sec  4259  
[  5]  28.00-29.00  sec  5.87 MBytes  49.2 Mbits/sec  4252  
[  5]  29.00-30.00  sec  7.92 MBytes  66.4 Mbits/sec  5733  
[  5]  30.00-31.00  sec  6.97 MBytes  58.3 Mbits/sec  5047  
[  5]  31.00-32.01  sec  5.91 MBytes  49.1 Mbits/sec  4278  
[  5]  32.01-33.00  sec  6.17 MBytes  52.2 Mbits/sec  4468  
[  5]  33.00-34.00  sec  6.15 MBytes  51.6 Mbits/sec  4451  
[  5]  34.00-35.01  sec  6.01 MBytes  50.3 Mbits/sec  4354  
[  5]  35.01-36.01  sec  5.64 MBytes  47.4 Mbits/sec  4087  
[  5]  36.01-37.00  sec  5.50 MBytes  46.2 Mbits/sec  3981  
[  5]  37.00-38.00  sec  8.80 MBytes  74.0 Mbits/sec  6376  
[  5]  38.00-39.00  sec  7.02 MBytes  58.9 Mbits/sec  5085  
[  5]  39.00-40.03  sec  6.88 MBytes  56.1 Mbits/sec  4982  
[  5]  40.03-41.02  sec  6.04 MBytes  51.2 Mbits/sec  4377  
[  5]  41.02-42.00  sec  6.79 MBytes  58.0 Mbits/sec  4914  
[  5]  42.00-43.00  sec  6.72 MBytes  56.3 Mbits/sec  4865  
[  5]  43.00-44.05  sec  6.33 MBytes  50.5 Mbits/sec  4585  
[  5]  44.05-45.00  sec  6.04 MBytes  53.5 Mbits/sec  4373  
[  5]  45.00-46.00  sec  6.50 MBytes  54.5 Mbits/sec  4707  
[  5]  46.00-47.00  sec  6.33 MBytes  53.1 Mbits/sec  4585  
[  5]  47.00-48.00  sec  6.68 MBytes  56.1 Mbits/sec  4838  
[  5]  48.00-49.05  sec  6.69 MBytes  53.4 Mbits/sec  4846  
[  5]  49.05-50.01  sec  5.40 MBytes  47.4 Mbits/sec  3913  
[  5]  50.01-51.01  sec  8.25 MBytes  68.8 Mbits/sec  5971  
[  5]  51.01-52.02  sec  5.26 MBytes  43.6 Mbits/sec  3806  
[  5]  52.02-53.02  sec  4.50 MBytes  37.9 Mbits/sec  3262  
[  5]  53.02-54.00  sec  6.08 MBytes  52.1 Mbits/sec  4400  
[  5]  54.00-55.00  sec  5.98 MBytes  50.1 Mbits/sec  4333  
[  5]  55.00-56.01  sec  5.85 MBytes  48.5 Mbits/sec  4239  
[  5]  56.01-57.02  sec  6.92 MBytes  57.5 Mbits/sec  5014  
[  5]  57.02-58.00  sec  7.16 MBytes  61.5 Mbits/sec  5183  
[  5]  58.00-59.02  sec  7.89 MBytes  64.9 Mbits/sec  5713  
[  5]  59.02-60.00  sec  6.65 MBytes  56.9 Mbits/sec  4819  
[  5]  60.00-61.00  sec  5.25 MBytes  44.1 Mbits/sec  3803  
[  5]  61.00-62.01  sec  4.45 MBytes  36.9 Mbits/sec  3220  
[  5]  62.01-63.03  sec  4.46 MBytes  36.8 Mbits/sec  3232  
[  5]  63.03-64.00  sec  4.97 MBytes  42.8 Mbits/sec  3599  
[  iperf3: interrupt - the client has terminated by signal Terminated(15)
5]  64.00-65.00  sec  5.36 MBytes  45.0 Mbits/sec  3884  
[  5]  65.00-66.01  sec  5.82 MBytes  48.6 Mbits/sec  4214  
[  5]  66.01-67.00  sec  3.79 MBytes  31.9 Mbits/sec  2747  
[  5]  67.00-68.00  sec  5.00 MBytes  42.1 Mbits/sec  3624  
[  5]  68.00-69.00  sec  18.3 MBytes   153 Mbits/sec  13265  
[  5]  69.00-70.00  sec  12.6 MBytes   106 Mbits/sec  9148  
[  5]  70.00-71.00  sec  5.28 MBytes  44.5 Mbits/sec  3827  
[  5]  71.00-72.00  sec  5.93 MBytes  49.8 Mbits/sec  4293  
[  5]  72.00-73.00  sec  5.44 MBytes  45.6 Mbits/sec  3939  
[  5]  73.00-74.00  sec  5.12 MBytes  42.8 Mbits/sec  3708  
[  5]  74.00-75.00  sec  5.89 MBytes  49.6 Mbits/sec  4263  
[  5]  75.00-76.00  sec  4.71 MBytes  39.5 Mbits/sec  3412  
[  5]  76.00-77.00  sec  4.45 MBytes  37.4 Mbits/sec  3226  
[  5]  77.00-78.00  sec  5.03 MBytes  42.2 Mbits/sec  3641  
[  5]  78.00-79.01  sec  4.95 MBytes  41.2 Mbits/sec  3583  
[  5]  79.01-80.00  sec  5.00 MBytes  42.2 Mbits/sec  3623  
[  5]  80.00-81.00  sec  4.89 MBytes  41.0 Mbits/sec  3540  
[  5]  81.00-82.00  sec  4.99 MBytes  41.8 Mbits/sec  3611  
[  5]  82.00-83.00  sec  4.24 MBytes  35.5 Mbits/sec  3069  
[  5]  83.00-84.03  sec  6.26 MBytes  51.0 Mbits/sec  4536  
[  5]  84.03-85.00  sec  10.2 MBytes  88.0 Mbits/sec  7373  
[  5]  85.00-86.00  sec  9.51 MBytes  80.0 Mbits/sec  6889  
[  5]  86.00-87.00  sec  8.01 MBytes  66.9 Mbits/sec  5802  
[  5]  87.00-88.01  sec  9.05 MBytes  75.8 Mbits/sec  6553  
[  5]  88.01-89.00  sec  8.14 MBytes  68.7 Mbits/sec  5893  
[  5]  89.00-90.00  sec  6.17 MBytes  51.7 Mbits/sec  4466  
[  5]  90.00-91.00  sec  7.77 MBytes  65.1 Mbits/sec  5630  
[  5]  91.00-92.00  sec  9.86 MBytes  82.9 Mbits/sec  7139  
[  5]  92.00-93.00  sec  9.14 MBytes  76.6 Mbits/sec  6619  
[  5]  93.00-94.01  sec  6.58 MBytes  55.0 Mbits/sec  4768  
[  5]  94.01-95.00  sec  8.94 MBytes  75.5 Mbits/sec  6477  
[  5]  95.00-96.00  sec  8.70 MBytes  73.0 Mbits/sec  6299  
[  5]  96.00-97.00  sec  9.06 MBytes  76.0 Mbits/sec  6564  
[  5]  97.00-98.00  sec  8.47 MBytes  71.1 Mbits/sec  6137  
[  5]  98.00-99.05  sec  8.73 MBytes  69.5 Mbits/sec  6321  
[  5]  99.05-100.00 sec  5.78 MBytes  51.2 Mbits/sec  4182  
[  5] 100.00-101.04 sec  8.21 MBytes  66.4 Mbits/sec  5948  
[  5] 101.04-102.00 sec  8.75 MBytes  76.0 Mbits/sec  6334  
[  5] 102.00-103.00 sec  8.82 MBytes  74.0 Mbits/sec  6389  
[  5] 103.00-104.00 sec  7.87 MBytes  66.1 Mbits/sec  5700  
[  5] 104.00-105.00 sec  7.33 MBytes  61.6 Mbits/sec  5306  
[  5] 105.00-106.00 sec  6.51 MBytes  54.4 Mbits/sec  4713  
[  5] 106.00-107.00 sec  6.70 MBytes  56.3 Mbits/sec  4854  
[  5] 107.00-108.00 sec  6.69 MBytes  56.3 Mbits/sec  4848  
[  5] 108.00-109.00 sec  6.95 MBytes  58.3 Mbits/sec  5036  
[  5] 109.00-110.00 sec  6.28 MBytes  52.6 Mbits/sec  4546  
[  5] 110.00-111.02 sec  5.89 MBytes  48.7 Mbits/sec  4268  
[  5] 111.02-112.00 sec  5.75 MBytes  48.9 Mbits/sec  4165  
[  5] 112.00-113.02 sec  5.55 MBytes  45.9 Mbits/sec  4020  
[  5] 113.02-114.00 sec  5.75 MBytes  48.8 Mbits/sec  4165  
[  5] 114.00-115.03 sec  5.84 MBytes  47.8 Mbits/sec  4230  
[  5] 115.03-116.06 sec  6.74 MBytes  54.7 Mbits/sec  4883  
[  5] 116.06-117.02 sec  5.32 MBytes  46.6 Mbits/sec  3854  
[  5] 117.02-118.01 sec  5.23 MBytes  44.6 Mbits/sec  3787  
[  5] 118.01-119.00 sec  5.54 MBytes  46.7 Mbits/sec  4009  
[  5] 119.00-120.00 sec  5.26 MBytes  44.1 Mbits/sec  3810  
[  5] 120.00-121.01 sec  4.78 MBytes  39.8 Mbits/sec  3461  
[  5] 121.01-122.00 sec  5.45 MBytes  46.0 Mbits/sec  3947  
[  5] 122.00-122.22 sec  1.73 MBytes  66.8 Mbits/sec  1253  
- - - - - - - - - - - - - - - - - - - - - - - - -
[ ID] Interval           Transfer     Bitrate         Jitter    Lost/Total Datagrams
[  5]   0.00-122.22 sec   820 MBytes  56.3 Mbits/sec  0.000 ms  0/593643 (0%)  sender
[  5]   0.00-122.22 sec  0.00 Bytes  0.00 bits/sec  0.000 ms  0/0 (0%)  receiver
