Connecting to host 192.168.31.25, port 5202
[  5] local 192.168.31.198 port 45741 connected to 192.168.31.25 port 5202
[ ID] Interval           Transfer     Bitrate         Total Datagrams
[  5]   0.00-1.02   sec  9.57 MBytes  78.6 Mbits/sec  6932  
[  5]   1.02-2.01   sec  9.47 MBytes  80.7 Mbits/sec  6858  
[  5]   2.01-3.28   sec  10.1 MBytes  66.2 Mbits/sec  7304  
[  5]   3.28-4.09   sec  9.86 MBytes   103 Mbits/sec  7142  
[  5]   4.09-5.00   sec  8.66 MBytes  79.5 Mbits/sec  6274  
[  5]   5.00-6.00   sec  9.48 MBytes  79.7 Mbits/sec  6864  
[  5]   6.00-7.00   sec  9.63 MBytes  80.7 Mbits/sec  6970  
[  5]   7.00-8.00   sec  9.54 MBytes  80.0 Mbits/sec  6907  
[  5]   8.00-9.00   sec  9.49 MBytes  79.5 Mbits/sec  6876  
[  5]   9.00-10.00  sec  9.51 MBytes  79.9 Mbits/sec  6888  
[  5]  10.00-11.00  sec  9.60 MBytes  80.6 Mbits/sec  6953  
[  5]  11.00-12.00  sec  9.54 MBytes  80.0 Mbits/sec  6906  
[  5]  12.00-13.00  sec  9.51 MBytes  79.7 Mbits/sec  6887  
[  5]  13.00-14.00  sec  9.56 MBytes  80.2 Mbits/sec  6925  
[  5]  14.00-15.00  sec  9.54 MBytes  80.1 Mbits/sec  6907  
[  5]  15.00-16.00  sec  9.54 MBytes  80.0 Mbits/sec  6906  
[  5]  16.00-17.00  sec  9.54 MBytes  80.0 Mbits/sec  6905  
[  5]  17.00-18.27  sec  12.1 MBytes  80.0 Mbits/sec  8766  
[  5]  18.27-19.00  sec  6.97 MBytes  80.0 Mbits/sec  5047  
[  5]  19.00-20.00  sec  9.51 MBytes  79.7 Mbits/sec  6889  
[  5]  20.00-21.00  sec  9.50 MBytes  79.8 Mbits/sec  6882  
[  5]  21.00-22.00  sec  9.59 MBytes  80.5 Mbits/sec  6944  
[  5]  22.00-23.00  sec  9.54 MBytes  80.1 Mbits/sec  6911  
[  5]  23.00-24.00  sec  9.53 MBytes  79.9 Mbits/sec  6902  
[  5]  24.00-25.00  sec  9.34 MBytes  78.4 Mbits/sec  6766  
[  5]  25.00-26.00  sec  9.35 MBytes  78.3 Mbits/sec  6770  
[  5]  26.00-27.00  sec  9.78 MBytes  82.2 Mbits/sec  7080  
[  5]  27.00-28.00  sec  9.55 MBytes  80.1 Mbits/sec  6914  
[  5]  28.00-29.00  sec  9.67 MBytes  81.1 Mbits/sec  7006  
[  5]  29.00-30.01  sec  9.58 MBytes  80.0 Mbits/sec  6937  
[  5]  30.01-31.01  sec  9.14 MBytes  76.5 Mbits/sec  6618  
[  5]  31.01-32.00  sec  8.52 MBytes  71.9 Mbits/sec  6170  
[  5]  32.00-33.00  sec  10.4 MBytes  87.3 Mbits/sec  7537  
[  5]  33.00-34.00  sec  9.68 MBytes  81.2 Mbits/sec  7010  
[  5]  34.00-35.03  sec  9.91 MBytes  80.5 Mbits/sec  7177  
[  5]  35.03-36.00  sec  8.60 MBytes  74.6 Mbits/sec  6231  
[  5]  36.00-37.00  sec  10.4 MBytes  87.0 Mbits/sec  7499  
[  5]  37.00-38.00  sec  9.52 MBytes  79.9 Mbits/sec  6894  
[  5]  38.00-39.01  sec  9.63 MBytes  80.3 Mbits/sec  6970  
[  5]  39.01-40.00  sec  9.56 MBytes  80.7 Mbits/sec  6922  
[  5]  40.00-41.00  sec  9.54 MBytes  79.9 Mbits/sec  6906  
[  5]  41.00-42.00  sec  9.40 MBytes  78.8 Mbits/sec  6808  
[  5]  42.00-43.00  sec  9.67 MBytes  81.2 Mbits/sec  7003  
[  5]  43.00-44.00  sec  9.48 MBytes  79.5 Mbits/sec  6866  
[  5]  44.00-45.00  sec  9.54 MBytes  80.1 Mbits/sec  6910  
[  5]  45.00-46.00  sec  9.26 MBytes  77.7 Mbits/sec  6708  
[  5]  46.00-47.00  sec  9.44 MBytes  78.9 Mbits/sec  6834  
[  5]  47.00-48.00  sec  9.02 MBytes  75.9 Mbits/sec  6532  
[  5]  48.00-49.00  sec  10.4 MBytes  87.6 Mbits/sec  7558  
[  5]  49.00-50.00  sec  9.53 MBytes  79.9 Mbits/sec  6900  
[  5]  50.00-51.02  sec  9.04 MBytes  74.6 Mbits/sec  6548  
[  5]  51.02-52.00  sec  9.95 MBytes  84.9 Mbits/sec  7209  
[  5]  52.00-53.04  sec  9.24 MBytes  74.9 Mbits/sec  6691  
[  5]  53.04-54.00  sec  9.76 MBytes  84.8 Mbits/sec  7067  
[  5]  54.00-55.00  sec  9.74 MBytes  81.8 Mbits/sec  7056  
[  5]  55.00-56.00  sec  9.53 MBytes  80.0 Mbits/sec  6904  
[  5]  56.00-57.00  sec  9.53 MBytes  79.9 Mbits/sec  6899  
[  5]  57.00-58.00  sec  9.18 MBytes  77.0 Mbits/sec  6649  
[  5]  58.00-59.00  sec  9.91 MBytes  83.1 Mbits/sec  7173  
[  5]  59.00-60.00  sec  9.54 MBytes  80.0 Mbits/sec  6908  
[  5]  60.00-61.00  sec  9.48 MBytes  79.2 Mbits/sec  6864  
[  5]  61.00-62.00  sec  9.49 MBytes  79.9 Mbits/sec  6872  
[  5]  62.00-63.00  sec  9.63 MBytes  80.8 Mbits/sec  6975  
[  5]  63.00-64.00  sec  9.43 MBytes  79.0 Mbits/sec  6831  
[  iperf3: interrupt - the client has terminated by signal Terminated(15)
5]  64.00-65.00  sec  9.63 MBytes  81.0 Mbits/sec  6974  
[  5]  65.00-66.00  sec  8.49 MBytes  71.2 Mbits/sec  6150  
[  5]  66.00-67.00  sec  10.6 MBytes  88.7 Mbits/sec  7668  
[  5]  67.00-68.02  sec  9.22 MBytes  76.1 Mbits/sec  6674  
[  5]  68.02-69.00  sec  5.50 MBytes  46.8 Mbits/sec  3981  
[  5]  69.00-70.00  sec  12.0 MBytes   100 Mbits/sec  8661  
[  5]  70.00-71.03  sec  10.8 MBytes  88.6 Mbits/sec  7824  
[  5]  71.03-72.00  sec  10.2 MBytes  87.9 Mbits/sec  7391  
[  5]  72.00-73.00  sec  9.54 MBytes  80.0 Mbits/sec  6907  
[  5]  73.00-74.02  sec  9.03 MBytes  74.4 Mbits/sec  6540  
[  5]  74.02-75.01  sec  10.1 MBytes  85.8 Mbits/sec  7325  
[  5]  75.01-76.15  sec  10.1 MBytes  74.7 Mbits/sec  7348  
[  5]  76.15-77.00  sec  8.86 MBytes  87.1 Mbits/sec  6417  
[  5]  77.00-78.08  sec  9.90 MBytes  77.2 Mbits/sec  7168  
[  5]  78.08-79.06  sec  9.13 MBytes  77.7 Mbits/sec  6612  
[  5]  79.06-80.00  sec  9.58 MBytes  85.6 Mbits/sec  6938  
[  5]  80.00-81.05  sec  9.08 MBytes  72.7 Mbits/sec  6576  
[  5]  81.05-82.01  sec  9.81 MBytes  85.6 Mbits/sec  7101  
[  5]  82.01-83.00  sec  8.97 MBytes  76.0 Mbits/sec  6495  
[  5]  83.00-84.01  sec  9.63 MBytes  80.4 Mbits/sec  6976  
[  5]  84.01-85.00  sec  9.18 MBytes  77.2 Mbits/sec  6650  
[  5]  85.00-86.02  sec  10.7 MBytes  87.6 Mbits/sec  7723  
[  5]  86.02-87.06  sec  9.32 MBytes  75.3 Mbits/sec  6753  
[  5]  87.06-88.00  sec  9.62 MBytes  86.1 Mbits/sec  6968  
[  5]  88.00-89.01  sec  9.33 MBytes  77.8 Mbits/sec  6759  
[  5]  89.01-90.03  sec  9.46 MBytes  77.7 Mbits/sec  6854  
[  5]  90.03-91.01  sec  9.82 MBytes  84.3 Mbits/sec  7109  
[  5]  91.01-92.00  sec  9.54 MBytes  80.4 Mbits/sec  6905  
[  5]  92.00-93.00  sec  9.52 MBytes  79.9 Mbits/sec  6894  
[  5]  93.00-94.00  sec  9.55 MBytes  80.1 Mbits/sec  6919  
[  5]  94.00-95.00  sec  9.53 MBytes  80.0 Mbits/sec  6901  
[  5]  95.00-96.00  sec  9.25 MBytes  77.5 Mbits/sec  6700  
[  5]  96.00-97.00  sec  9.82 MBytes  82.4 Mbits/sec  7111  
[  5]  97.00-98.03  sec  9.79 MBytes  80.0 Mbits/sec  7089  
[  5]  98.03-99.00  sec  9.29 MBytes  80.0 Mbits/sec  6730  
[  5]  99.00-100.00 sec  8.34 MBytes  70.0 Mbits/sec  6042  
[  5] 100.00-101.00 sec  9.38 MBytes  78.7 Mbits/sec  6792  
[  5] 101.00-102.00 sec  10.6 MBytes  89.3 Mbits/sec  7694  
[  5] 102.00-103.00 sec  9.80 MBytes  82.2 Mbits/sec  7093  
[  5] 103.00-104.00 sec  9.08 MBytes  76.1 Mbits/sec  6575  
[  5] 104.00-105.00 sec  9.99 MBytes  83.7 Mbits/sec  7235  
[  5] 105.00-106.00 sec  9.54 MBytes  80.0 Mbits/sec  6906  
[  5] 106.00-107.01 sec  9.57 MBytes  79.2 Mbits/sec  6929  
[  5] 107.01-108.00 sec  9.51 MBytes  80.9 Mbits/sec  6889  
[  5] 108.00-109.00 sec  9.53 MBytes  80.0 Mbits/sec  6900  
[  5] 109.00-110.00 sec  9.44 MBytes  79.2 Mbits/sec  6838  
[  5] 110.00-111.00 sec  9.63 MBytes  80.8 Mbits/sec  6976  
[  5] 111.00-112.01 sec  9.57 MBytes  79.9 Mbits/sec  6930  
[  5] 112.01-113.00 sec  9.51 MBytes  80.1 Mbits/sec  6888  
[  5] 113.00-114.00 sec  8.58 MBytes  72.0 Mbits/sec  6215  
[  5] 114.00-115.00 sec  10.5 MBytes  87.9 Mbits/sec  7590  
[  5] 115.00-116.00 sec  9.09 MBytes  76.2 Mbits/sec  6582  
[  5] 116.00-117.01 sec  9.29 MBytes  77.5 Mbits/sec  6726  
[  5] 117.01-118.00 sec  9.50 MBytes  80.1 Mbits/sec  6882  
[  5] 118.00-119.00 sec  9.12 MBytes  76.6 Mbits/sec  6605  
[  5] 119.00-120.00 sec  9.44 MBytes  79.1 Mbits/sec  6833  
[  5] 120.00-121.00 sec  10.8 MBytes  90.5 Mbits/sec  7803  
[  5] 121.00-122.02 sec  9.71 MBytes  80.1 Mbits/sec  7032  
[  5] 122.02-122.10 sec   800 KBytes  76.5 Mbits/sec  565  
- - - - - - - - - - - - - - - - - - - - - - - - -
[ ID] Interval           Transfer     Bitrate         Jitter    Lost/Total Datagrams
[  5]   0.00-122.10 sec  1.14 GBytes  80.0 Mbits/sec  0.000 ms  0/843228 (0%)  sender
[  5]   0.00-122.10 sec  0.00 Bytes  0.00 bits/sec  0.000 ms  0/0 (0%)  receiver
