Connecting to host 192.168.31.25, port 5202
[  5] local 192.168.31.198 port 58071 connected to 192.168.31.25 port 5202
[ ID] Interval           Transfer     Bitrate         Total Datagrams
[  5]   0.00-1.00   sec  9.12 MBytes  76.4 Mbits/sec  6605  
[  5]   1.00-2.00   sec  9.92 MBytes  83.3 Mbits/sec  7187  
[  5]   2.00-3.00   sec  9.59 MBytes  80.4 Mbits/sec  6942  
[  5]   3.00-4.01   sec  8.19 MBytes  68.2 Mbits/sec  5933  
[  5]   4.01-5.02   sec  7.64 MBytes  63.3 Mbits/sec  5536  
[  5]   5.02-6.01   sec  10.7 MBytes  90.5 Mbits/sec  7715  
[  5]   6.01-7.00   sec  10.4 MBytes  87.9 Mbits/sec  7525  
[  5]   7.00-8.00   sec  9.67 MBytes  81.4 Mbits/sec  7006  
[  5]   8.00-9.00   sec  9.33 MBytes  78.0 Mbits/sec  6758  
[  5]   9.00-10.00  sec  7.85 MBytes  65.9 Mbits/sec  5687  
[  5]  10.00-11.00  sec  7.07 MBytes  59.4 Mbits/sec  5118  
[  5]  11.00-12.01  sec  8.23 MBytes  68.6 Mbits/sec  5957  
[  5]  12.01-13.01  sec  7.61 MBytes  63.9 Mbits/sec  5514  
[  5]  13.01-14.00  sec  7.93 MBytes  66.8 Mbits/sec  5740  
[  5]  14.00-15.01  sec  7.66 MBytes  63.7 Mbits/sec  5549  
[  5]  15.01-16.02  sec  6.57 MBytes  54.9 Mbits/sec  4756  
[  5]  16.02-17.00  sec  6.39 MBytes  54.4 Mbits/sec  4624  
[  5]  17.00-18.00  sec  6.89 MBytes  57.7 Mbits/sec  4989  
[  5]  18.00-19.00  sec  6.33 MBytes  53.0 Mbits/sec  4582  
[  5]  19.00-20.01  sec  5.72 MBytes  47.4 Mbits/sec  4139  
[  5]  20.01-21.00  sec  5.31 MBytes  45.2 Mbits/sec  3848  
[  5]  21.00-22.01  sec  6.57 MBytes  54.9 Mbits/sec  4758  
[  5]  22.01-23.00  sec  4.52 MBytes  38.0 Mbits/sec  3271  
[  5]  23.00-24.00  sec  4.37 MBytes  36.6 Mbits/sec  3165  
[  5]  24.00-25.01  sec  4.53 MBytes  37.8 Mbits/sec  3279  
[  5]  25.01-26.00  sec  6.41 MBytes  54.0 Mbits/sec  4641  
[  5]  26.00-27.00  sec  4.73 MBytes  39.6 Mbits/sec  3424  
[  5]  27.00-28.00  sec  5.07 MBytes  42.6 Mbits/sec  3671  
[  5]  28.00-29.02  sec  4.68 MBytes  38.6 Mbits/sec  3388  
[  5]  29.02-30.00  sec  4.73 MBytes  40.4 Mbits/sec  3425  
[  5]  30.00-31.00  sec  3.87 MBytes  32.4 Mbits/sec  2800  
[  5]  31.00-32.00  sec  4.39 MBytes  36.8 Mbits/sec  3176  
[  5]  32.00-33.00  sec  3.83 MBytes  32.1 Mbits/sec  2772  
[  5]  33.00-34.05  sec  14.9 MBytes   118 Mbits/sec  10773  
[  5]  34.05-35.07  sec  20.1 MBytes   165 Mbits/sec  14566  
[  5]  35.07-36.00  sec  21.0 MBytes   190 Mbits/sec  15187  
[  5]  36.00-37.00  sec  13.3 MBytes   112 Mbits/sec  9660  
[  5]  37.00-38.04  sec  8.15 MBytes  65.7 Mbits/sec  5904  
[  5]  38.04-39.06  sec  7.15 MBytes  58.9 Mbits/sec  5176  
[  5]  39.06-40.00  sec  6.52 MBytes  58.1 Mbits/sec  4721  
[  5]  40.00-41.01  sec  7.49 MBytes  62.6 Mbits/sec  5424  
[  5]  41.01-42.01  sec  6.80 MBytes  57.1 Mbits/sec  4927  
[  5]  42.01-43.00  sec  8.32 MBytes  70.1 Mbits/sec  6024  
[  5]  43.00-44.02  sec  7.57 MBytes  62.2 Mbits/sec  5484  
[  5]  44.02-45.04  sec  6.85 MBytes  56.7 Mbits/sec  4963  
[  5]  45.04-46.00  sec  6.71 MBytes  58.2 Mbits/sec  4859  
[  5]  46.00-47.00  sec  6.40 MBytes  53.8 Mbits/sec  4634  
[  5]  47.00-48.04  sec  5.87 MBytes  47.2 Mbits/sec  4252  
[  5]  48.04-49.57  sec  8.39 MBytes  46.1 Mbits/sec  6077  
[  5]  49.57-50.03  sec  2.24 MBytes  41.3 Mbits/sec  1625  
[  5]  50.03-51.00  sec  5.24 MBytes  45.1 Mbits/sec  3793  
[  5]  51.00-52.01  sec  5.59 MBytes  46.5 Mbits/sec  4050  
[  5]  52.01-53.00  sec  6.53 MBytes  55.1 Mbits/sec  4727  
[  5]  53.00-54.00  sec  6.72 MBytes  56.5 Mbits/sec  4863  
[  5]  54.00-55.00  sec  5.82 MBytes  48.8 Mbits/sec  4215  
[  5]  55.00-56.00  sec  5.02 MBytes  42.1 Mbits/sec  3636  
[  5]  56.00-57.01  sec  5.44 MBytes  45.1 Mbits/sec  3941  
[  5]  57.01-58.00  sec  5.88 MBytes  49.9 Mbits/sec  4260  
[  5]  58.00-59.03  sec  4.81 MBytes  39.1 Mbits/sec  3480  
[  5]  59.03-60.01  sec  4.01 MBytes  34.4 Mbits/sec  2904  
[  5]  60.01-61.00  sec  4.01 MBytes  33.9 Mbits/sec  2906  
[  5]  61.00-62.00  sec  5.11 MBytes  42.8 Mbits/sec  3704  
[  5]  62.00-63.00  sec  5.56 MBytes  46.7 Mbits/sec  4027  
[  5]  63.00-64.67  sec  9.16 MBytes  46.1 Mbits/sec  6630  
iperf3: interrupt - the client has terminated by signal Terminated(15)
[  5]  64.67-65.00  sec  1.73 MBytes  43.3 Mbits/sec  1252  
[  5]  65.00-66.00  sec  5.86 MBytes  49.1 Mbits/sec  4243  
[  5]  66.00-67.00  sec  5.41 MBytes  45.4 Mbits/sec  3921  
[  5]  67.00-68.00  sec  5.41 MBytes  45.3 Mbits/sec  3916  
[  5]  68.00-69.02  sec  5.54 MBytes  45.9 Mbits/sec  4014  
[  5]  69.02-70.00  sec  5.03 MBytes  42.8 Mbits/sec  3642  
[  5]  70.00-71.01  sec  4.34 MBytes  36.2 Mbits/sec  3146  
[  5]  71.01-72.00  sec  5.85 MBytes  49.3 Mbits/sec  4235  
[  5]  72.00-73.00  sec  4.47 MBytes  37.6 Mbits/sec  3240  
[  5]  73.00-74.01  sec  4.42 MBytes  36.9 Mbits/sec  3200  
[  5]  74.01-75.00  sec  4.52 MBytes  38.0 Mbits/sec  3270  
[  5]  75.00-76.00  sec  4.46 MBytes  37.6 Mbits/sec  3233  
[  5]  76.00-77.00  sec  4.32 MBytes  36.3 Mbits/sec  3130  
[  5]  77.00-78.01  sec  4.59 MBytes  38.0 Mbits/sec  3324  
[  5]  78.01-79.00  sec  4.71 MBytes  40.1 Mbits/sec  3412  
[  5]  79.00-80.00  sec  4.66 MBytes  39.1 Mbits/sec  3377  
[  5]  80.00-81.00  sec  4.40 MBytes  37.0 Mbits/sec  3187  
[  5]  81.00-82.00  sec  4.91 MBytes  41.1 Mbits/sec  3556  
[  5]  82.00-83.03  sec  4.45 MBytes  36.5 Mbits/sec  3219  
[  5]  83.03-84.00  sec  4.41 MBytes  37.9 Mbits/sec  3193  
[  5]  84.00-85.00  sec  4.29 MBytes  36.1 Mbits/sec  3110  
[  5]  85.00-86.00  sec  4.26 MBytes  35.7 Mbits/sec  3087  
[  5]  86.00-87.00  sec  4.50 MBytes  37.8 Mbits/sec  3260  
[  5]  87.00-88.00  sec  4.62 MBytes  38.7 Mbits/sec  3348  
[  5]  88.00-89.01  sec  3.41 MBytes  28.5 Mbits/sec  2472  
[  5]  89.01-90.00  sec  4.41 MBytes  37.3 Mbits/sec  3195  
[  5]  90.00-91.03  sec  4.84 MBytes  39.4 Mbits/sec  3508  
[  5]  91.03-92.03  sec  3.33 MBytes  28.2 Mbits/sec  2413  
[  5]  92.03-93.00  sec  3.45 MBytes  29.7 Mbits/sec  2500  
[  5]  93.00-94.02  sec  3.09 MBytes  25.3 Mbits/sec  2235  
[  5]  94.02-95.00  sec  3.38 MBytes  29.1 Mbits/sec  2450  
[  5]  95.00-96.00  sec  3.85 MBytes  32.2 Mbits/sec  2786  
[  5]  96.00-97.00  sec  5.35 MBytes  45.0 Mbits/sec  3877  
[  5]  97.00-98.00  sec  4.87 MBytes  40.8 Mbits/sec  3527  
[  5]  98.00-99.01  sec  4.76 MBytes  39.6 Mbits/sec  3444  
[  5]  99.01-100.00 sec  6.85 MBytes  58.0 Mbits/sec  4960  
[  5] 100.00-101.00 sec  5.38 MBytes  45.1 Mbits/sec  3898  
[  5] 101.00-102.00 sec  5.59 MBytes  46.9 Mbits/sec  4050  
[  5] 102.00-103.00 sec  5.72 MBytes  47.8 Mbits/sec  4145  
[  5] 103.00-104.00 sec  5.43 MBytes  45.7 Mbits/sec  3934  
[  5] 104.00-105.00 sec  5.22 MBytes  43.8 Mbits/sec  3783  
[  5] 105.00-106.00 sec  6.04 MBytes  50.6 Mbits/sec  4374  
[  5] 106.00-107.02 sec  5.67 MBytes  46.9 Mbits/sec  4105  
[  5] 107.02-108.00 sec  6.19 MBytes  52.8 Mbits/sec  4485  
[  5] 108.00-109.00 sec  8.01 MBytes  67.1 Mbits/sec  5798  
[  5] 109.00-110.00 sec  6.24 MBytes  52.4 Mbits/sec  4519  
[  5] 110.00-111.00 sec  5.55 MBytes  46.6 Mbits/sec  4018  
[  5] 111.00-112.01 sec  5.30 MBytes  44.2 Mbits/sec  3839  
[  5] 112.01-113.02 sec  5.89 MBytes  48.9 Mbits/sec  4267  
[  5] 113.02-114.00 sec  7.43 MBytes  63.3 Mbits/sec  5379  
[  5] 114.00-115.01 sec  6.08 MBytes  50.8 Mbits/sec  4403  
[  5] 115.01-116.00 sec  5.45 MBytes  46.0 Mbits/sec  3950  
[  5] 116.00-117.17 sec  6.58 MBytes  47.3 Mbits/sec  4762  
[  5] 117.17-118.00 sec  5.78 MBytes  58.2 Mbits/sec  4184  
[  5] 118.00-119.00 sec  5.99 MBytes  50.0 Mbits/sec  4339  
[  5] 119.00-120.00 sec  6.18 MBytes  52.0 Mbits/sec  4473  
[  5] 120.00-121.01 sec  5.48 MBytes  45.7 Mbits/sec  3965  
[  5] 121.01-122.00 sec  5.84 MBytes  49.2 Mbits/sec  4228  
[  5] 122.00-122.17 sec  1.49 MBytes  76.2 Mbits/sec  1078  
- - - - - - - - - - - - - - - - - - - - - - - - -
[ ID] Interval           Transfer     Bitrate         Jitter    Lost/Total Datagrams
[  5]   0.00-122.17 sec   758 MBytes  52.0 Mbits/sec  0.000 ms  0/548730 (0%)  sender
[  5]   0.00-122.17 sec  0.00 Bytes  0.00 bits/sec  0.000 ms  0/0 (0%)  receiver
