Connecting to host 192.168.31.25, port 5202
[  5] local 192.168.31.198 port 47920 connected to 192.168.31.25 port 5202
[ ID] Interval           Transfer     Bitrate         Total Datagrams
[  5]   0.00-1.01   sec  6.00 MBytes  50.0 Mbits/sec  4348  
[  5]   1.01-2.01   sec  5.96 MBytes  50.0 Mbits/sec  4315  
[  5]   2.01-3.00   sec  5.88 MBytes  49.6 Mbits/sec  4258  
[  5]   3.00-4.00   sec  6.00 MBytes  50.4 Mbits/sec  4344  
[  5]   4.00-5.02   sec  6.07 MBytes  50.0 Mbits/sec  4392  
[  5]   5.02-6.00   sec  5.86 MBytes  50.0 Mbits/sec  4242  
[  5]   6.00-7.00   sec  5.96 MBytes  50.0 Mbits/sec  4317  
[  5]   7.00-8.00   sec  5.96 MBytes  50.0 Mbits/sec  4315  
[  5]   8.00-9.00   sec  5.95 MBytes  49.9 Mbits/sec  4313  
[  5]   9.00-10.00  sec  5.97 MBytes  50.1 Mbits/sec  4320  
[  5]  10.00-11.00  sec  5.96 MBytes  50.0 Mbits/sec  4316  
[  5]  11.00-12.00  sec  5.96 MBytes  50.0 Mbits/sec  4316  
[  5]  12.00-13.00  sec  5.96 MBytes  50.0 Mbits/sec  4317  
[  5]  13.00-14.01  sec  5.96 MBytes  49.4 Mbits/sec  4316  
[  5]  14.01-15.00  sec  5.96 MBytes  50.6 Mbits/sec  4313  
[  5]  15.00-16.00  sec  5.97 MBytes  50.1 Mbits/sec  4325  
[  5]  16.00-17.00  sec  5.96 MBytes  50.0 Mbits/sec  4315  
[  5]  17.00-18.00  sec  5.94 MBytes  49.7 Mbits/sec  4305  
[  5]  18.00-19.00  sec  5.97 MBytes  50.3 Mbits/sec  4325  
[  5]  19.00-20.01  sec  5.95 MBytes  49.7 Mbits/sec  4307  
[  5]  20.01-21.00  sec  5.97 MBytes  50.4 Mbits/sec  4324  
[  5]  21.00-22.00  sec  5.96 MBytes  50.0 Mbits/sec  4318  
[  5]  22.00-23.00  sec  5.96 MBytes  50.0 Mbits/sec  4315  
[  5]  23.00-24.00  sec  5.96 MBytes  50.0 Mbits/sec  4317  
[  5]  24.00-25.00  sec  5.96 MBytes  50.0 Mbits/sec  4315  
[  5]  25.00-26.00  sec  5.96 MBytes  50.0 Mbits/sec  4319  
[  5]  26.00-27.00  sec  5.95 MBytes  49.9 Mbits/sec  4308  
[  5]  27.00-28.00  sec  5.97 MBytes  50.1 Mbits/sec  4322  
[  5]  28.00-29.00  sec  5.96 MBytes  50.0 Mbits/sec  4318  
[  5]  29.00-30.00  sec  5.96 MBytes  50.0 Mbits/sec  4319  
[  5]  30.00-31.00  sec  5.96 MBytes  50.0 Mbits/sec  4318  
[  5]  31.00-32.03  sec  6.15 MBytes  50.0 Mbits/sec  4450  
[  5]  32.03-33.02  sec  5.69 MBytes  48.5 Mbits/sec  4118  
[  5]  33.02-34.00  sec  5.05 MBytes  43.0 Mbits/sec  3660  
[  5]  34.00-35.00  sec  6.95 MBytes  58.4 Mbits/sec  5032  
[  5]  35.00-36.00  sec  5.96 MBytes  50.0 Mbits/sec  4315  
[  5]  36.00-37.00  sec  5.61 MBytes  47.0 Mbits/sec  4065  
[  5]  37.00-38.00  sec  6.31 MBytes  53.0 Mbits/sec  4566  
[  5]  38.00-39.00  sec  5.96 MBytes  50.0 Mbits/sec  4318  
[  5]  39.00-40.00  sec  5.94 MBytes  49.7 Mbits/sec  4305  
[  5]  40.00-41.00  sec  5.98 MBytes  50.3 Mbits/sec  4328  
[  5]  41.00-42.00  sec  5.96 MBytes  49.8 Mbits/sec  4316  
[  5]  42.00-43.00  sec  5.96 MBytes  50.2 Mbits/sec  4316  
[  5]  43.00-44.00  sec  5.96 MBytes  50.0 Mbits/sec  4317  
[  5]  44.00-45.00  sec  5.93 MBytes  49.7 Mbits/sec  4293  
[  5]  45.00-46.00  sec  5.99 MBytes  50.3 Mbits/sec  4340  
[  5]  46.00-47.00  sec  5.96 MBytes  50.0 Mbits/sec  4316  
[  5]  47.00-48.00  sec  5.96 MBytes  50.0 Mbits/sec  4318  
[  5]  48.00-49.02  sec  5.91 MBytes  48.8 Mbits/sec  4280  
[  5]  49.02-50.00  sec  6.01 MBytes  51.2 Mbits/sec  4352  
[  5]  50.00-51.01  sec  6.00 MBytes  50.0 Mbits/sec  4344  
[  5]  51.01-52.02  sec  6.07 MBytes  50.0 Mbits/sec  4392  
[  5]  52.02-53.00  sec  5.83 MBytes  49.9 Mbits/sec  4223  
[  5]  53.00-54.00  sec  5.95 MBytes  50.1 Mbits/sec  4307  
[  5]  54.00-55.00  sec  5.96 MBytes  50.0 Mbits/sec  4315  
[  5]  55.00-56.00  sec  5.96 MBytes  50.0 Mbits/sec  4318  
[  5]  56.00-57.00  sec  5.96 MBytes  50.0 Mbits/sec  4314  
[  5]  57.00-58.00  sec  5.97 MBytes  50.0 Mbits/sec  4321  
[  5]  58.00-59.00  sec  5.95 MBytes  50.0 Mbits/sec  4311  
[  5]  59.00-60.02  sec  5.92 MBytes  48.8 Mbits/sec  4287  
[  5]  60.02-61.00  sec  6.00 MBytes  51.3 Mbits/sec  4346  
[  5]  61.00-62.01  sec  5.94 MBytes  49.4 Mbits/sec  4303  
[  5]  62.01-63.00  sec  5.98 MBytes  50.6 Mbits/sec  4331  
[  5]  63.00-64.01  sec  5.98 MBytes  49.7 Mbits/sec  4330  
[  iperf3: interrupt - the client has terminated by signal Terminated(15)
5]  64.01-65.00  sec  5.94 MBytes  50.3 Mbits/sec  4301  
[  5]  65.00-66.00  sec  5.96 MBytes  50.0 Mbits/sec  4317  
[  5]  66.00-67.01  sec  5.99 MBytes  50.0 Mbits/sec  4337  
[  5]  67.01-68.00  sec  5.93 MBytes  50.0 Mbits/sec  4297  
[  5]  68.00-69.01  sec  5.99 MBytes  50.0 Mbits/sec  4341  
[  5]  69.01-70.00  sec  5.92 MBytes  50.0 Mbits/sec  4289  
[  5]  70.00-71.01  sec  3.11 MBytes  25.8 Mbits/sec  2252  
[  5]  71.01-72.00  sec  8.76 MBytes  74.0 Mbits/sec  6346  
[  5]  72.00-73.00  sec  6.02 MBytes  50.6 Mbits/sec  4357  
[  5]  73.00-74.00  sec  5.95 MBytes  50.0 Mbits/sec  4310  
[  5]  74.00-75.00  sec  5.93 MBytes  49.8 Mbits/sec  4296  
[  5]  75.00-76.00  sec  5.99 MBytes  50.2 Mbits/sec  4338  
[  5]  76.00-77.00  sec  5.96 MBytes  50.0 Mbits/sec  4317  
[  5]  77.00-78.00  sec  5.95 MBytes  49.9 Mbits/sec  4310  
[  5]  78.00-79.00  sec  5.97 MBytes  50.1 Mbits/sec  4322  
[  5]  79.00-80.00  sec  5.96 MBytes  50.0 Mbits/sec  4316  
[  5]  80.00-81.00  sec  5.96 MBytes  50.0 Mbits/sec  4316  
[  5]  81.00-82.00  sec  5.96 MBytes  50.0 Mbits/sec  4317  
[  5]  82.00-83.01  sec  5.97 MBytes  49.5 Mbits/sec  4320  
[  5]  83.01-84.01  sec  5.94 MBytes  50.2 Mbits/sec  4301  
[  5]  84.01-85.00  sec  5.98 MBytes  50.4 Mbits/sec  4328  
[  5]  85.00-86.00  sec  5.98 MBytes  50.0 Mbits/sec  4329  
[  5]  86.00-87.00  sec  4.27 MBytes  35.9 Mbits/sec  3093  
[  5]  87.00-88.03  sec  7.78 MBytes  63.7 Mbits/sec  5636  
[  5]  88.03-89.00  sec  5.82 MBytes  49.9 Mbits/sec  4213  
[  5]  89.00-90.00  sec  5.96 MBytes  50.1 Mbits/sec  4313  
[  5]  90.00-91.00  sec  5.94 MBytes  49.6 Mbits/sec  4300  
[  5]  91.00-92.00  sec  5.99 MBytes  50.4 Mbits/sec  4339  
[  5]  92.00-93.02  sec  6.04 MBytes  49.6 Mbits/sec  4378  
[  5]  93.02-94.00  sec  3.86 MBytes  33.1 Mbits/sec  2796  
[  5]  94.00-95.00  sec  7.97 MBytes  67.0 Mbits/sec  5772  
[  5]  95.00-96.00  sec  5.96 MBytes  49.8 Mbits/sec  4314  
[  5]  96.00-97.00  sec  5.95 MBytes  50.2 Mbits/sec  4312  
[  5]  97.00-98.00  sec  5.97 MBytes  49.9 Mbits/sec  4325  
[  5]  98.00-99.00  sec  5.95 MBytes  50.1 Mbits/sec  4308  
[  5]  99.00-100.00 sec  5.96 MBytes  50.0 Mbits/sec  4316  
[  5] 100.00-101.00 sec  5.96 MBytes  50.0 Mbits/sec  4315  
[  5] 101.00-102.00 sec  5.96 MBytes  50.0 Mbits/sec  4317  
[  5] 102.00-103.02 sec  5.96 MBytes  49.2 Mbits/sec  4316  
[  5] 103.02-104.00 sec  5.97 MBytes  50.8 Mbits/sec  4319  
[  5] 104.00-105.01 sec  5.96 MBytes  49.5 Mbits/sec  4313  
[  5] 105.01-106.00 sec  5.96 MBytes  50.4 Mbits/sec  4319  
[  5] 106.00-107.00 sec  5.97 MBytes  50.0 Mbits/sec  4321  
[  5] 107.00-108.00 sec  5.95 MBytes  50.0 Mbits/sec  4311  
[  5] 108.00-109.02 sec  5.94 MBytes  48.9 Mbits/sec  4301  
[  5] 109.02-110.00 sec  5.98 MBytes  51.1 Mbits/sec  4330  
[  5] 110.00-111.00 sec  5.96 MBytes  50.0 Mbits/sec  4317  
[  5] 111.00-112.00 sec  5.96 MBytes  50.0 Mbits/sec  4318  
[  5] 112.00-113.00 sec  5.92 MBytes  49.5 Mbits/sec  4289  
[  5] 113.00-114.01 sec  6.06 MBytes  50.4 Mbits/sec  4386  
[  5] 114.01-115.04 sec  6.13 MBytes  49.9 Mbits/sec  4440  
[  5] 115.04-116.00 sec  5.73 MBytes  50.1 Mbits/sec  4148  
[  5] 116.00-117.00 sec  5.96 MBytes  50.0 Mbits/sec  4316  
[  5] 117.00-118.02 sec  5.91 MBytes  48.8 Mbits/sec  4279  
[  5] 118.02-119.02 sec  5.64 MBytes  46.9 Mbits/sec  4082  
[  5] 119.02-120.04 sec  6.60 MBytes  54.2 Mbits/sec  4778  
[  5] 120.04-121.00 sec  5.71 MBytes  50.0 Mbits/sec  4131  
[  5] 121.00-122.00 sec  5.96 MBytes  50.0 Mbits/sec  4314  
[  5] 122.00-122.20 sec  1.22 MBytes  49.9 Mbits/sec  880  
- - - - - - - - - - - - - - - - - - - - - - - - -
[ ID] Interval           Transfer     Bitrate         Jitter    Lost/Total Datagrams
[  5]   0.00-122.20 sec   728 MBytes  50.0 Mbits/sec  0.000 ms  0/527471 (0%)  sender
[  5]   0.00-122.20 sec  0.00 Bytes  0.00 bits/sec  0.000 ms  0/0 (0%)  receiver
