Connecting to host 192.168.31.25, port 5202
[  5] local 192.168.31.198 port 50117 connected to 192.168.31.25 port 5202
[ ID] Interval           Transfer     Bitrate         Total Datagrams
[  5]   0.00-1.01   sec  9.54 MBytes  79.5 Mbits/sec  6913  
[  5]   1.01-2.03   sec  9.36 MBytes  77.1 Mbits/sec  6781  
[  5]   2.03-3.03   sec  9.71 MBytes  81.4 Mbits/sec  7034  
[  5]   3.03-4.02   sec  8.82 MBytes  74.4 Mbits/sec  6390  
[  5]   4.02-5.00   sec  10.2 MBytes  87.7 Mbits/sec  7413  
[  5]   5.00-6.04   sec  9.52 MBytes  77.0 Mbits/sec  6894  
[  5]   6.04-7.00   sec  9.53 MBytes  83.0 Mbits/sec  6901  
[  5]   7.00-8.02   sec  9.31 MBytes  76.8 Mbits/sec  6745  
[  5]   8.02-9.00   sec  9.44 MBytes  80.5 Mbits/sec  6834  
[  5]   9.00-10.28  sec  12.5 MBytes  82.4 Mbits/sec  9071  
[  5]  10.28-11.00  sec  6.70 MBytes  77.6 Mbits/sec  4852  
[  5]  11.00-12.00  sec  9.77 MBytes  81.7 Mbits/sec  7074  
[  5]  12.00-13.00  sec  9.26 MBytes  78.0 Mbits/sec  6708  
[  5]  13.00-14.00  sec  9.78 MBytes  82.0 Mbits/sec  7078  
[  5]  14.00-15.03  sec  9.44 MBytes  77.1 Mbits/sec  6837  
[  5]  15.03-16.00  sec  9.35 MBytes  80.7 Mbits/sec  6773  
[  5]  16.00-17.06  sec  9.52 MBytes  75.5 Mbits/sec  6896  
[  5]  17.06-18.03  sec  9.93 MBytes  86.1 Mbits/sec  7190  
[  5]  18.03-19.00  sec  9.19 MBytes  78.8 Mbits/sec  6657  
[  5]  19.00-20.00  sec  9.78 MBytes  82.4 Mbits/sec  7083  
[  5]  20.00-21.04  sec  9.60 MBytes  77.2 Mbits/sec  6954  
[  5]  21.04-22.00  sec  9.44 MBytes  82.9 Mbits/sec  6837  
[  5]  22.00-23.00  sec  9.54 MBytes  79.9 Mbits/sec  6907  
[  5]  23.00-24.01  sec  9.65 MBytes  80.3 Mbits/sec  6984  
[  5]  24.01-25.00  sec  9.44 MBytes  79.8 Mbits/sec  6834  
[  5]  25.00-26.00  sec  9.56 MBytes  80.2 Mbits/sec  6919  
[  5]  26.00-27.00  sec  9.54 MBytes  80.0 Mbits/sec  6906  
[  5]  27.00-28.00  sec  9.54 MBytes  80.0 Mbits/sec  6909  
[  5]  28.00-29.01  sec  9.58 MBytes  80.0 Mbits/sec  6940  
[  5]  29.01-30.00  sec  9.50 MBytes  80.0 Mbits/sec  6881  
[  5]  30.00-31.00  sec  9.39 MBytes  79.0 Mbits/sec  6802  
[  5]  31.00-32.00  sec  9.69 MBytes  81.1 Mbits/sec  7014  
[  5]  32.00-33.00  sec  8.15 MBytes  68.4 Mbits/sec  5901  
[  5]  33.00-34.00  sec  10.8 MBytes  90.2 Mbits/sec  7785  
[  5]  34.00-35.00  sec  9.69 MBytes  81.4 Mbits/sec  7018  
[  5]  35.00-36.00  sec  9.53 MBytes  80.0 Mbits/sec  6903  
[  5]  36.00-37.01  sec  9.50 MBytes  79.1 Mbits/sec  6880  
[  5]  37.01-38.00  sec  9.58 MBytes  81.0 Mbits/sec  6937  
[  5]  38.00-39.00  sec  9.57 MBytes  80.0 Mbits/sec  6932  
[  5]  39.00-40.00  sec  9.50 MBytes  80.0 Mbits/sec  6878  
[  5]  40.00-41.00  sec  9.52 MBytes  79.8 Mbits/sec  6894  
[  5]  41.00-42.00  sec  9.55 MBytes  80.2 Mbits/sec  6917  
[  5]  42.00-43.00  sec  9.16 MBytes  76.8 Mbits/sec  6634  
[  5]  43.00-44.01  sec  9.65 MBytes  80.5 Mbits/sec  6988  
[  5]  44.01-45.00  sec  9.82 MBytes  82.7 Mbits/sec  7110  
[  5]  45.00-46.00  sec  9.52 MBytes  80.0 Mbits/sec  6893  
[  5]  46.00-47.00  sec  9.53 MBytes  79.9 Mbits/sec  6901  
[  5]  47.00-48.00  sec  9.33 MBytes  78.2 Mbits/sec  6753  
[  5]  48.00-49.00  sec  9.71 MBytes  81.5 Mbits/sec  7033  
[  5]  49.00-50.00  sec  9.39 MBytes  78.7 Mbits/sec  6796  
[  5]  50.00-51.00  sec  8.68 MBytes  72.7 Mbits/sec  6288  
[  5]  51.00-52.00  sec  9.71 MBytes  81.7 Mbits/sec  7030  
[  5]  52.00-53.02  sec  10.4 MBytes  85.4 Mbits/sec  7542  
[  5]  53.02-54.01  sec  8.61 MBytes  73.5 Mbits/sec  6238  
[  5]  54.01-55.00  sec  9.04 MBytes  76.3 Mbits/sec  6549  
[  5]  55.00-56.00  sec  8.15 MBytes  68.2 Mbits/sec  5904  
[  5]  56.00-57.00  sec  12.3 MBytes   104 Mbits/sec  8940  
[  5]  57.00-58.20  sec  10.6 MBytes  74.5 Mbits/sec  7672  
[  5]  58.20-59.00  sec  8.22 MBytes  85.6 Mbits/sec  5951  
[  5]  59.00-60.00  sec  8.27 MBytes  69.4 Mbits/sec  5990  
[  5]  60.00-61.00  sec  6.08 MBytes  50.9 Mbits/sec  4403  
[  5]  61.00-62.00  sec  6.97 MBytes  58.5 Mbits/sec  5044  
[  5]  62.00-63.00  sec  7.13 MBytes  59.9 Mbits/sec  5166  
[  5]  63.00-64.00  sec  12.3 MBytes   103 Mbits/sec  8902  
[  iperf3: interrupt - the client has terminated by signal Terminated(15)
5]  64.00-65.00  sec  8.88 MBytes  74.5 Mbits/sec  6429  
[  5]  65.00-66.00  sec  8.26 MBytes  69.1 Mbits/sec  5983  
[  5]  66.00-67.01  sec  8.80 MBytes  73.3 Mbits/sec  6370  
[  5]  67.01-68.00  sec  8.95 MBytes  75.9 Mbits/sec  6484  
[  5]  68.00-69.00  sec  8.79 MBytes  73.6 Mbits/sec  6367  
[  5]  69.00-70.00  sec  8.47 MBytes  71.2 Mbits/sec  6133  
[  5]  70.00-71.00  sec  9.19 MBytes  77.0 Mbits/sec  6657  
[  5]  71.00-73.08  sec  20.6 MBytes  83.3 Mbits/sec  14928  
[  5]  73.08-74.03  sec  12.4 MBytes   109 Mbits/sec  8989  
[  5]  74.03-75.00  sec  11.1 MBytes  95.2 Mbits/sec  8008  
[  5]  75.00-76.00  sec  8.76 MBytes  73.8 Mbits/sec  6347  
[  5]  76.00-77.00  sec  8.52 MBytes  71.2 Mbits/sec  6170  
[  5]  77.00-78.00  sec  8.40 MBytes  70.7 Mbits/sec  6083  
[  5]  78.00-79.00  sec  10.2 MBytes  85.2 Mbits/sec  7372  
[  5]  79.00-80.02  sec  10.0 MBytes  82.4 Mbits/sec  7246  
[  5]  80.02-81.00  sec  11.2 MBytes  95.9 Mbits/sec  8117  
[  5]  81.00-82.03  sec  11.0 MBytes  90.5 Mbits/sec  7998  
[  5]  82.03-83.00  sec  14.8 MBytes   128 Mbits/sec  10741  
[  5]  83.00-84.00  sec  9.41 MBytes  78.8 Mbits/sec  6812  
[  5]  84.00-85.00  sec  9.68 MBytes  81.3 Mbits/sec  7007  
[  5]  85.00-86.00  sec  9.55 MBytes  80.0 Mbits/sec  6915  
[  5]  86.00-87.00  sec  9.53 MBytes  80.0 Mbits/sec  6904  
[  5]  87.00-88.00  sec  9.42 MBytes  78.9 Mbits/sec  6822  
[  5]  88.00-89.00  sec  9.24 MBytes  77.6 Mbits/sec  6689  
[  5]  89.00-90.00  sec  9.89 MBytes  82.9 Mbits/sec  7163  
[  5]  90.00-91.00  sec  8.78 MBytes  73.7 Mbits/sec  6360  
[  5]  91.00-92.00  sec  10.3 MBytes  86.9 Mbits/sec  7485  
[  5]  92.00-93.00  sec  9.54 MBytes  80.0 Mbits/sec  6906  
[  5]  93.00-94.00  sec  9.51 MBytes  79.7 Mbits/sec  6885  
[  5]  94.00-95.00  sec  9.33 MBytes  78.3 Mbits/sec  6759  
[  5]  95.00-96.00  sec  9.77 MBytes  82.0 Mbits/sec  7073  
[  5]  96.00-97.00  sec  9.18 MBytes  76.9 Mbits/sec  6649  
[  5]  97.00-98.01  sec  9.88 MBytes  82.0 Mbits/sec  7157  
[  5]  98.01-99.00  sec  9.29 MBytes  78.9 Mbits/sec  6727  
[  5]  99.00-100.00 sec  9.61 MBytes  80.4 Mbits/sec  6960  
[  5] 100.00-101.06 sec  9.21 MBytes  73.2 Mbits/sec  6669  
[  5] 101.06-102.00 sec  9.10 MBytes  81.1 Mbits/sec  6592  
[  5] 102.00-103.00 sec  8.95 MBytes  74.8 Mbits/sec  6478  
[  5] 103.00-104.02 sec  9.60 MBytes  79.5 Mbits/sec  6950  
[  5] 104.02-105.00 sec  9.54 MBytes  81.3 Mbits/sec  6910  
[  5] 105.00-106.00 sec  10.8 MBytes  90.4 Mbits/sec  7823  
[  5] 106.00-107.00 sec  8.87 MBytes  74.6 Mbits/sec  6423  
[  5] 107.00-108.00 sec  10.3 MBytes  86.4 Mbits/sec  7469  
[  5] 108.00-109.00 sec  8.59 MBytes  72.2 Mbits/sec  6221  
[  5] 109.00-110.02 sec  10.1 MBytes  83.5 Mbits/sec  7315  
[  5] 110.02-111.02 sec  9.95 MBytes  83.5 Mbits/sec  7204  
[  5] 111.02-112.00 sec  9.37 MBytes  79.6 Mbits/sec  6782  
[  5] 112.00-113.00 sec  9.75 MBytes  81.8 Mbits/sec  7061  
[  5] 113.00-114.00 sec  9.19 MBytes  77.1 Mbits/sec  6653  
[  5] 114.00-115.00 sec  9.15 MBytes  76.7 Mbits/sec  6626  
[  5] 115.00-116.11 sec  10.4 MBytes  78.4 Mbits/sec  7521  
[  5] 116.11-117.00 sec  9.32 MBytes  88.0 Mbits/sec  6753  
[  5] 117.00-118.00 sec  9.61 MBytes  80.5 Mbits/sec  6957  
[  5] 118.00-119.00 sec  9.11 MBytes  76.4 Mbits/sec  6597  
[  5] 119.00-120.00 sec  9.41 MBytes  79.0 Mbits/sec  6814  
[  5] 120.00-121.00 sec  10.1 MBytes  84.7 Mbits/sec  7329  
[  5] 121.00-122.03 sec  9.07 MBytes  74.5 Mbits/sec  6568  
[  5] 122.03-122.33 sec  2.81 MBytes  78.4 Mbits/sec  2034  
- - - - - - - - - - - - - - - - - - - - - - - - -
[ ID] Interval           Transfer     Bitrate         Jitter    Lost/Total Datagrams
[  5]   0.00-122.33 sec  1.14 GBytes  79.9 Mbits/sec  0.000 ms  0/844227 (0%)  sender
[  5]   0.00-122.33 sec  0.00 Bytes  0.00 bits/sec  0.000 ms  0/0 (0%)  receiver
