Connecting to host 192.168.31.25, port 5202
[  5] local 192.168.31.198 port 41275 connected to 192.168.31.25 port 5202
[ ID] Interval           Transfer     Bitrate         Total Datagrams
[  5]   0.00-1.00   sec  5.96 MBytes  50.0 Mbits/sec  4318  
[  5]   1.00-2.00   sec  5.96 MBytes  50.0 Mbits/sec  4316  
[  5]   2.00-3.02   sec  6.09 MBytes  50.0 Mbits/sec  4408  
[  5]   3.02-4.00   sec  5.83 MBytes  50.0 Mbits/sec  4226  
[  5]   4.00-5.00   sec  5.96 MBytes  50.0 Mbits/sec  4317  
[  5]   5.00-6.00   sec  5.96 MBytes  50.0 Mbits/sec  4313  
[  5]   6.00-7.00   sec  5.96 MBytes  50.0 Mbits/sec  4318  
[  5]   7.00-8.00   sec  5.87 MBytes  49.3 Mbits/sec  4253  
[  5]   8.00-9.00   sec  6.04 MBytes  50.6 Mbits/sec  4376  
[  5]   9.00-10.00  sec  5.98 MBytes  50.1 Mbits/sec  4329  
[  5]  10.00-11.03  sec  5.93 MBytes  48.5 Mbits/sec  4296  
[  5]  11.03-12.00  sec  5.98 MBytes  51.6 Mbits/sec  4328  
[  5]  12.00-13.00  sec  5.96 MBytes  50.0 Mbits/sec  4316  
[  5]  13.00-14.00  sec  5.96 MBytes  50.0 Mbits/sec  4315  
[  5]  14.00-15.00  sec  5.97 MBytes  50.0 Mbits/sec  4322  
[  5]  15.00-16.00  sec  5.78 MBytes  48.5 Mbits/sec  4188  
[  5]  16.00-17.01  sec  6.16 MBytes  51.5 Mbits/sec  4459  
[  5]  17.01-18.00  sec  5.94 MBytes  50.0 Mbits/sec  4298  
[  5]  18.00-19.01  sec  5.96 MBytes  49.5 Mbits/sec  4318  
[  5]  19.01-20.01  sec  5.83 MBytes  49.1 Mbits/sec  4225  
[  5]  20.01-21.01  sec   570 KBytes  4.66 Mbits/sec  413  
[  5]  21.01-22.00  sec  2.69 MBytes  22.7 Mbits/sec  1950  
[  5]  22.00-23.00  sec  6.35 MBytes  53.3 Mbits/sec  4595  
[  5]  23.00-24.01  sec  3.76 MBytes  31.3 Mbits/sec  2720  
[  5]  24.01-25.00  sec  5.86 MBytes  49.4 Mbits/sec  4242  
[  5]  25.00-26.00  sec  16.6 MBytes   139 Mbits/sec  12010  
[  5]  26.00-27.00  sec  6.04 MBytes  50.7 Mbits/sec  4373  
[  5]  27.00-28.00  sec  4.45 MBytes  37.2 Mbits/sec  3224  
[  5]  28.00-29.00  sec  7.47 MBytes  62.9 Mbits/sec  5412  
[  5]  29.00-30.00  sec  5.68 MBytes  47.7 Mbits/sec  4117  
[  5]  30.00-31.00  sec  6.21 MBytes  52.2 Mbits/sec  4499  
[  5]  31.00-32.00  sec  5.96 MBytes  49.9 Mbits/sec  4319  
[  5]  32.00-33.01  sec  5.96 MBytes  49.7 Mbits/sec  4315  
[  5]  33.01-34.00  sec  5.31 MBytes  44.8 Mbits/sec  3846  
[  5]  34.00-35.00  sec  6.63 MBytes  55.6 Mbits/sec  4798  
[  5]  35.00-36.00  sec  5.96 MBytes  50.0 Mbits/sec  4319  
[  5]  36.00-37.00  sec  5.96 MBytes  50.0 Mbits/sec  4319  
[  5]  37.00-38.00  sec  5.95 MBytes  50.0 Mbits/sec  4311  
[  5]  38.00-39.00  sec  5.96 MBytes  50.0 Mbits/sec  4316  
[  5]  39.00-40.00  sec  5.97 MBytes  50.0 Mbits/sec  4319  
[  5]  40.00-41.00  sec  5.96 MBytes  50.0 Mbits/sec  4315  
[  5]  41.00-42.00  sec  5.64 MBytes  47.3 Mbits/sec  4081  
[  5]  42.00-43.02  sec  6.22 MBytes  51.0 Mbits/sec  4501  
[  5]  43.02-44.00  sec  4.78 MBytes  41.0 Mbits/sec  3463  
[  5]  44.00-45.00  sec  7.20 MBytes  60.5 Mbits/sec  5213  
[  5]  45.00-46.02  sec  6.07 MBytes  50.1 Mbits/sec  4394  
[  5]  46.02-47.00  sec  5.86 MBytes  50.0 Mbits/sec  4245  
[  5]  47.00-48.01  sec  5.94 MBytes  49.4 Mbits/sec  4298  
[  5]  48.01-49.00  sec  5.99 MBytes  50.6 Mbits/sec  4335  
[  5]  49.00-50.00  sec  5.97 MBytes  49.9 Mbits/sec  4321  
[  5]  50.00-51.00  sec  5.95 MBytes  50.1 Mbits/sec  4310  
[  5]  51.00-52.13  sec  6.74 MBytes  50.0 Mbits/sec  4880  
[  5]  52.13-55.76  sec  12.7 MBytes  29.3 Mbits/sec  9180  
[  5]  55.76-56.33  sec  9.46 MBytes   139 Mbits/sec  6850  
[  5]  56.33-57.42  sec  8.37 MBytes  64.7 Mbits/sec  6062  
[  5]  57.42-58.00  sec  3.20 MBytes  45.8 Mbits/sec  2316  
[  5]  58.00-59.00  sec  7.25 MBytes  60.8 Mbits/sec  5248  
[  5]  59.00-60.03  sec  5.87 MBytes  47.9 Mbits/sec  4250  
[  5]  60.03-61.00  sec  5.98 MBytes  51.5 Mbits/sec  4329  
[  5]  61.00-62.00  sec  6.04 MBytes  50.6 Mbits/sec  4372  
[  5]  62.00-63.00  sec  5.95 MBytes  50.0 Mbits/sec  4310  
[  5]  63.00-64.00  sec  5.97 MBytes  50.0 Mbits/sec  4321  
[  5]  64.00-65.00  sec  5.96 MBytes  50.0 Mbits/sec  4315  
[  5]  65.00-66.00  sec  5.95 MBytes  50.0 Mbits/sec  4313  
[  iperf3: interrupt - the client has terminated by signal Terminated(15)
5]  66.00-67.00  sec  5.96 MBytes  49.9 Mbits/sec  4313  
[  5]  67.00-68.00  sec  5.96 MBytes  50.1 Mbits/sec  4320  
[  5]  68.00-69.01  sec  5.92 MBytes  49.4 Mbits/sec  4283  
[  5]  69.01-70.00  sec  5.44 MBytes  45.9 Mbits/sec  3943  
[  5]  70.00-71.00  sec  4.35 MBytes  36.5 Mbits/sec  3154  
[  5]  71.00-72.00  sec  8.14 MBytes  68.2 Mbits/sec  5890  
[  5]  72.00-73.00  sec  5.97 MBytes  50.0 Mbits/sec  4320  
[  5]  73.00-74.00  sec  5.71 MBytes  48.0 Mbits/sec  4139  
[  5]  74.00-75.01  sec  5.69 MBytes  47.1 Mbits/sec  4117  
[  5]  75.01-76.00  sec  6.47 MBytes  54.9 Mbits/sec  4684  
[  5]  76.00-77.00  sec  5.96 MBytes  50.0 Mbits/sec  4317  
[  5]  77.00-78.00  sec  5.96 MBytes  50.0 Mbits/sec  4317  
[  5]  78.00-79.03  sec  6.05 MBytes  49.2 Mbits/sec  4383  
[  5]  79.03-80.01  sec  5.76 MBytes  49.3 Mbits/sec  4169  
[  5]  80.01-81.03  sec  1.07 MBytes  8.85 Mbits/sec  776  
[  5]  81.03-82.00  sec  1.19 MBytes  10.3 Mbits/sec  865  
[  5]  82.00-83.00  sec  15.2 MBytes   128 Mbits/sec  11027  
[  5]  83.00-84.00  sec  5.97 MBytes  49.9 Mbits/sec  4324  
[  5]  84.00-85.01  sec  6.43 MBytes  53.7 Mbits/sec  4653  
[  5]  85.01-86.00  sec  5.86 MBytes  49.5 Mbits/sec  4241  
[  5]  86.00-87.00  sec  6.09 MBytes  51.1 Mbits/sec  4408  
[  5]  87.00-88.00  sec  5.96 MBytes  50.0 Mbits/sec  4315  
[  5]  88.00-89.00  sec  5.87 MBytes  49.1 Mbits/sec  4254  
[  5]  89.00-90.00  sec  6.04 MBytes  50.9 Mbits/sec  4378  
[  5]  90.00-91.00  sec  5.96 MBytes  50.0 Mbits/sec  4317  
[  5]  91.00-92.01  sec  5.94 MBytes  49.2 Mbits/sec  4300  
[  5]  92.01-93.00  sec  5.98 MBytes  50.8 Mbits/sec  4333  
[  5]  93.00-94.00  sec  5.96 MBytes  50.0 Mbits/sec  4316  
[  5]  94.00-95.00  sec  5.94 MBytes  49.8 Mbits/sec  4303  
[  5]  95.00-96.00  sec  5.95 MBytes  49.9 Mbits/sec  4311  
[  5]  96.00-97.00  sec  5.99 MBytes  50.2 Mbits/sec  4335  
[  5]  97.00-98.00  sec  5.86 MBytes  49.2 Mbits/sec  4246  
[  5]  98.00-99.00  sec  6.06 MBytes  50.8 Mbits/sec  4387  
[  5]  99.00-100.00 sec  5.96 MBytes  50.0 Mbits/sec  4315  
[  5] 100.00-101.01 sec  5.69 MBytes  47.5 Mbits/sec  4124  
[  5] 101.01-102.01 sec  5.86 MBytes  49.2 Mbits/sec  4247  
[  5] 102.01-103.00 sec  5.90 MBytes  49.8 Mbits/sec  4276  
[  5] 103.00-104.00 sec  6.40 MBytes  53.6 Mbits/sec  4636  
[  5] 104.00-105.00 sec  5.58 MBytes  46.8 Mbits/sec  4042  
[  5] 105.00-106.00 sec  6.33 MBytes  53.2 Mbits/sec  4581  
[  5] 106.00-107.01 sec  5.94 MBytes  49.6 Mbits/sec  4305  
[  5] 107.01-108.04 sec  5.98 MBytes  48.6 Mbits/sec  4330  
[  5] 108.04-109.00 sec  5.93 MBytes  51.7 Mbits/sec  4292  
[  5] 109.00-110.00 sec  5.99 MBytes  50.2 Mbits/sec  4335  
[  5] 110.00-111.00 sec  5.49 MBytes  45.9 Mbits/sec  3977  
[  5] 111.00-112.00 sec  6.43 MBytes  54.1 Mbits/sec  4655  
[  5] 112.00-113.00 sec  5.85 MBytes  49.1 Mbits/sec  4234  
[  5] 113.00-114.01 sec  6.13 MBytes  51.0 Mbits/sec  4437  
[  5] 114.01-115.00 sec  5.51 MBytes  46.6 Mbits/sec  3988  
[  5] 115.00-116.00 sec  6.35 MBytes  53.2 Mbits/sec  4601  
[  5] 116.00-117.00 sec  5.96 MBytes  50.0 Mbits/sec  4315  
[  5] 117.00-118.16 sec  6.92 MBytes  50.1 Mbits/sec  5009  
[  5] 118.16-119.00 sec  4.73 MBytes  47.3 Mbits/sec  3429  
[  5] 119.00-120.00 sec  6.23 MBytes  52.3 Mbits/sec  4514  
[  5] 120.00-121.01 sec  5.94 MBytes  49.3 Mbits/sec  4301  
[  5] 121.01-122.00 sec  5.99 MBytes  50.7 Mbits/sec  4334  
[  5] 122.00-122.21 sec  1.26 MBytes  49.9 Mbits/sec  915  
- - - - - - - - - - - - - - - - - - - - - - - - -
[ ID] Interval           Transfer     Bitrate         Jitter    Lost/Total Datagrams
[  5]   0.00-122.21 sec   728 MBytes  50.0 Mbits/sec  0.000 ms  0/527508 (0%)  sender
[  5]   0.00-122.21 sec  0.00 Bytes  0.00 bits/sec  0.000 ms  0/0 (0%)  receiver
