Connecting to host 192.168.31.25, port 5202
[  5] local 192.168.31.198 port 35517 connected to 192.168.31.25 port 5202
[ ID] Interval           Transfer     Bitrate         Total Datagrams
[  5]   0.00-1.00   sec  8.92 MBytes  74.8 Mbits/sec  6463  
[  5]   1.00-2.03   sec  7.89 MBytes  64.1 Mbits/sec  5713  
[  5]   2.03-3.01   sec  6.70 MBytes  57.8 Mbits/sec  4856  
[  5]   3.01-4.00   sec  11.8 MBytes  99.1 Mbits/sec  8533  
[  5]   4.00-5.00   sec  12.4 MBytes   104 Mbits/sec  8969  
[  5]   5.00-6.00   sec  9.54 MBytes  80.1 Mbits/sec  6907  
[  5]   6.00-7.00   sec  9.52 MBytes  79.9 Mbits/sec  6897  
[  5]   7.00-8.00   sec  9.56 MBytes  80.1 Mbits/sec  6920  
[  5]   8.00-9.01   sec  9.63 MBytes  80.0 Mbits/sec  6972  
[  5]   9.01-12.57  sec  13.1 MBytes  30.9 Mbits/sec  9515  
[  5]  12.57-13.00  sec  3.77 MBytes  73.9 Mbits/sec  2729  
[  5]  13.00-14.00  sec  9.63 MBytes  80.6 Mbits/sec  6970  
[  5]  14.00-15.00  sec  8.92 MBytes  74.7 Mbits/sec  6456  
[  5]  15.00-16.20  sec  11.5 MBytes  80.2 Mbits/sec  8297  
[  5]  16.20-17.00  sec  4.35 MBytes  45.5 Mbits/sec  3149  
[  5]  17.00-18.51  sec  10.2 MBytes  56.6 Mbits/sec  7356  
[  5]  18.51-19.14  sec  4.20 MBytes  55.9 Mbits/sec  3043  
[  5]  19.14-20.05  sec  11.9 MBytes   109 Mbits/sec  8599  
[  5]  20.05-21.00  sec  12.5 MBytes   111 Mbits/sec  9077  
[  5]  21.00-22.04  sec  12.6 MBytes   102 Mbits/sec  9140  
[  5]  22.04-23.00  sec  11.4 MBytes  99.7 Mbits/sec  8248  
[  5]  23.00-24.00  sec  12.4 MBytes   104 Mbits/sec  8969  
[  5]  24.00-25.23  sec  14.6 MBytes  99.1 Mbits/sec  10545  
[  5]  25.23-26.02  sec  12.4 MBytes   134 Mbits/sec  9005  
[  5]  26.02-27.02  sec  12.1 MBytes   101 Mbits/sec  8774  
[  5]  27.02-28.01  sec  13.4 MBytes   114 Mbits/sec  9716  
[  5]  28.01-29.00  sec  11.2 MBytes  94.3 Mbits/sec  8102  
[  5]  29.00-30.04  sec  8.60 MBytes  69.4 Mbits/sec  6229  
[  5]  30.04-31.02  sec  9.42 MBytes  81.0 Mbits/sec  6823  
[  5]  31.02-32.01  sec  8.94 MBytes  75.8 Mbits/sec  6476  
[  5]  32.01-33.02  sec  11.7 MBytes  97.1 Mbits/sec  8460  
[  5]  33.02-34.00  sec  9.53 MBytes  81.3 Mbits/sec  6900  
[  5]  34.00-35.00  sec  9.09 MBytes  76.2 Mbits/sec  6583  
[  5]  35.00-36.04  sec  9.60 MBytes  77.6 Mbits/sec  6954  
[  5]  36.04-37.00  sec  9.83 MBytes  85.7 Mbits/sec  7119  
[  5]  37.00-38.00  sec  9.62 MBytes  80.7 Mbits/sec  6967  
[  5]  38.00-39.01  sec  9.29 MBytes  77.5 Mbits/sec  6732  
[  5]  39.01-40.00  sec  9.80 MBytes  82.6 Mbits/sec  7099  
[  5]  40.00-41.01  sec  9.58 MBytes  80.0 Mbits/sec  6940  
[  5]  41.01-42.00  sec  9.46 MBytes  80.0 Mbits/sec  6855  
[  5]  42.00-43.63  sec  11.0 MBytes  56.9 Mbits/sec  7993  
[  5]  43.63-44.00  sec  6.60 MBytes   148 Mbits/sec  4780  
[  5]  44.00-45.00  sec  10.8 MBytes  91.2 Mbits/sec  7850  
[  5]  45.00-46.00  sec  9.69 MBytes  81.1 Mbits/sec  7017  
[  5]  46.00-47.00  sec  9.48 MBytes  79.7 Mbits/sec  6867  
[  5]  47.00-48.02  sec  9.70 MBytes  80.1 Mbits/sec  7023  
[  5]  48.02-49.00  sec  9.42 MBytes  80.2 Mbits/sec  6817  
[  5]  49.00-50.02  sec  9.75 MBytes  80.0 Mbits/sec  7062  
[  5]  50.02-51.30  sec  12.1 MBytes  80.0 Mbits/sec  8793  
[  5]  51.30-52.83  sec  14.1 MBytes  77.2 Mbits/sec  10194  
[  5]  52.83-53.00  sec  2.17 MBytes   105 Mbits/sec  1574  
[  5]  53.00-54.00  sec  9.54 MBytes  80.0 Mbits/sec  6908  
[  5]  54.00-55.05  sec  9.99 MBytes  80.0 Mbits/sec  7233  
[  5]  55.05-56.00  sec  9.09 MBytes  79.9 Mbits/sec  6579  
[  5]  56.00-57.02  sec  9.46 MBytes  77.9 Mbits/sec  6855  
[  5]  57.02-58.06  sec  10.1 MBytes  82.0 Mbits/sec  7344  
[  5]  58.06-59.00  sec  8.01 MBytes  71.2 Mbits/sec  5799  
[  5]  59.00-60.01  sec  10.4 MBytes  86.1 Mbits/sec  7503  
[  5]  60.01-61.00  sec  9.70 MBytes  82.2 Mbits/sec  7026  
[  5]  61.00-62.00  sec  9.54 MBytes  80.0 Mbits/sec  6905  
[  5]  62.00-63.00  sec  9.54 MBytes  80.0 Mbits/sec  6906  
[  5]  63.00-64.08  sec  9.19 MBytes  71.4 Mbits/sec  6652  
[  5]  64.08-65.00  sec  2.93 MBytes  26.6 Mbits/sec  2120  
[  5]  65.00-66.05  sec  8.98 MBytes  71.8 Mbits/sec  6500  
[iperf3: interrupt - the client has terminated by signal Terminated(15)
  5]  66.05-67.04  sec  12.2 MBytes   104 Mbits/sec  8805  
[  5]  67.04-68.05  sec  14.5 MBytes   119 Mbits/sec  10485  
[  5]  68.05-69.02  sec  9.47 MBytes  81.9 Mbits/sec  6858  
[  5]  69.02-70.08  sec  9.52 MBytes  75.7 Mbits/sec  6893  
[  5]  70.08-71.02  sec  9.68 MBytes  86.1 Mbits/sec  7010  
[  5]  71.02-72.00  sec  9.43 MBytes  80.9 Mbits/sec  6831  
[  5]  72.00-73.04  sec  9.88 MBytes  79.8 Mbits/sec  7155  
[  5]  73.04-74.01  sec  8.52 MBytes  73.5 Mbits/sec  6172  
[  5]  74.01-75.01  sec  10.3 MBytes  86.4 Mbits/sec  7460  
[  5]  75.01-76.11  sec  10.0 MBytes  76.6 Mbits/sec  7256  
[  5]  76.11-77.06  sec  9.55 MBytes  84.0 Mbits/sec  6913  
[  5]  77.06-78.20  sec  10.8 MBytes  79.9 Mbits/sec  7834  
[  5]  78.20-79.02  sec  7.85 MBytes  80.0 Mbits/sec  5687  
[  5]  79.02-80.01  sec  9.40 MBytes  79.8 Mbits/sec  6808  
[  5]  80.01-81.01  sec  9.39 MBytes  78.8 Mbits/sec  6801  
[  5]  81.01-82.00  sec  9.64 MBytes  81.5 Mbits/sec  6977  
[  5]  82.00-83.00  sec  9.54 MBytes  80.0 Mbits/sec  6912  
[  5]  83.00-84.00  sec  9.53 MBytes  80.0 Mbits/sec  6898  
[  5]  84.00-85.01  sec  9.39 MBytes  78.1 Mbits/sec  6804  
[  5]  85.01-86.00  sec  9.28 MBytes  78.6 Mbits/sec  6719  
[  5]  86.00-87.00  sec  9.94 MBytes  83.4 Mbits/sec  7196  
[  5]  87.00-88.00  sec  9.53 MBytes  79.9 Mbits/sec  6902  
[  5]  88.00-89.01  sec  9.52 MBytes  79.2 Mbits/sec  6895  
[  5]  89.01-90.00  sec  9.56 MBytes  80.8 Mbits/sec  6919  
[  5]  90.00-91.00  sec  9.55 MBytes  80.0 Mbits/sec  6918  
[  5]  91.00-92.00  sec  9.53 MBytes  80.0 Mbits/sec  6902  
[  5]  92.00-93.00  sec  9.52 MBytes  79.9 Mbits/sec  6895  
[  5]  93.00-94.00  sec  9.54 MBytes  80.1 Mbits/sec  6911  
[  5]  94.00-95.01  sec  7.80 MBytes  65.0 Mbits/sec  5650  
[  5]  95.01-96.00  sec  4.66 MBytes  39.2 Mbits/sec  3375  
[  5]  96.00-97.05  sec  8.62 MBytes  68.9 Mbits/sec  6241  
[  5]  97.05-98.00  sec  12.1 MBytes   108 Mbits/sec  8782  
[  5]  98.00-99.00  sec  9.78 MBytes  82.0 Mbits/sec  7083  
[  5]  99.00-100.00 sec  11.9 MBytes  99.4 Mbits/sec  8589  
[  5] 100.00-101.04 sec  11.6 MBytes  93.7 Mbits/sec  8420  
[  5] 101.04-102.01 sec  9.69 MBytes  83.7 Mbits/sec  7017  
[  5] 102.01-103.00 sec  9.16 MBytes  77.8 Mbits/sec  6634  
[  5] 103.00-104.01 sec  10.1 MBytes  83.4 Mbits/sec  7289  
[  5] 104.01-105.02 sec  9.37 MBytes  78.1 Mbits/sec  6784  
[  5] 105.02-106.00 sec  9.67 MBytes  82.7 Mbits/sec  7005  
[  5] 106.00-107.01 sec  9.44 MBytes  78.4 Mbits/sec  6836  
[  5] 107.01-108.03 sec  9.38 MBytes  77.5 Mbits/sec  6790  
[  5] 108.03-109.00 sec  9.80 MBytes  84.3 Mbits/sec  7096  
[  5] 109.00-110.01 sec  9.29 MBytes  77.5 Mbits/sec  6725  
[  5] 110.01-111.00 sec  9.79 MBytes  82.6 Mbits/sec  7087  
[  5] 111.00-112.00 sec  9.54 MBytes  80.0 Mbits/sec  6906  
[  5] 112.00-113.03 sec  9.48 MBytes  76.9 Mbits/sec  6869  
[  5] 113.03-114.00 sec  9.59 MBytes  83.3 Mbits/sec  6944  
[  5] 114.00-115.00 sec  9.54 MBytes  80.0 Mbits/sec  6905  
[  5] 115.00-116.00 sec  9.56 MBytes  80.0 Mbits/sec  6921  
[  5] 116.00-117.00 sec  9.52 MBytes  80.0 Mbits/sec  6891  
[  5] 117.00-118.01 sec  9.51 MBytes  79.1 Mbits/sec  6888  
[  5] 118.01-119.00 sec  9.57 MBytes  80.9 Mbits/sec  6927  
[  5] 119.00-120.00 sec  8.93 MBytes  74.8 Mbits/sec  6464  
[  5] 120.00-121.00 sec  9.99 MBytes  83.9 Mbits/sec  7232  
[  5] 121.00-122.01 sec  9.77 MBytes  81.3 Mbits/sec  7072  
[  5] 122.01-122.11 sec   960 KBytes  79.6 Mbits/sec  679  
- - - - - - - - - - - - - - - - - - - - - - - - -
[ ID] Interval           Transfer     Bitrate         Jitter    Lost/Total Datagrams
[  5]   0.00-122.11 sec  1.14 GBytes  80.0 Mbits/sec  0.000 ms  0/843274 (0%)  sender
[  5]   0.00-122.11 sec  0.00 Bytes  0.00 bits/sec  0.000 ms  0/0 (0%)  receiver
