Connecting to host 192.168.31.25, port 5202
[  5] local 192.168.31.198 port 47774 connected to 192.168.31.25 port 5202
[ ID] Interval           Transfer     Bitrate         Total Datagrams
[  5]   0.00-1.00   sec  9.56 MBytes  80.0 Mbits/sec  6920  
[  5]   1.00-2.02   sec  9.66 MBytes  80.0 Mbits/sec  6993  
[  5]   2.02-3.00   sec  9.22 MBytes  78.4 Mbits/sec  6679  
[  5]   3.00-4.00   sec  9.72 MBytes  81.6 Mbits/sec  7038  
[  5]   4.00-5.00   sec  9.53 MBytes  79.9 Mbits/sec  6901  
[  5]   5.00-6.00   sec  9.58 MBytes  80.2 Mbits/sec  6938  
[  5]   6.00-7.00   sec  6.74 MBytes  56.6 Mbits/sec  4881  
[  5]   7.00-8.00   sec  12.3 MBytes   103 Mbits/sec  8894  
[  5]   8.00-9.01   sec  9.53 MBytes  79.4 Mbits/sec  6900  
[  5]   9.01-10.00  sec  9.38 MBytes  78.9 Mbits/sec  6796  
[  5]  10.00-11.01  sec  9.70 MBytes  81.3 Mbits/sec  7024  
[  5]  11.01-12.00  sec  9.54 MBytes  80.5 Mbits/sec  6911  
[  5]  12.00-13.00  sec  9.54 MBytes  80.0 Mbits/sec  6906  
[  5]  13.00-14.01  sec  7.59 MBytes  63.3 Mbits/sec  5497  
[  5]  14.01-15.00  sec  11.5 MBytes  96.9 Mbits/sec  8316  
[  5]  15.00-16.00  sec  9.49 MBytes  79.6 Mbits/sec  6874  
[  5]  16.00-17.00  sec  9.58 MBytes  80.4 Mbits/sec  6938  
[  5]  17.00-18.05  sec  9.55 MBytes  76.7 Mbits/sec  6915  
[  5]  18.05-19.00  sec  9.52 MBytes  83.4 Mbits/sec  6892  
[  5]  19.00-20.00  sec  9.54 MBytes  80.3 Mbits/sec  6911  
[  5]  20.00-21.00  sec  9.53 MBytes  79.7 Mbits/sec  6900  
[  5]  21.00-22.00  sec  9.48 MBytes  79.6 Mbits/sec  6865  
[  5]  22.00-23.00  sec  9.60 MBytes  80.6 Mbits/sec  6953  
[  5]  23.00-24.03  sec  9.78 MBytes  79.4 Mbits/sec  7086  
[  5]  24.03-25.03  sec  9.34 MBytes  78.9 Mbits/sec  6766  
[  5]  25.03-26.00  sec  9.48 MBytes  81.7 Mbits/sec  6865  
[  5]  26.00-27.00  sec  9.54 MBytes  80.0 Mbits/sec  6907  
[  5]  27.00-28.01  sec  9.36 MBytes  78.0 Mbits/sec  6780  
[  5]  28.01-29.01  sec  9.77 MBytes  82.0 Mbits/sec  7074  
[  5]  29.01-30.06  sec  10.1 MBytes  79.9 Mbits/sec  7280  
[  5]  30.06-31.00  sec  8.96 MBytes  80.1 Mbits/sec  6490  
[  5]  31.00-32.00  sec  9.54 MBytes  80.0 Mbits/sec  6909  
[  5]  32.00-33.03  sec  9.85 MBytes  80.0 Mbits/sec  7134  
[  5]  33.03-34.07  sec  9.87 MBytes  80.0 Mbits/sec  7149  
[  5]  34.07-35.00  sec  8.88 MBytes  80.0 Mbits/sec  6432  
[  5]  35.00-36.00  sec  9.54 MBytes  80.0 Mbits/sec  6906  
[  5]  36.00-37.50  sec  13.4 MBytes  74.6 Mbits/sec  9676  
[  5]  37.50-38.08  sec  6.48 MBytes  94.0 Mbits/sec  4695  
[  5]  38.08-39.03  sec  9.02 MBytes  79.9 Mbits/sec  6534  
[  5]  39.03-40.03  sec  9.58 MBytes  80.1 Mbits/sec  6936  
[  5]  40.03-41.00  sec  9.24 MBytes  80.0 Mbits/sec  6694  
[  5]  41.00-42.00  sec  9.54 MBytes  80.0 Mbits/sec  6910  
[  5]  42.00-43.00  sec  9.52 MBytes  80.0 Mbits/sec  6897  
[  5]  43.00-44.00  sec  9.54 MBytes  80.0 Mbits/sec  6907  
[  5]  44.00-45.01  sec  8.29 MBytes  68.9 Mbits/sec  6000  
[  5]  45.01-46.00  sec  10.8 MBytes  91.3 Mbits/sec  7812  
[  5]  46.00-47.00  sec  9.49 MBytes  79.4 Mbits/sec  6869  
[  5]  47.00-48.00  sec  9.60 MBytes  80.6 Mbits/sec  6949  
[  5]  48.00-49.08  sec  10.2 MBytes  79.9 Mbits/sec  7415  
[  5]  49.08-50.88  sec  17.2 MBytes  80.1 Mbits/sec  12441  
[  5]  50.88-51.00  sec  1.18 MBytes  80.4 Mbits/sec  857  
[  5]  51.00-52.00  sec  9.54 MBytes  80.0 Mbits/sec  6907  
[  5]  52.00-53.00  sec  9.29 MBytes  77.7 Mbits/sec  6725  
[  5]  53.00-54.04  sec  9.83 MBytes  79.7 Mbits/sec  7121  
[  5]  54.04-55.00  sec  9.49 MBytes  82.8 Mbits/sec  6872  
[  5]  55.00-56.00  sec  9.54 MBytes  80.0 Mbits/sec  6906  
[  5]  56.00-57.00  sec  9.49 MBytes  79.5 Mbits/sec  6875  
[  5]  57.00-58.00  sec  9.58 MBytes  80.5 Mbits/sec  6935  
[  5]  58.00-59.00  sec  7.25 MBytes  60.8 Mbits/sec  5248  
[  5]  59.00-60.00  sec  11.6 MBytes  96.9 Mbits/sec  8376  
[  5]  60.00-61.00  sec  9.81 MBytes  82.3 Mbits/sec  7102  
[  5]  61.00-62.00  sec  8.88 MBytes  74.5 Mbits/sec  6428  
[  5]  62.00-63.01  sec  10.1 MBytes  84.0 Mbits/sec  7306  
[  5]  63.01-64.00  sec  7.12 MBytes  59.9 Mbits/sec  5158  
[  iperf3: interrupt - the client has terminated by signal Terminated(15)
5]  64.00-65.00  sec  8.61 MBytes  72.2 Mbits/sec  6235  
[  5]  65.00-66.00  sec  11.9 MBytes   100 Mbits/sec  8635  
[  5]  66.00-67.00  sec  10.5 MBytes  88.1 Mbits/sec  7615  
[  5]  67.00-68.00  sec  9.06 MBytes  76.0 Mbits/sec  6559  
[  5]  68.00-69.00  sec  10.1 MBytes  84.7 Mbits/sec  7306  
[  5]  69.00-70.00  sec  9.55 MBytes  80.0 Mbits/sec  6918  
[  5]  70.00-71.00  sec  9.54 MBytes  80.0 Mbits/sec  6908  
[  5]  71.00-72.00  sec  9.02 MBytes  75.8 Mbits/sec  6533  
[  5]  72.00-73.00  sec  10.0 MBytes  84.1 Mbits/sec  7263  
[  5]  73.00-74.01  sec  9.52 MBytes  79.4 Mbits/sec  6895  
[  5]  74.01-75.00  sec  9.56 MBytes  80.7 Mbits/sec  6920  
[  5]  75.00-76.00  sec  9.54 MBytes  80.0 Mbits/sec  6906  
[  5]  76.00-77.00  sec  9.52 MBytes  79.8 Mbits/sec  6897  
[  5]  77.00-78.00  sec  9.30 MBytes  77.9 Mbits/sec  6737  
[  5]  78.00-79.00  sec  9.78 MBytes  82.2 Mbits/sec  7084  
[  5]  79.00-80.00  sec  9.15 MBytes  76.5 Mbits/sec  6624  
[  5]  80.00-81.00  sec  9.93 MBytes  83.5 Mbits/sec  7190  
[  5]  81.00-82.00  sec  9.53 MBytes  80.0 Mbits/sec  6904  
[  5]  82.00-83.00  sec  9.54 MBytes  80.0 Mbits/sec  6907  
[  5]  83.00-84.00  sec  9.56 MBytes  79.9 Mbits/sec  6922  
[  5]  84.00-85.00  sec  9.52 MBytes  80.1 Mbits/sec  6893  
[  5]  85.00-86.00  sec  9.54 MBytes  79.9 Mbits/sec  6912  
[  5]  86.00-87.00  sec  9.53 MBytes  80.1 Mbits/sec  6901  
[  5]  87.00-88.00  sec  9.54 MBytes  80.0 Mbits/sec  6908  
[  5]  88.00-89.00  sec  9.43 MBytes  79.1 Mbits/sec  6828  
[  5]  89.00-90.00  sec  9.64 MBytes  80.9 Mbits/sec  6978  
[  5]  90.00-91.00  sec  9.54 MBytes  80.0 Mbits/sec  6907  
[  5]  91.00-92.01  sec  9.52 MBytes  79.0 Mbits/sec  6894  
[  5]  92.01-93.01  sec  9.22 MBytes  77.4 Mbits/sec  6679  
[  5]  93.01-94.00  sec  9.66 MBytes  81.7 Mbits/sec  6994  
[  5]  94.00-95.00  sec  8.97 MBytes  75.2 Mbits/sec  6499  
[  5]  95.00-96.00  sec  10.3 MBytes  86.6 Mbits/sec  7461  
[  5]  96.00-97.00  sec  9.55 MBytes  80.1 Mbits/sec  6916  
[  5]  97.00-98.00  sec  9.35 MBytes  78.3 Mbits/sec  6773  
[  5]  98.00-99.00  sec  8.94 MBytes  75.2 Mbits/sec  6475  
[  5]  99.00-100.00 sec  8.66 MBytes  72.6 Mbits/sec  6268  
[  5] 100.00-101.00 sec  11.1 MBytes  93.2 Mbits/sec  8056  
[  5] 101.00-102.00 sec  7.69 MBytes  64.4 Mbits/sec  5572  
[  5] 102.00-103.01 sec  11.5 MBytes  96.2 Mbits/sec  8351  
[  5] 103.01-104.00 sec  9.44 MBytes  80.0 Mbits/sec  6840  
[  5] 104.00-105.00 sec  9.54 MBytes  80.0 Mbits/sec  6906  
[  5] 105.00-106.03 sec  9.80 MBytes  80.0 Mbits/sec  7098  
[  5] 106.03-107.02 sec  9.41 MBytes  79.9 Mbits/sec  6817  
[  5] 107.02-108.00 sec  9.34 MBytes  79.5 Mbits/sec  6767  
[  5] 108.00-109.00 sec  9.59 MBytes  80.6 Mbits/sec  6943  
[  5] 109.00-110.00 sec  9.54 MBytes  80.0 Mbits/sec  6904  
[  5] 110.00-111.06 sec  10.1 MBytes  80.0 Mbits/sec  7335  
[  5] 111.06-112.13 sec  10.2 MBytes  80.0 Mbits/sec  7404  
[  5] 112.13-113.00 sec  8.26 MBytes  80.0 Mbits/sec  5979  
[  5] 113.00-114.00 sec  9.22 MBytes  77.2 Mbits/sec  6677  
[  5] 114.00-115.00 sec  9.63 MBytes  80.8 Mbits/sec  6972  
[  5] 115.00-116.00 sec  9.75 MBytes  81.9 Mbits/sec  7063  
[  5] 116.00-117.00 sec  9.36 MBytes  78.3 Mbits/sec  6779  
[  5] 117.00-118.02 sec  9.67 MBytes  80.0 Mbits/sec  7000  
[  5] 118.02-119.00 sec  9.60 MBytes  81.9 Mbits/sec  6948  
[  5] 119.00-120.00 sec  9.52 MBytes  79.9 Mbits/sec  6895  
[  5] 120.00-121.00 sec  9.42 MBytes  79.0 Mbits/sec  6820  
[  5] 121.00-122.00 sec  6.76 MBytes  56.7 Mbits/sec  4894  
[  5] 122.00-123.00 sec  7.12 MBytes  59.5 Mbits/sec  5154  
[  5] 123.00-124.00 sec  14.7 MBytes   124 Mbits/sec  10671  
[  5] 124.00-125.00 sec  9.44 MBytes  78.9 Mbits/sec  6833  
[  5] 125.00-125.19 sec  1.98 MBytes  91.8 Mbits/sec  1432  
- - - - - - - - - - - - - - - - - - - - - - - - -
[ ID] Interval           Transfer     Bitrate         Jitter    Lost/Total Datagrams
[  5]   0.00-125.19 sec  1.17 GBytes  80.0 Mbits/sec  0.000 ms  0/864525 (0%)  sender
[  5]   0.00-125.19 sec  0.00 Bytes  0.00 bits/sec  0.000 ms  0/0 (0%)  receiver
