Connecting to host 192.168.31.25, port 5202
[  5] local 192.168.31.198 port 50889 connected to 192.168.31.25 port 5202
[ ID] Interval           Transfer     Bitrate         Total Datagrams
[  5]   0.00-1.00   sec  5.96 MBytes  50.0 Mbits/sec  4318  
[  5]   1.00-2.00   sec  5.68 MBytes  47.6 Mbits/sec  4110  
[  5]   2.00-3.00   sec  6.27 MBytes  52.4 Mbits/sec  4539  
[  5]   3.00-4.00   sec  5.82 MBytes  48.8 Mbits/sec  4215  
[  5]   4.00-5.00   sec  5.99 MBytes  50.5 Mbits/sec  4342  
[  5]   5.00-6.00   sec  6.04 MBytes  50.7 Mbits/sec  4376  
[  5]   6.00-7.01   sec  5.98 MBytes  49.9 Mbits/sec  4334  
[  5]   7.01-8.01   sec  5.86 MBytes  49.2 Mbits/sec  4243  
[  5]   8.01-9.00   sec  6.05 MBytes  50.9 Mbits/sec  4383  
[  5]   9.00-10.00  sec  5.95 MBytes  50.0 Mbits/sec  4307  
[  5]  10.00-11.00  sec  5.96 MBytes  50.0 Mbits/sec  4314  
[  5]  11.00-12.03  sec  6.12 MBytes  50.0 Mbits/sec  4434  
[  5]  12.03-13.04  sec  5.79 MBytes  48.0 Mbits/sec  4194  
[  5]  13.04-14.00  sec  5.96 MBytes  51.8 Mbits/sec  4313  
[  5]  14.00-15.00  sec  5.97 MBytes  50.2 Mbits/sec  4326  
[  5]  15.00-16.24  sec  2.55 MBytes  17.3 Mbits/sec  1849  
[  5]  16.24-17.00  sec  8.32 MBytes  91.4 Mbits/sec  6025  
[  5]  17.00-18.01  sec  6.99 MBytes  58.4 Mbits/sec  5059  
[  5]  18.01-19.00  sec  5.89 MBytes  49.5 Mbits/sec  4262  
[  5]  19.00-20.00  sec  6.06 MBytes  50.9 Mbits/sec  4385  
[  5]  20.00-21.00  sec  5.44 MBytes  45.6 Mbits/sec  3942  
[  5]  21.00-22.00  sec  6.48 MBytes  54.4 Mbits/sec  4691  
[  5]  22.00-23.01  sec  5.91 MBytes  49.1 Mbits/sec  4281  
[  5]  23.01-24.00  sec  6.01 MBytes  50.9 Mbits/sec  4353  
[  5]  24.00-25.00  sec  5.96 MBytes  50.0 Mbits/sec  4317  
[  5]  25.00-26.00  sec  5.96 MBytes  50.0 Mbits/sec  4315  
[  5]  26.00-27.00  sec  5.96 MBytes  50.0 Mbits/sec  4317  
[  5]  27.00-28.00  sec  5.96 MBytes  50.0 Mbits/sec  4316  
[  5]  28.00-29.06  sec  5.98 MBytes  47.6 Mbits/sec  4329  
[  5]  29.06-30.00  sec  5.96 MBytes  52.7 Mbits/sec  4314  
[  5]  30.00-31.00  sec  5.70 MBytes  47.9 Mbits/sec  4129  
[  5]  31.00-32.00  sec  6.12 MBytes  51.2 Mbits/sec  4431  
[  5]  32.00-33.00  sec  5.58 MBytes  46.9 Mbits/sec  4038  
[  5]  33.00-34.00  sec  6.42 MBytes  53.8 Mbits/sec  4648  
[  5]  34.00-35.00  sec  5.91 MBytes  49.5 Mbits/sec  4277  
[  5]  35.00-36.00  sec  5.22 MBytes  43.7 Mbits/sec  3777  
[  5]  36.00-37.00  sec  6.77 MBytes  56.9 Mbits/sec  4901  
[  5]  37.00-38.00  sec  5.96 MBytes  50.0 Mbits/sec  4319  
[  5]  38.00-39.00  sec  5.96 MBytes  50.0 Mbits/sec  4315  
[  5]  39.00-40.00  sec  5.96 MBytes  50.0 Mbits/sec  4317  
[  5]  40.00-41.06  sec  5.84 MBytes  46.1 Mbits/sec  4231  
[  5]  41.06-42.00  sec  6.04 MBytes  54.0 Mbits/sec  4376  
[  5]  42.00-43.00  sec  5.92 MBytes  49.5 Mbits/sec  4285  
[  5]  43.00-44.00  sec  6.04 MBytes  50.9 Mbits/sec  4373  
[  5]  44.00-45.00  sec  5.96 MBytes  50.0 Mbits/sec  4318  
[  5]  45.00-46.00  sec  5.93 MBytes  49.7 Mbits/sec  4292  
[  5]  46.00-47.00  sec  5.99 MBytes  50.3 Mbits/sec  4339  
[  5]  47.00-48.00  sec  5.96 MBytes  50.0 Mbits/sec  4316  
[  5]  48.00-49.00  sec  5.96 MBytes  50.0 Mbits/sec  4317  
[  5]  49.00-50.00  sec  5.95 MBytes  49.9 Mbits/sec  4313  
[  5]  50.00-51.00  sec  5.96 MBytes  50.0 Mbits/sec  4318  
[  5]  51.00-52.00  sec  5.97 MBytes  50.0 Mbits/sec  4326  
[  5]  52.00-53.01  sec  5.98 MBytes  50.0 Mbits/sec  4329  
[  5]  53.01-54.00  sec  5.93 MBytes  50.0 Mbits/sec  4295  
[  5]  54.00-55.98  sec  11.8 MBytes  50.0 Mbits/sec  8538  
[  5]  55.98-56.01  sec   167 KBytes  50.0 Mbits/sec  118  
[  5]  56.01-57.00  sec  5.93 MBytes  50.0 Mbits/sec  4292  
[  5]  57.00-58.09  sec  5.98 MBytes  45.8 Mbits/sec  4327  
[  5]  58.09-59.00  sec  5.95 MBytes  55.1 Mbits/sec  4306  
[  5]  59.00-60.00  sec  5.96 MBytes  50.0 Mbits/sec  4315  
[  5]  60.00-61.01  sec  4.95 MBytes  41.2 Mbits/sec  3588  
[  5]  61.01-62.00  sec  5.80 MBytes  48.9 Mbits/sec  4202  
[  5]  62.00-63.12  sec  7.76 MBytes  58.0 Mbits/sec  5618  
[  5]  63.12-64.08  sec  5.69 MBytes  49.9 Mbits/sec  4118  
[  5iperf3: interrupt - the client has terminated by signal Terminated(15)
]  64.08-65.14  sec  5.97 MBytes  47.2 Mbits/sec  4319  
[  5]  65.14-66.00  sec  4.16 MBytes  40.6 Mbits/sec  3011  
[  5]  66.00-67.79  sec  8.09 MBytes  37.9 Mbits/sec  5859  
[  5]  67.79-68.00  sec  3.74 MBytes   151 Mbits/sec  2708  
[  5]  68.00-69.00  sec  7.49 MBytes  62.9 Mbits/sec  5426  
[  5]  69.00-70.00  sec  5.76 MBytes  48.3 Mbits/sec  4173  
[  5]  70.00-71.03  sec  6.11 MBytes  49.7 Mbits/sec  4421  
[  5]  71.03-72.00  sec  5.86 MBytes  50.6 Mbits/sec  4246  
[  5]  72.00-73.08  sec  6.33 MBytes  49.2 Mbits/sec  4583  
[  5]  73.08-74.00  sec  5.74 MBytes  52.4 Mbits/sec  4156  
[  5]  74.00-75.01  sec  6.01 MBytes  50.0 Mbits/sec  4348  
[  5]  75.01-76.00  sec  5.92 MBytes  50.0 Mbits/sec  4286  
[  5]  76.00-77.15  sec  6.58 MBytes  48.1 Mbits/sec  4765  
[  5]  77.15-78.00  sec  5.34 MBytes  52.6 Mbits/sec  3868  
[  5]  78.00-79.00  sec  5.96 MBytes  50.0 Mbits/sec  4316  
[  5]  79.00-80.06  sec  6.34 MBytes  50.0 Mbits/sec  4591  
[  5]  80.06-81.03  sec  5.78 MBytes  50.0 Mbits/sec  4184  
[  5]  81.03-82.00  sec  5.78 MBytes  50.0 Mbits/sec  4187  
[  5]  82.00-83.03  sec  6.13 MBytes  50.0 Mbits/sec  4442  
[  5]  83.03-84.00  sec  5.77 MBytes  50.0 Mbits/sec  4178  
[  5]  84.00-85.00  sec  5.96 MBytes  50.0 Mbits/sec  4316  
[  5]  85.00-86.00  sec  5.96 MBytes  50.0 Mbits/sec  4319  
[  5]  86.00-87.01  sec  5.88 MBytes  48.9 Mbits/sec  4261  
[  5]  87.01-88.02  sec  5.81 MBytes  48.1 Mbits/sec  4209  
[  5]  88.02-89.04  sec  6.19 MBytes  51.1 Mbits/sec  4480  
[  5]  89.04-90.00  sec  5.95 MBytes  52.0 Mbits/sec  4313  
[  5]  90.00-91.11  sec  6.62 MBytes  50.0 Mbits/sec  4795  
[  5]  91.11-92.00  sec  5.24 MBytes  49.3 Mbits/sec  3792  
[  5]  92.00-93.00  sec  5.74 MBytes  48.1 Mbits/sec  4154  
[  5]  93.00-94.00  sec  6.13 MBytes  51.4 Mbits/sec  4440  
[  5]  94.00-95.00  sec  5.95 MBytes  50.1 Mbits/sec  4311  
[  5]  95.00-96.03  sec  6.20 MBytes  50.7 Mbits/sec  4490  
[  5]  96.03-97.02  sec  5.82 MBytes  49.2 Mbits/sec  4218  
[  5]  97.02-98.01  sec  5.93 MBytes  50.2 Mbits/sec  4295  
[  5]  98.01-99.00  sec  6.01 MBytes  51.0 Mbits/sec  4352  
[  5]  99.00-100.00 sec  5.95 MBytes  49.9 Mbits/sec  4312  
[  5] 100.00-101.00 sec  5.97 MBytes  50.1 Mbits/sec  4321  
[  5] 101.00-102.08 sec  5.73 MBytes  44.5 Mbits/sec  4146  
[  5] 102.08-103.01 sec  6.26 MBytes  56.4 Mbits/sec  4532  
[  5] 103.01-104.00 sec  5.89 MBytes  50.0 Mbits/sec  4268  
[  5] 104.00-105.00 sec  5.13 MBytes  43.0 Mbits/sec  3719  
[  5] 105.00-106.20 sec  7.95 MBytes  55.6 Mbits/sec  5757  
[  5] 106.20-107.00 sec  4.80 MBytes  50.3 Mbits/sec  3475  
[  5] 107.00-108.04 sec  6.21 MBytes  50.0 Mbits/sec  4496  
[  5] 108.04-109.00 sec  5.71 MBytes  50.0 Mbits/sec  4134  
[  5] 109.00-110.01 sec  6.01 MBytes  50.0 Mbits/sec  4350  
[  5] 110.01-111.00 sec  5.92 MBytes  50.0 Mbits/sec  4288  
[  5] 111.00-112.46 sec  8.69 MBytes  50.0 Mbits/sec  6292  
[  5] 112.46-113.00 sec  3.23 MBytes  50.0 Mbits/sec  2337  
[  5] 113.00-114.00 sec  5.97 MBytes  50.0 Mbits/sec  4323  
[  5] 114.00-115.00 sec  5.95 MBytes  50.0 Mbits/sec  4312  
[  5] 115.00-116.00 sec  5.96 MBytes  50.0 Mbits/sec  4314  
[  5] 116.00-117.05 sec  6.08 MBytes  48.5 Mbits/sec  4403  
[  5] 117.05-118.00 sec  5.84 MBytes  51.6 Mbits/sec  4230  
[  5] 118.00-119.01 sec  5.98 MBytes  49.9 Mbits/sec  4334  
[  5] 119.01-120.00 sec  5.94 MBytes  50.1 Mbits/sec  4299  
[  5] 120.00-121.00 sec  5.96 MBytes  50.0 Mbits/sec  4316  
[  5] 121.00-122.00 sec  5.96 MBytes  50.0 Mbits/sec  4317  
[  5] 122.00-122.19 sec  1.14 MBytes  50.0 Mbits/sec  828  
- - - - - - - - - - - - - - - - - - - - - - - - -
[ ID] Interval           Transfer     Bitrate         Jitter    Lost/Total Datagrams
[  5]   0.00-122.19 sec   728 MBytes  50.0 Mbits/sec  0.000 ms  0/527420 (0%)  sender
[  5]   0.00-122.19 sec  0.00 Bytes  0.00 bits/sec  0.000 ms  0/0 (0%)  receiver
