Connecting to host 192.168.31.25, port 5202
[  5] local 192.168.31.198 port 54636 connected to 192.168.31.25 port 5202
[ ID] Interval           Transfer     Bitrate         Total Datagrams
[  5]   0.00-1.00   sec  9.40 MBytes  78.7 Mbits/sec  6806  
[  5]   1.00-2.01   sec  9.33 MBytes  77.5 Mbits/sec  6753  
[  5]   2.01-3.06   sec  7.44 MBytes  59.4 Mbits/sec  5390  
[  5]   3.06-4.17   sec  9.26 MBytes  70.1 Mbits/sec  6708  
[  5]   4.17-5.03   sec  6.72 MBytes  65.3 Mbits/sec  4869  
[  5]   5.03-6.01   sec  6.69 MBytes  57.8 Mbits/sec  4848  
[  5]   6.01-7.00   sec  12.3 MBytes   104 Mbits/sec  8911  
[  5]   7.00-8.00   sec  11.5 MBytes  96.1 Mbits/sec  8297  
[  5]   8.00-9.01   sec  10.0 MBytes  83.7 Mbits/sec  7262  
[  5]   9.01-10.00  sec  11.8 MBytes  99.3 Mbits/sec  8528  
[  5]  10.00-11.04  sec  10.6 MBytes  85.9 Mbits/sec  7682  
[  5]  11.04-12.00  sec  9.42 MBytes  82.0 Mbits/sec  6821  
[  5]  12.00-13.00  sec  9.53 MBytes  79.9 Mbits/sec  6905  
[  5]  13.00-14.00  sec  9.34 MBytes  78.2 Mbits/sec  6760  
[  5]  14.00-15.00  sec  9.37 MBytes  78.5 Mbits/sec  6783  
[  5]  15.00-16.00  sec  9.88 MBytes  83.1 Mbits/sec  7156  
[  5]  16.00-17.01  sec  9.47 MBytes  78.5 Mbits/sec  6858  
[  5]  17.01-18.00  sec  9.55 MBytes  81.0 Mbits/sec  6919  
[  5]  18.00-19.00  sec  9.15 MBytes  76.7 Mbits/sec  6628  
[  5]  19.00-20.00  sec  10.0 MBytes  84.0 Mbits/sec  7240  
[  5]  20.00-21.10  sec  10.5 MBytes  80.0 Mbits/sec  7588  
[  5]  21.10-22.06  sec  8.70 MBytes  76.4 Mbits/sec  6303  
[  5]  22.06-23.10  sec  10.3 MBytes  82.3 Mbits/sec  7440  
[  5]  23.10-24.00  sec  8.71 MBytes  81.2 Mbits/sec  6306  
[  5]  24.00-25.01  sec  7.75 MBytes  64.8 Mbits/sec  5614  
[  5]  25.01-26.00  sec  11.3 MBytes  95.3 Mbits/sec  8195  
[  5]  26.00-27.00  sec  9.38 MBytes  78.8 Mbits/sec  6796  
[  5]  27.00-28.00  sec  9.32 MBytes  78.3 Mbits/sec  6750  
[  5]  28.00-29.03  sec  8.27 MBytes  67.5 Mbits/sec  5990  
[  5]  29.03-30.00  sec  8.69 MBytes  75.0 Mbits/sec  6296  
[  5]  30.00-31.00  sec  8.37 MBytes  70.1 Mbits/sec  6062  
[  5]  31.00-32.00  sec  9.99 MBytes  83.8 Mbits/sec  7237  
[  5]  32.00-33.00  sec  7.33 MBytes  61.6 Mbits/sec  5307  
[  5]  33.00-34.00  sec  10.1 MBytes  84.3 Mbits/sec  7283  
[  5]  34.00-35.19  sec  9.24 MBytes  65.2 Mbits/sec  6693  
[  5]  35.19-36.02  sec  7.36 MBytes  74.9 Mbits/sec  5331  
[  5]  36.02-37.01  sec  4.55 MBytes  38.5 Mbits/sec  3292  
[  5]  37.01-38.03  sec  7.36 MBytes  60.5 Mbits/sec  5332  
[  5]  38.03-39.00  sec  10.8 MBytes  92.6 Mbits/sec  7811  
[  5]  39.00-40.01  sec  6.65 MBytes  55.5 Mbits/sec  4815  
[  5]  40.01-41.01  sec  6.48 MBytes  54.4 Mbits/sec  4691  
[  5]  41.01-42.00  sec  8.39 MBytes  70.8 Mbits/sec  6074  
[  5]  42.00-43.01  sec  4.76 MBytes  39.5 Mbits/sec  3450  
[  5]  43.01-44.00  sec  9.85 MBytes  83.4 Mbits/sec  7134  
[  5]  44.00-45.01  sec  10.2 MBytes  85.0 Mbits/sec  7391  
[  5]  45.01-46.07  sec  12.9 MBytes   102 Mbits/sec  9350  
[  5]  46.07-47.00  sec  8.70 MBytes  78.3 Mbits/sec  6302  
[  5]  47.00-48.00  sec  6.24 MBytes  52.4 Mbits/sec  4516  
[  5]  48.00-49.01  sec  7.39 MBytes  61.6 Mbits/sec  5353  
[  5]  49.01-50.00  sec  4.95 MBytes  41.7 Mbits/sec  3583  
[  5]  50.00-51.00  sec  4.02 MBytes  33.7 Mbits/sec  2913  
[  5]  51.00-52.00  sec  4.33 MBytes  36.4 Mbits/sec  3138  
[  5]  52.00-53.00  sec  4.12 MBytes  34.5 Mbits/sec  2980  
[  5]  53.00-54.00  sec  8.46 MBytes  71.0 Mbits/sec  6124  
[  5]  54.00-55.01  sec  8.98 MBytes  74.4 Mbits/sec  6505  
[  5]  55.01-56.00  sec  10.3 MBytes  87.7 Mbits/sec  7469  
[  5]  56.00-57.00  sec  9.39 MBytes  78.7 Mbits/sec  6797  
[  5]  57.00-58.00  sec  5.30 MBytes  44.4 Mbits/sec  3837  
[  5]  58.00-59.00  sec  5.35 MBytes  44.9 Mbits/sec  3872  
[  5]  59.00-60.00  sec  5.32 MBytes  44.5 Mbits/sec  3849  
[  5]  60.00-61.00  sec  5.53 MBytes  46.4 Mbits/sec  4005  
[  5]  61.00-62.00  sec  5.98 MBytes  50.2 Mbits/sec  4334  
[  5]  62.00-63.02  sec  9.13 MBytes  75.1 Mbits/sec  6612  
[  5]  63.02-64.01  sec  4.51 MBytes  38.3 Mbits/sec  3263  
[  iperf3: interrupt - the client has terminated by signal Terminated(15)
5]  64.01-65.00  sec  5.33 MBytes  44.9 Mbits/sec  3861  
[  5]  65.00-66.00  sec  5.35 MBytes  44.9 Mbits/sec  3873  
[  5]  66.00-67.00  sec  5.53 MBytes  46.4 Mbits/sec  4002  
[  5]  67.00-68.20  sec  14.4 MBytes   101 Mbits/sec  10436  
[  5]  68.20-69.00  sec  7.44 MBytes  77.4 Mbits/sec  5386  
[  5]  69.00-70.02  sec  9.96 MBytes  82.5 Mbits/sec  7216  
[  5]  70.02-71.30  sec  12.0 MBytes  78.3 Mbits/sec  8688  
[  5]  71.30-72.00  sec  10.1 MBytes   121 Mbits/sec  7331  
[  5]  72.00-73.00  sec  11.2 MBytes  94.2 Mbits/sec  8132  
[  5]  73.00-74.01  sec  6.82 MBytes  56.7 Mbits/sec  4937  
[  5]  74.01-75.00  sec  4.99 MBytes  42.3 Mbits/sec  3615  
[  5]  75.00-76.00  sec  5.33 MBytes  44.8 Mbits/sec  3861  
[  5]  76.00-77.01  sec  4.87 MBytes  40.6 Mbits/sec  3528  
[  5]  77.01-78.03  sec  6.46 MBytes  53.2 Mbits/sec  4680  
[  5]  78.03-79.03  sec  11.1 MBytes  92.5 Mbits/sec  8058  
[  5]  79.03-80.00  sec  10.3 MBytes  89.0 Mbits/sec  7433  
[  5]  80.00-81.00  sec  10.0 MBytes  84.0 Mbits/sec  7245  
[  5]  81.00-82.06  sec  9.69 MBytes  76.9 Mbits/sec  7020  
[  5]  82.06-83.00  sec  9.48 MBytes  84.4 Mbits/sec  6863  
[  5]  83.00-84.00  sec  7.91 MBytes  66.3 Mbits/sec  5729  
[  5]  84.00-85.00  sec  8.97 MBytes  75.2 Mbits/sec  6496  
[  5]  85.00-86.02  sec  10.3 MBytes  84.6 Mbits/sec  7445  
[  5]  86.02-87.03  sec  9.09 MBytes  75.8 Mbits/sec  6579  
[  5]  87.03-88.00  sec  5.64 MBytes  48.5 Mbits/sec  4081  
[  5]  88.00-89.80  sec  15.6 MBytes  72.8 Mbits/sec  11275  
[  5]  89.80-90.13  sec  5.62 MBytes   142 Mbits/sec  4067  
[  5]  90.13-91.00  sec  8.43 MBytes  80.6 Mbits/sec  6106  
[  5]  91.00-92.00  sec  4.54 MBytes  38.2 Mbits/sec  3291  
[  5]  92.00-93.00  sec  12.1 MBytes   102 Mbits/sec  8787  
[  5]  93.00-94.00  sec  11.9 MBytes  99.5 Mbits/sec  8608  
[  5]  94.00-95.00  sec  8.39 MBytes  70.3 Mbits/sec  6078  
[  5]  95.00-96.00  sec  4.02 MBytes  33.8 Mbits/sec  2909  
[  5]  96.00-97.00  sec  7.11 MBytes  59.6 Mbits/sec  5146  
[  5]  97.00-98.04  sec  5.95 MBytes  47.8 Mbits/sec  4306  
[  5]  98.04-99.00  sec  4.98 MBytes  43.6 Mbits/sec  3605  
[  5]  99.00-100.00 sec  6.26 MBytes  52.4 Mbits/sec  4536  
[  5] 100.00-101.04 sec  10.9 MBytes  88.7 Mbits/sec  7928  
[  5] 101.04-102.00 sec  12.1 MBytes   106 Mbits/sec  8783  
[  5] 102.00-103.00 sec  6.83 MBytes  57.3 Mbits/sec  4944  
[  5] 103.00-104.00 sec  6.81 MBytes  56.9 Mbits/sec  4928  
[  5] 104.00-105.01 sec  6.06 MBytes  50.6 Mbits/sec  4386  
[  5] 105.01-106.00 sec  6.78 MBytes  57.3 Mbits/sec  4911  
[  5] 106.00-107.01 sec  5.92 MBytes  49.1 Mbits/sec  4284  
[  5] 107.01-108.00 sec  11.3 MBytes  95.8 Mbits/sec  8193  
[  5] 108.00-109.01 sec  12.5 MBytes   104 Mbits/sec  9019  
[  5] 109.01-110.00 sec  15.5 MBytes   131 Mbits/sec  11214  
[  5] 110.00-111.00 sec  13.8 MBytes   116 Mbits/sec  9989  
[  5] 111.00-112.00 sec  14.4 MBytes   121 Mbits/sec  10441  
[  5] 112.00-113.00 sec  13.6 MBytes   114 Mbits/sec  9881  
[  5] 113.00-114.01 sec  12.1 MBytes   101 Mbits/sec  8755  
[  5] 114.01-115.01 sec  11.6 MBytes  97.6 Mbits/sec  8420  
[  5] 115.01-116.00 sec  8.58 MBytes  72.5 Mbits/sec  6212  
[  5] 116.00-117.02 sec  9.45 MBytes  78.0 Mbits/sec  6845  
[  5] 117.02-118.00 sec  11.3 MBytes  96.6 Mbits/sec  8197  
[  5] 118.00-119.01 sec  9.54 MBytes  79.6 Mbits/sec  6907  
[  5] 119.01-120.00 sec  12.3 MBytes   104 Mbits/sec  8932  
[  5] 120.00-121.00 sec  14.4 MBytes   121 Mbits/sec  10455  
[  5] 121.00-122.00 sec  7.13 MBytes  60.0 Mbits/sec  5164  
[  5] 122.00-122.33 sec  3.47 MBytes  88.6 Mbits/sec  2509  
- - - - - - - - - - - - - - - - - - - - - - - - -
[ ID] Interval           Transfer     Bitrate         Jitter    Lost/Total Datagrams
[  5]   0.00-122.33 sec  1.04 GBytes  73.4 Mbits/sec  0.000 ms  0/774613 (0%)  sender
[  5]   0.00-122.33 sec  0.00 Bytes  0.00 bits/sec  0.000 ms  0/0 (0%)  receiver
