Connecting to host 192.168.31.25, port 5202
[  5] local 192.168.31.198 port 45660 connected to 192.168.31.25 port 5202
[ ID] Interval           Transfer     Bitrate         Total Datagrams
[  5]   0.00-1.00   sec  5.96 MBytes  50.0 Mbits/sec  4319  
[  5]   1.00-2.00   sec  5.97 MBytes  50.0 Mbits/sec  4319  
[  5]   2.00-3.02   sec  6.05 MBytes  50.0 Mbits/sec  4382  
[  5]   3.02-4.00   sec  5.87 MBytes  50.0 Mbits/sec  4248  
[  5]   4.00-5.06   sec  5.91 MBytes  46.9 Mbits/sec  4284  
[  5]   5.06-6.03   sec  5.26 MBytes  45.5 Mbits/sec  3809  
[  5]   6.03-7.00   sec  5.74 MBytes  49.5 Mbits/sec  4160  
[  5]   7.00-8.00   sec  4.91 MBytes  41.2 Mbits/sec  3553  
[  5]   8.00-9.00   sec  7.08 MBytes  59.2 Mbits/sec  5126  
[  5]   9.00-10.00  sec  6.82 MBytes  57.3 Mbits/sec  4938  
[  5]  10.00-11.00  sec  5.05 MBytes  42.4 Mbits/sec  3658  
[  5]  11.00-12.00  sec  6.91 MBytes  57.9 Mbits/sec  5005  
[  5]  12.00-13.00  sec  5.96 MBytes  50.0 Mbits/sec  4314  
[  5]  13.00-14.01  sec  6.00 MBytes  50.0 Mbits/sec  4345  
[  5]  14.01-15.00  sec  5.92 MBytes  50.0 Mbits/sec  4289  
[  5]  15.00-16.01  sec  6.02 MBytes  50.0 Mbits/sec  4361  
[  5]  16.01-17.00  sec  5.90 MBytes  50.0 Mbits/sec  4272  
[  5]  17.00-18.00  sec  5.95 MBytes  50.0 Mbits/sec  4313  
[  5]  18.00-19.00  sec  5.96 MBytes  50.0 Mbits/sec  4318  
[  5]  19.00-20.00  sec  5.96 MBytes  50.0 Mbits/sec  4315  
[  5]  20.00-21.01  sec  5.96 MBytes  49.8 Mbits/sec  4318  
[  5]  21.01-22.00  sec  5.96 MBytes  50.2 Mbits/sec  4315  
[  5]  22.00-23.00  sec  5.93 MBytes  49.7 Mbits/sec  4293  
[  5]  23.00-24.00  sec  6.00 MBytes  50.3 Mbits/sec  4341  
[  5]  24.00-25.21  sec  6.54 MBytes  45.3 Mbits/sec  4733  
[  5]  25.21-26.00  sec  5.38 MBytes  57.3 Mbits/sec  3897  
[  5]  26.00-27.00  sec  5.96 MBytes  50.0 Mbits/sec  4316  
[  5]  27.00-28.00  sec  5.96 MBytes  50.0 Mbits/sec  4315  
[  5]  28.00-29.00  sec  5.98 MBytes  50.1 Mbits/sec  4335  
[  5]  29.00-30.00  sec  5.94 MBytes  50.0 Mbits/sec  4301  
[  5]  30.00-31.27  sec  7.48 MBytes  49.5 Mbits/sec  5418  
[  5]  31.27-32.00  sec  4.44 MBytes  50.7 Mbits/sec  3212  
[  5]  32.00-33.17  sec  6.09 MBytes  43.9 Mbits/sec  4413  
[  5]  33.17-34.00  sec  5.82 MBytes  58.5 Mbits/sec  4214  
[  5]  34.00-35.00  sec  5.97 MBytes  50.1 Mbits/sec  4324  
[  5]  35.00-36.01  sec  6.01 MBytes  50.0 Mbits/sec  4353  
[  5]  36.01-37.00  sec  5.91 MBytes  50.0 Mbits/sec  4279  
[  5]  37.00-38.00  sec  5.97 MBytes  50.0 Mbits/sec  4325  
[  5]  38.00-39.04  sec  6.16 MBytes  50.0 Mbits/sec  4459  
[  5]  39.04-40.00  sec  5.76 MBytes  50.0 Mbits/sec  4171  
[  5]  40.00-41.00  sec  5.95 MBytes  50.0 Mbits/sec  4312  
[  5]  41.00-42.00  sec  5.96 MBytes  50.0 Mbits/sec  4315  
[  5]  42.00-43.00  sec  5.96 MBytes  50.0 Mbits/sec  4316  
[  5]  43.00-44.00  sec  5.96 MBytes  50.0 Mbits/sec  4318  
[  5]  44.00-45.02  sec  6.08 MBytes  50.0 Mbits/sec  4405  
[  5]  45.02-46.00  sec  5.84 MBytes  50.0 Mbits/sec  4226  
[  5]  46.00-47.00  sec  5.96 MBytes  50.0 Mbits/sec  4316  
[  5]  47.00-48.00  sec  5.96 MBytes  50.0 Mbits/sec  4318  
[  5]  48.00-49.00  sec  5.96 MBytes  50.0 Mbits/sec  4315  
[  5]  49.00-50.01  sec  5.98 MBytes  49.9 Mbits/sec  4333  
[  5]  50.01-51.00  sec  5.94 MBytes  50.1 Mbits/sec  4300  
[  5]  51.00-52.10  sec  5.97 MBytes  45.6 Mbits/sec  4325  
[  5]  52.10-53.00  sec  5.96 MBytes  55.3 Mbits/sec  4315  
[  5]  53.00-54.00  sec  5.95 MBytes  50.0 Mbits/sec  4310  
[  5]  54.00-55.00  sec  5.97 MBytes  50.0 Mbits/sec  4322  
[  5]  55.00-56.00  sec  5.84 MBytes  49.0 Mbits/sec  4226  
[  5]  56.00-57.18  sec  6.41 MBytes  45.7 Mbits/sec  4640  
[  5]  57.18-58.00  sec  5.63 MBytes  57.4 Mbits/sec  4076  
[  5]  58.00-59.00  sec  5.96 MBytes  50.0 Mbits/sec  4316  
[  5]  59.00-60.00  sec  5.93 MBytes  49.7 Mbits/sec  4297  
[  5]  60.00-61.00  sec  5.99 MBytes  50.3 Mbits/sec  4338  
[  5]  61.00-62.00  sec  5.96 MBytes  50.0 Mbits/sec  4317  
[  5]  62.00-63.01  sec  5.89 MBytes  48.8 Mbits/sec  4263  
[  5]  63.01-64.00  sec  5.90 MBytes  50.0 Mbits/sec  4271  
[  iperf3: interrupt - the client has terminated by signal Terminated(15)
5]  64.00-65.00  sec  6.07 MBytes  51.0 Mbits/sec  4395  
[  5]  65.00-66.00  sec  5.98 MBytes  50.2 Mbits/sec  4334  
[  5]  66.00-67.00  sec  5.96 MBytes  50.0 Mbits/sec  4317  
[  5]  67.00-68.05  sec  6.24 MBytes  50.0 Mbits/sec  4520  
[  5]  68.05-69.00  sec  5.67 MBytes  50.0 Mbits/sec  4109  
[  5]  69.00-70.00  sec  5.97 MBytes  50.0 Mbits/sec  4319  
[  5]  70.00-71.00  sec  5.96 MBytes  50.0 Mbits/sec  4316  
[  5]  71.00-72.00  sec  5.96 MBytes  50.0 Mbits/sec  4314  
[  5]  72.00-73.00  sec  5.97 MBytes  50.0 Mbits/sec  4321  
[  5]  73.00-74.06  sec  6.32 MBytes  50.0 Mbits/sec  4579  
[  5]  74.06-75.04  sec  5.81 MBytes  50.0 Mbits/sec  4205  
[  5]  75.04-76.00  sec  5.75 MBytes  50.0 Mbits/sec  4164  
[  5]  76.00-77.00  sec  5.98 MBytes  50.0 Mbits/sec  4332  
[  5]  77.00-78.07  sec  6.37 MBytes  50.0 Mbits/sec  4611  
[  5]  78.07-79.00  sec  5.53 MBytes  50.0 Mbits/sec  4005  
[  5]  79.00-80.00  sec  5.97 MBytes  50.0 Mbits/sec  4321  
[  5]  80.00-81.00  sec  5.95 MBytes  50.0 Mbits/sec  4312  
[  5]  81.00-82.03  sec  6.11 MBytes  50.0 Mbits/sec  4422  
[  5]  82.03-83.00  sec  5.82 MBytes  50.0 Mbits/sec  4213  
[  5]  83.00-84.00  sec  5.95 MBytes  50.0 Mbits/sec  4312  
[  5]  84.00-85.00  sec  5.95 MBytes  49.9 Mbits/sec  4313  
[  5]  85.00-86.00  sec  5.97 MBytes  50.1 Mbits/sec  4321  
[  5]  86.00-87.00  sec  5.96 MBytes  50.0 Mbits/sec  4315  
[  5]  87.00-88.00  sec  5.96 MBytes  50.0 Mbits/sec  4318  
[  5]  88.00-89.00  sec  5.96 MBytes  50.0 Mbits/sec  4315  
[  5]  89.00-90.00  sec  5.97 MBytes  50.0 Mbits/sec  4320  
[  5]  90.00-91.00  sec  5.95 MBytes  50.0 Mbits/sec  4313  
[  5]  91.00-92.01  sec  6.01 MBytes  50.0 Mbits/sec  4348  
[  5]  92.01-93.01  sec  3.16 MBytes  26.4 Mbits/sec  2291  
[  5]  93.01-94.00  sec  8.43 MBytes  71.5 Mbits/sec  6105  
[  5]  94.00-95.00  sec  6.25 MBytes  52.4 Mbits/sec  4527  
[  5]  95.00-96.00  sec  5.95 MBytes  50.0 Mbits/sec  4310  
[  5]  96.00-97.00  sec  5.97 MBytes  50.0 Mbits/sec  4321  
[  5]  97.00-98.00  sec  5.97 MBytes  50.0 Mbits/sec  4325  
[  5]  98.00-99.00  sec  5.94 MBytes  50.0 Mbits/sec  4304  
[  5]  99.00-100.03 sec  5.93 MBytes  48.5 Mbits/sec  4292  
[  5] 100.03-101.00 sec  3.07 MBytes  26.4 Mbits/sec  2225  
[  5] 101.00-102.02 sec  8.27 MBytes  68.4 Mbits/sec  5992  
[  5] 102.02-103.01 sec  5.57 MBytes  46.9 Mbits/sec  4030  
[  5] 103.01-104.00 sec  3.53 MBytes  29.9 Mbits/sec  2557  
[  5] 104.00-105.00 sec  5.54 MBytes  46.5 Mbits/sec  4012  
[  5] 105.00-106.00 sec  5.48 MBytes  46.0 Mbits/sec  3969  
[  5] 106.00-107.01 sec  5.11 MBytes  42.7 Mbits/sec  3703  
[  5] 107.01-108.00 sec  6.38 MBytes  53.9 Mbits/sec  4623  
[  5] 108.00-109.00 sec  9.83 MBytes  82.4 Mbits/sec  7118  
[  5] 109.00-110.02 sec  6.72 MBytes  55.1 Mbits/sec  4869  
[  5] 110.02-111.03 sec  5.16 MBytes  43.2 Mbits/sec  3740  
[  5] 111.03-112.02 sec  6.54 MBytes  55.3 Mbits/sec  4734  
[  5] 112.02-113.00 sec  6.12 MBytes  52.1 Mbits/sec  4432  
[  5] 113.00-114.00 sec  6.16 MBytes  51.7 Mbits/sec  4458  
[  5] 114.00-115.00 sec  5.96 MBytes  50.0 Mbits/sec  4314  
[  5] 115.00-116.00 sec  5.95 MBytes  50.0 Mbits/sec  4306  
[  5] 116.00-117.00 sec  5.96 MBytes  50.0 Mbits/sec  4318  
[  5] 117.00-118.00 sec  5.96 MBytes  50.0 Mbits/sec  4316  
[  5] 118.00-119.00 sec  5.96 MBytes  50.0 Mbits/sec  4316  
[  5] 119.00-120.00 sec  5.96 MBytes  50.0 Mbits/sec  4318  
[  5] 120.00-121.00 sec  5.97 MBytes  50.0 Mbits/sec  4326  
[  5] 121.00-122.00 sec  3.90 MBytes  32.8 Mbits/sec  2825  
[  5] 122.00-122.16 sec  1.05 MBytes  53.5 Mbits/sec  759  
- - - - - - - - - - - - - - - - - - - - - - - - -
[ ID] Interval           Transfer     Bitrate         Jitter    Lost/Total Datagrams
[  5]   0.00-122.16 sec   726 MBytes  49.9 Mbits/sec  0.000 ms  0/525869 (0%)  sender
[  5]   0.00-122.16 sec  0.00 Bytes  0.00 bits/sec  0.000 ms  0/0 (0%)  receiver
