Connecting to host 192.168.31.25, port 5202
[  5] local 192.168.31.198 port 36130 connected to 192.168.31.25 port 5202
[ ID] Interval           Transfer     Bitrate         Total Datagrams
[  5]   0.00-1.00   sec  5.96 MBytes  50.0 Mbits/sec  4316  
[  5]   1.00-2.01   sec  5.26 MBytes  43.9 Mbits/sec  3812  
[  5]   2.01-3.00   sec  6.59 MBytes  55.5 Mbits/sec  4771  
[  5]   3.00-4.03   sec  6.22 MBytes  50.5 Mbits/sec  4503  
[  5]   4.03-5.00   sec  5.78 MBytes  50.0 Mbits/sec  4185  
[  5]   5.00-6.01   sec  6.01 MBytes  50.0 Mbits/sec  4354  
[  5]   6.01-7.01   sec  5.96 MBytes  50.0 Mbits/sec  4315  
[  5]   7.01-8.00   sec  5.90 MBytes  49.9 Mbits/sec  4274  
[  5]   8.00-9.00   sec  5.97 MBytes  50.1 Mbits/sec  4323  
[  5]   9.00-10.00  sec  5.96 MBytes  50.0 Mbits/sec  4313  
[  5]  10.00-11.00  sec  5.97 MBytes  50.1 Mbits/sec  4322  
[  5]  11.00-12.00  sec  5.98 MBytes  50.0 Mbits/sec  4329  
[  5]  12.00-13.00  sec  5.94 MBytes  50.0 Mbits/sec  4297  
[  5]  13.00-14.04  sec  6.18 MBytes  50.0 Mbits/sec  4478  
[  5]  14.04-15.23  sec  6.55 MBytes  46.2 Mbits/sec  4745  
[  5]  15.23-16.00  sec  5.15 MBytes  55.9 Mbits/sec  3725  
[  5]  16.00-17.00  sec  5.96 MBytes  50.0 Mbits/sec  4314  
[  5]  17.00-18.00  sec  5.96 MBytes  50.0 Mbits/sec  4317  
[  5]  18.00-19.00  sec  5.96 MBytes  50.0 Mbits/sec  4318  
[  5]  19.00-20.00  sec  5.96 MBytes  50.0 Mbits/sec  4316  
[  5]  20.00-21.00  sec  5.96 MBytes  50.0 Mbits/sec  4315  
[  5]  21.00-22.00  sec  5.96 MBytes  50.0 Mbits/sec  4318  
[  5]  22.00-23.00  sec  5.96 MBytes  49.9 Mbits/sec  4315  
[  5]  23.00-24.12  sec  6.63 MBytes  49.5 Mbits/sec  4801  
[  5]  24.12-25.00  sec  5.30 MBytes  50.7 Mbits/sec  3838  
[  5]  25.00-26.00  sec  5.95 MBytes  50.0 Mbits/sec  4312  
[  5]  26.00-27.00  sec  5.96 MBytes  50.0 Mbits/sec  4315  
[  5]  27.00-28.01  sec  5.79 MBytes  48.2 Mbits/sec  4194  
[  5]  28.01-29.03  sec  6.31 MBytes  51.8 Mbits/sec  4571  
[  5]  29.03-30.00  sec  5.78 MBytes  50.0 Mbits/sec  4185  
[  5]  30.00-31.00  sec  5.96 MBytes  49.9 Mbits/sec  4315  
[  5]  31.00-32.03  sec  6.16 MBytes  50.0 Mbits/sec  4458  
[  5]  32.03-33.00  sec  5.77 MBytes  50.0 Mbits/sec  4176  
[  5]  33.00-34.00  sec  5.96 MBytes  50.0 Mbits/sec  4316  
[  5]  34.00-35.00  sec  5.98 MBytes  50.0 Mbits/sec  4329  
[  5]  35.00-36.00  sec  5.94 MBytes  50.0 Mbits/sec  4304  
[  5]  36.00-37.00  sec  5.96 MBytes  50.0 Mbits/sec  4314  
[  5]  37.00-38.00  sec  5.96 MBytes  50.0 Mbits/sec  4318  
[  5]  38.00-39.00  sec  5.96 MBytes  50.0 Mbits/sec  4313  
[  5]  39.00-40.00  sec  5.97 MBytes  50.0 Mbits/sec  4321  
[  5]  40.00-41.00  sec  5.96 MBytes  50.0 Mbits/sec  4316  
[  5]  41.00-42.00  sec  5.96 MBytes  50.0 Mbits/sec  4319  
[  5]  42.00-43.00  sec  5.95 MBytes  50.0 Mbits/sec  4312  
[  5]  43.00-44.00  sec  5.96 MBytes  50.0 Mbits/sec  4317  
[  5]  44.00-45.01  sec  5.96 MBytes  49.6 Mbits/sec  4320  
[  5]  45.01-46.10  sec  6.31 MBytes  48.3 Mbits/sec  4567  
[  5]  46.10-47.00  sec  5.61 MBytes  52.5 Mbits/sec  4062  
[  5]  47.00-48.05  sec  5.70 MBytes  45.6 Mbits/sec  4128  
[  5]  48.05-49.01  sec  6.16 MBytes  53.9 Mbits/sec  4462  
[  5]  49.01-50.00  sec  6.02 MBytes  51.0 Mbits/sec  4359  
[  5]  50.00-51.00  sec  5.96 MBytes  50.0 Mbits/sec  4316  
[  5]  51.00-52.00  sec  5.82 MBytes  48.7 Mbits/sec  4218  
[  5]  52.00-53.00  sec  6.10 MBytes  51.3 Mbits/sec  4415  
[  5]  53.00-54.00  sec  5.81 MBytes  48.8 Mbits/sec  4211  
[  5]  54.00-55.00  sec  6.11 MBytes  51.2 Mbits/sec  4426  
[  5]  55.00-56.00  sec  5.96 MBytes  50.0 Mbits/sec  4315  
[  5]  56.00-57.00  sec  5.96 MBytes  50.0 Mbits/sec  4313  
[  5]  57.00-58.03  sec  6.15 MBytes  50.0 Mbits/sec  4451  
[  5]  58.03-59.00  sec  5.77 MBytes  50.0 Mbits/sec  4181  
[  5]  59.00-60.00  sec  5.96 MBytes  50.0 Mbits/sec  4315  
[  5]  60.00-61.06  sec  5.93 MBytes  46.9 Mbits/sec  4297  
[  5]  61.06-62.03  sec  6.01 MBytes  52.1 Mbits/sec  4350  
[  5]  62.03-63.00  sec  5.78 MBytes  49.9 Mbits/sec  4187  
[  5]  63.00-64.00  sec  5.94 MBytes  49.7 Mbits/sec  4303  
[  iperf3: interrupt - the client has terminated by signal Terminated(15)
5]  64.00-65.01  sec  4.96 MBytes  41.2 Mbits/sec  3591  
[  5]  65.01-66.00  sec  7.14 MBytes  60.7 Mbits/sec  5172  
[  5]  66.00-67.00  sec  5.64 MBytes  47.2 Mbits/sec  4086  
[  5]  67.00-68.00  sec  5.72 MBytes  47.9 Mbits/sec  4145  
[  5]  68.00-69.02  sec  6.26 MBytes  51.8 Mbits/sec  4534  
[  5]  69.02-70.00  sec  5.84 MBytes  49.9 Mbits/sec  4232  
[  5]  70.00-71.00  sec  6.34 MBytes  53.1 Mbits/sec  4587  
[  5]  71.00-72.00  sec  5.97 MBytes  50.0 Mbits/sec  4320  
[  5]  72.00-73.01  sec  6.01 MBytes  50.0 Mbits/sec  4352  
[  5]  73.01-74.00  sec  5.88 MBytes  49.8 Mbits/sec  4261  
[  5]  74.00-75.00  sec  5.89 MBytes  49.4 Mbits/sec  4266  
[  5]  75.00-76.00  sec  5.89 MBytes  49.4 Mbits/sec  4269  
[  5]  76.00-77.02  sec  4.51 MBytes  37.1 Mbits/sec  3266  
[  5]  77.02-78.00  sec  6.80 MBytes  58.2 Mbits/sec  4924  
[  5]  78.00-79.00  sec  5.71 MBytes  47.9 Mbits/sec  4135  
[  5]  79.00-80.00  sec  6.86 MBytes  57.6 Mbits/sec  4971  
[  5]  80.00-81.00  sec  6.07 MBytes  50.9 Mbits/sec  4396  
[  5]  81.00-82.00  sec  5.96 MBytes  50.0 Mbits/sec  4316  
[  5]  82.00-83.00  sec  5.97 MBytes  49.9 Mbits/sec  4324  
[  5]  83.00-84.00  sec  5.95 MBytes  50.1 Mbits/sec  4308  
[  5]  84.00-85.00  sec  5.96 MBytes  50.0 Mbits/sec  4318  
[  5]  85.00-86.00  sec  5.96 MBytes  50.0 Mbits/sec  4316  
[  5]  86.00-87.00  sec  5.76 MBytes  48.3 Mbits/sec  4170  
[  5]  87.00-88.00  sec  5.83 MBytes  48.8 Mbits/sec  4223  
[  5]  88.00-89.00  sec  6.29 MBytes  52.9 Mbits/sec  4555  
[  5]  89.00-90.05  sec  4.00 MBytes  32.0 Mbits/sec  2898  
[  5]  90.05-91.00  sec  6.77 MBytes  59.7 Mbits/sec  4903  
[  5]  91.00-92.00  sec  7.00 MBytes  58.8 Mbits/sec  5072  
[  5]  92.00-93.05  sec  5.87 MBytes  47.1 Mbits/sec  4250  
[  5]  93.05-94.00  sec  6.17 MBytes  54.1 Mbits/sec  4469  
[  5]  94.00-95.00  sec  5.95 MBytes  50.0 Mbits/sec  4306  
[  5]  95.00-96.00  sec  5.96 MBytes  50.0 Mbits/sec  4315  
[  5]  96.00-97.00  sec  5.96 MBytes  50.0 Mbits/sec  4317  
[  5]  97.00-98.00  sec  5.96 MBytes  50.0 Mbits/sec  4317  
[  5]  98.00-99.00  sec  5.95 MBytes  49.9 Mbits/sec  4311  
[  5]  99.00-100.00 sec  5.97 MBytes  50.1 Mbits/sec  4322  
[  5] 100.00-101.00 sec  5.84 MBytes  49.0 Mbits/sec  4233  
[  5] 101.00-102.01 sec  5.96 MBytes  49.4 Mbits/sec  4315  
[  5] 102.01-103.00 sec  6.08 MBytes  51.6 Mbits/sec  4401  
[  5] 103.00-104.00 sec  5.60 MBytes  46.9 Mbits/sec  4053  
[  5] 104.00-105.01 sec  4.36 MBytes  36.3 Mbits/sec  3158  
[  5] 105.01-106.00 sec  7.72 MBytes  65.2 Mbits/sec  5590  
[  5] 106.00-107.00 sec  4.53 MBytes  38.2 Mbits/sec  3283  
[  5] 107.00-108.00 sec  6.91 MBytes  58.0 Mbits/sec  5003  
[  5] 108.00-109.00 sec  6.66 MBytes  55.7 Mbits/sec  4819  
[  5] 109.00-110.01 sec  5.99 MBytes  49.9 Mbits/sec  4338  
[  5] 110.01-111.00 sec  5.92 MBytes  50.1 Mbits/sec  4286  
[  5] 111.00-112.00 sec  5.66 MBytes  47.5 Mbits/sec  4103  
[  5] 112.00-113.00 sec  6.18 MBytes  51.8 Mbits/sec  4476  
[  5] 113.00-114.09 sec  6.53 MBytes  50.5 Mbits/sec  4732  
[  5] 114.09-115.00 sec  5.46 MBytes  50.2 Mbits/sec  3955  
[  5] 115.00-116.00 sec  5.96 MBytes  50.0 Mbits/sec  4316  
[  5] 116.00-117.07 sec  5.98 MBytes  46.9 Mbits/sec  4327  
[  5] 117.07-118.00 sec  5.74 MBytes  51.5 Mbits/sec  4158  
[  5] 118.00-119.01 sec  6.14 MBytes  50.9 Mbits/sec  4444  
[  5] 119.01-120.00 sec  5.99 MBytes  50.9 Mbits/sec  4335  
[  5] 120.00-121.00 sec  5.46 MBytes  45.7 Mbits/sec  3957  
[  5] 121.00-122.01 sec  5.28 MBytes  44.1 Mbits/sec  3827  
[  5] 122.01-122.02 sec  86.3 KBytes  62.6 Mbits/sec  61  
- - - - - - - - - - - - - - - - - - - - - - - - -
[ ID] Interval           Transfer     Bitrate         Jitter    Lost/Total Datagrams
[  5]   0.00-122.02 sec   726 MBytes  49.9 Mbits/sec  0.000 ms  0/525802 (0%)  sender
[  5]   0.00-122.02 sec  0.00 Bytes  0.00 bits/sec  0.000 ms  0/0 (0%)  receiver
