Connecting to host 192.168.31.25, port 5202
[  5] local 192.168.31.198 port 58719 connected to 192.168.31.25 port 5202
[ ID] Interval           Transfer     Bitrate         Total Datagrams
[  5]   0.00-1.00   sec  5.98 MBytes  50.0 Mbits/sec  4333  
[  5]   1.00-2.01   sec  5.97 MBytes  50.0 Mbits/sec  4325  
[  5]   2.01-3.00   sec  5.93 MBytes  50.0 Mbits/sec  4293  
[  5]   3.00-4.00   sec  5.96 MBytes  50.0 Mbits/sec  4315  
[  5]   4.00-5.00   sec  5.46 MBytes  45.8 Mbits/sec  3954  
[  5]   5.00-6.01   sec  6.35 MBytes  53.0 Mbits/sec  4600  
[  5]   6.01-7.00   sec  3.87 MBytes  32.6 Mbits/sec  2799  
[  5]   7.00-8.00   sec  8.13 MBytes  68.1 Mbits/sec  5888  
[  5]   8.00-9.00   sec  5.99 MBytes  50.5 Mbits/sec  4341  
[  5]   9.00-10.02  sec  6.03 MBytes  49.6 Mbits/sec  4369  
[  5]  10.02-11.01  sec  5.78 MBytes  49.1 Mbits/sec  4183  
[  5]  11.01-12.01  sec  5.90 MBytes  49.4 Mbits/sec  4271  
[  5]  12.01-13.00  sec  6.13 MBytes  51.8 Mbits/sec  4438  
[  5]  13.00-14.00  sec  5.86 MBytes  49.0 Mbits/sec  4241  
[  5]  14.00-15.03  sec  3.46 MBytes  28.4 Mbits/sec  2508  
[  5]  15.03-16.02  sec  5.70 MBytes  48.5 Mbits/sec  4129  
[  5]  16.02-17.00  sec  8.12 MBytes  69.1 Mbits/sec  5877  
[  5]  17.00-18.00  sec  6.68 MBytes  56.0 Mbits/sec  4836  
[  5]  18.00-19.01  sec  5.59 MBytes  46.3 Mbits/sec  4047  
[  5]  19.01-20.01  sec  6.28 MBytes  53.2 Mbits/sec  4550  
[  5]  20.01-21.33  sec  7.97 MBytes  50.4 Mbits/sec  5775  
[  5]  21.33-22.02  sec  3.73 MBytes  45.6 Mbits/sec  2702  
[  5]  22.02-23.00  sec  6.22 MBytes  53.2 Mbits/sec  4503  
[  5]  23.00-24.01  sec  5.95 MBytes  49.7 Mbits/sec  4308  
[  5]  24.01-25.00  sec  5.98 MBytes  50.3 Mbits/sec  4326  
[  5]  25.00-26.00  sec  5.94 MBytes  49.8 Mbits/sec  4306  
[  5]  26.00-27.03  sec  5.92 MBytes  48.2 Mbits/sec  4288  
[  5]  27.03-28.04  sec  5.98 MBytes  49.9 Mbits/sec  4329  
[  5]  28.04-29.00  sec  5.98 MBytes  52.0 Mbits/sec  4328  
[  5]  29.00-30.02  sec  5.87 MBytes  48.4 Mbits/sec  4254  
[  5]  30.02-31.03  sec  6.18 MBytes  51.2 Mbits/sec  4477  
[  5]  31.03-32.00  sec  5.61 MBytes  48.6 Mbits/sec  4067  
[  5]  32.00-33.00  sec  6.19 MBytes  51.9 Mbits/sec  4480  
[  5]  33.00-34.00  sec  5.97 MBytes  50.0 Mbits/sec  4320  
[  5]  34.00-35.00  sec  5.95 MBytes  50.0 Mbits/sec  4311  
[  5]  35.00-36.01  sec  5.86 MBytes  48.6 Mbits/sec  4239  
[  5]  36.01-37.00  sec  6.07 MBytes  51.4 Mbits/sec  4396  
[  5]  37.00-38.00  sec  5.96 MBytes  50.0 Mbits/sec  4315  
[  5]  38.00-39.02  sec  6.03 MBytes  49.8 Mbits/sec  4369  
[  5]  39.02-40.05  sec  5.99 MBytes  48.6 Mbits/sec  4341  
[  5]  40.05-41.00  sec  5.86 MBytes  51.8 Mbits/sec  4246  
[  5]  41.00-42.00  sec  5.81 MBytes  48.8 Mbits/sec  4209  
[  5]  42.00-43.01  sec  6.10 MBytes  50.9 Mbits/sec  4415  
[  5]  43.01-44.00  sec  3.96 MBytes  33.4 Mbits/sec  2868  
[  5]  44.00-45.00  sec  7.96 MBytes  66.9 Mbits/sec  5766  
[  5]  45.00-46.01  sec  5.99 MBytes  49.6 Mbits/sec  4335  
[  5]  46.01-47.00  sec  5.96 MBytes  50.4 Mbits/sec  4317  
[  5]  47.00-48.01  sec  5.69 MBytes  47.6 Mbits/sec  4124  
[  5]  48.01-49.01  sec  6.21 MBytes  52.1 Mbits/sec  4494  
[  5]  49.01-50.00  sec  5.97 MBytes  50.2 Mbits/sec  4321  
[  5]  50.00-51.00  sec  5.88 MBytes  49.5 Mbits/sec  4261  
[  5]  51.00-52.01  sec  5.99 MBytes  50.1 Mbits/sec  4340  
[  5]  52.01-53.01  sec  5.90 MBytes  49.1 Mbits/sec  4274  
[  5]  53.01-54.12  sec  5.89 MBytes  44.6 Mbits/sec  4262  
[  5]  54.12-55.02  sec  4.45 MBytes  41.7 Mbits/sec  3224  
[  5]  55.02-56.02  sec  7.64 MBytes  63.7 Mbits/sec  5532  
[  5]  56.02-57.00  sec  1.21 MBytes  10.4 Mbits/sec  874  
[  5]  57.00-58.00  sec  10.1 MBytes  85.1 Mbits/sec  7342  
[  5]  58.00-59.01  sec  6.48 MBytes  53.8 Mbits/sec  4695  
[  5]  59.01-60.00  sec  6.01 MBytes  51.0 Mbits/sec  4350  
[  5]  60.00-61.00  sec  5.96 MBytes  50.0 Mbits/sec  4316  
[  5]  61.00-62.00  sec  5.96 MBytes  50.0 Mbits/sec  4318  
[  5]  62.00-63.00  sec  5.96 MBytes  50.0 Mbits/sec  4314  
[  5]  63.00-64.00  sec  5.96 MBytes  50.0 Mbits/sec  4317  
[  5iperf3: interrupt - the client has terminated by signal Terminated(15)
]  64.00-65.00  sec  5.96 MBytes  50.0 Mbits/sec  4316  
[  5]  65.00-66.00  sec  5.97 MBytes  50.0 Mbits/sec  4322  
[  5]  66.00-67.00  sec  5.96 MBytes  50.0 Mbits/sec  4315  
[  5]  67.00-68.00  sec  5.97 MBytes  50.0 Mbits/sec  4324  
[  5]  68.00-69.00  sec  5.93 MBytes  49.9 Mbits/sec  4296  
[  5]  69.00-70.00  sec  5.97 MBytes  50.1 Mbits/sec  4326  
[  5]  70.00-71.00  sec  5.87 MBytes  49.1 Mbits/sec  4250  
[  5]  71.00-72.00  sec  6.05 MBytes  50.9 Mbits/sec  4381  
[  5]  72.00-73.00  sec  5.96 MBytes  50.0 Mbits/sec  4317  
[  5]  73.00-74.00  sec  5.98 MBytes  50.0 Mbits/sec  4329  
[  5]  74.00-75.01  sec  5.89 MBytes  49.2 Mbits/sec  4269  
[  5]  75.01-76.01  sec  6.03 MBytes  50.7 Mbits/sec  4370  
[  5]  76.01-77.00  sec  5.94 MBytes  50.2 Mbits/sec  4297  
[  5]  77.00-78.01  sec  5.94 MBytes  49.4 Mbits/sec  4301  
[  5]  78.01-79.00  sec  5.89 MBytes  49.8 Mbits/sec  4265  
[  5]  79.00-80.00  sec  5.90 MBytes  49.4 Mbits/sec  4276  
[  5]  80.00-81.00  sec  4.62 MBytes  38.9 Mbits/sec  3350  
[  5]  81.00-82.00  sec  6.87 MBytes  57.5 Mbits/sec  4977  
[  5]  82.00-83.01  sec  6.47 MBytes  54.0 Mbits/sec  4685  
[  5]  83.01-84.00  sec  5.72 MBytes  48.3 Mbits/sec  4140  
[  5]  84.00-85.02  sec  6.24 MBytes  51.5 Mbits/sec  4517  
[  5]  85.02-86.02  sec  5.86 MBytes  48.9 Mbits/sec  4245  
[  5]  86.02-87.01  sec  5.97 MBytes  50.9 Mbits/sec  4323  
[  5]  87.01-88.00  sec  6.08 MBytes  51.3 Mbits/sec  4402  
[  5]  88.00-89.00  sec  5.76 MBytes  48.3 Mbits/sec  4170  
[  5]  89.00-90.00  sec  6.16 MBytes  51.7 Mbits/sec  4460  
[  5]  90.00-91.00  sec  5.94 MBytes  49.8 Mbits/sec  4304  
[  5]  91.00-92.01  sec  5.62 MBytes  46.8 Mbits/sec  4072  
[  5]  92.01-93.00  sec  6.32 MBytes  53.5 Mbits/sec  4578  
[  5]  93.00-94.00  sec  5.93 MBytes  49.8 Mbits/sec  4295  
[  5]  94.00-95.01  sec  5.97 MBytes  49.8 Mbits/sec  4320  
[  5]  95.01-96.02  sec  5.93 MBytes  49.0 Mbits/sec  4295  
[  5]  96.02-97.06  sec  6.04 MBytes  49.1 Mbits/sec  4378  
[  5]  97.06-98.00  sec  5.81 MBytes  51.6 Mbits/sec  4209  
[  5]  98.00-99.00  sec  6.08 MBytes  50.9 Mbits/sec  4401  
[  5]  99.00-100.00 sec  5.95 MBytes  50.0 Mbits/sec  4311  
[  5] 100.00-101.07 sec  3.46 MBytes  27.1 Mbits/sec  2504  
[  5] 101.07-102.04 sec  6.15 MBytes  53.6 Mbits/sec  4456  
[  5] 102.04-103.00 sec  7.52 MBytes  65.3 Mbits/sec  5446  
[  5] 103.00-104.27 sec  7.14 MBytes  47.1 Mbits/sec  5166  
[  5] 104.27-105.00 sec  5.54 MBytes  63.6 Mbits/sec  4009  
[  5] 105.00-106.35 sec  7.90 MBytes  49.3 Mbits/sec  5723  
[  5] 106.35-107.04 sec  3.87 MBytes  47.1 Mbits/sec  2806  
[  5] 107.04-108.01 sec  6.09 MBytes  52.7 Mbits/sec  4408  
[  5] 108.01-109.05 sec  6.10 MBytes  48.9 Mbits/sec  4417  
[  5] 109.05-110.03 sec  5.67 MBytes  48.8 Mbits/sec  4108  
[  5] 110.03-111.01 sec  5.96 MBytes  50.8 Mbits/sec  4319  
[  5] 111.01-112.00 sec  6.13 MBytes  51.9 Mbits/sec  4436  
[  5] 112.00-113.01 sec  5.92 MBytes  49.4 Mbits/sec  4289  
[  5] 113.01-114.00 sec  6.00 MBytes  50.6 Mbits/sec  4342  
[  5] 114.00-115.01 sec  4.88 MBytes  40.7 Mbits/sec  3532  
[  5] 115.01-116.01 sec  6.87 MBytes  57.6 Mbits/sec  4973  
[  5] 116.01-117.00 sec  5.95 MBytes  50.2 Mbits/sec  4311  
[  5] 117.00-118.00 sec  5.26 MBytes  44.2 Mbits/sec  3812  
[  5] 118.00-119.00 sec  6.21 MBytes  51.8 Mbits/sec  4496  
[  5] 119.00-120.00 sec  5.50 MBytes  46.2 Mbits/sec  3985  
[  5] 120.00-121.01 sec  6.60 MBytes  55.1 Mbits/sec  4782  
[  5] 121.01-122.00 sec  6.28 MBytes  53.1 Mbits/sec  4545  
[  5] 122.00-122.40 sec  2.51 MBytes  52.8 Mbits/sec  1820  
- - - - - - - - - - - - - - - - - - - - - - - - -
[ ID] Interval           Transfer     Bitrate         Jitter    Lost/Total Datagrams
[  5]   0.00-122.40 sec   730 MBytes  50.0 Mbits/sec  0.000 ms  0/528316 (0%)  sender
[  5]   0.00-122.40 sec  0.00 Bytes  0.00 bits/sec  0.000 ms  0/0 (0%)  receiver
