Connecting to host 192.168.31.25, port 5202
[  5] local 192.168.31.198 port 49416 connected to 192.168.31.25 port 5202
[ ID] Interval           Transfer     Bitrate         Total Datagrams
[  5]   0.00-1.00   sec  9.57 MBytes  80.0 Mbits/sec  6927  
[  5]   1.00-2.00   sec  9.51 MBytes  80.0 Mbits/sec  6887  
[  5]   2.00-3.00   sec  9.56 MBytes  80.0 Mbits/sec  6925  
[  5]   3.00-4.00   sec  8.20 MBytes  68.7 Mbits/sec  5936  
[  5]   4.00-5.01   sec  10.9 MBytes  91.2 Mbits/sec  7902  
[  5]   5.01-6.00   sec  9.43 MBytes  79.6 Mbits/sec  6829  
[  5]   6.00-7.00   sec  9.62 MBytes  80.5 Mbits/sec  6962  
[  5]   7.00-8.43   sec  10.4 MBytes  61.0 Mbits/sec  7498  
[  5]   8.43-10.36  sec  18.6 MBytes  80.8 Mbits/sec  13503  
[  5]  10.36-11.06  sec  9.41 MBytes   114 Mbits/sec  6811  
[  5]  11.06-12.00  sec  9.24 MBytes  82.1 Mbits/sec  6692  
[  5]  12.00-13.00  sec  9.54 MBytes  80.0 Mbits/sec  6906  
[  5]  13.00-14.02  sec  8.18 MBytes  67.1 Mbits/sec  5922  
[  5]  14.02-15.07  sec  11.6 MBytes  92.5 Mbits/sec  8394  
[  5]  15.07-16.01  sec  8.88 MBytes  80.0 Mbits/sec  6433  
[  5]  16.01-17.31  sec  12.1 MBytes  77.7 Mbits/sec  8759  
[  5]  17.31-18.00  sec  6.93 MBytes  84.5 Mbits/sec  5022  
[  5]  18.00-19.00  sec  9.54 MBytes  80.0 Mbits/sec  6909  
[  5]  19.00-20.05  sec  7.49 MBytes  60.1 Mbits/sec  5427  
[  5]  20.05-21.03  sec  11.6 MBytes  98.4 Mbits/sec  8375  
[  5]  21.03-22.00  sec  9.49 MBytes  82.3 Mbits/sec  6873  
[  5]  22.00-23.01  sec  9.58 MBytes  80.0 Mbits/sec  6939  
[  5]  23.01-24.00  sec  9.55 MBytes  80.5 Mbits/sec  6916  
[  5]  24.00-25.00  sec  9.56 MBytes  80.0 Mbits/sec  6921  
[  5]  25.00-26.00  sec  9.51 MBytes  80.0 Mbits/sec  6890  
[  5]  26.00-27.00  sec  9.54 MBytes  80.0 Mbits/sec  6911  
[  5]  27.00-28.00  sec  9.53 MBytes  80.0 Mbits/sec  6904  
[  5]  28.00-29.00  sec  9.54 MBytes  80.0 Mbits/sec  6905  
[  5]  29.00-30.00  sec  9.54 MBytes  79.9 Mbits/sec  6907  
[  5]  30.00-31.00  sec  8.25 MBytes  69.3 Mbits/sec  5976  
[  5]  31.00-32.00  sec  10.8 MBytes  90.8 Mbits/sec  7850  
[  5]  32.00-33.00  sec  9.51 MBytes  79.9 Mbits/sec  6885  
[  5]  33.00-34.00  sec  9.50 MBytes  79.7 Mbits/sec  6877  
[  5]  34.00-35.01  sec  9.64 MBytes  80.5 Mbits/sec  6979  
[  5]  35.01-36.00  sec  9.43 MBytes  79.3 Mbits/sec  6827  
[  5]  36.00-37.00  sec  9.60 MBytes  80.7 Mbits/sec  6953  
[  5]  37.00-38.00  sec  9.53 MBytes  80.0 Mbits/sec  6902  
[  5]  38.00-39.00  sec  9.52 MBytes  79.9 Mbits/sec  6894  
[  5]  39.00-40.00  sec  9.55 MBytes  80.1 Mbits/sec  6917  
[  5]  40.00-41.01  sec  9.64 MBytes  79.9 Mbits/sec  6983  
[  5]  41.01-42.28  sec  11.6 MBytes  76.8 Mbits/sec  8402  
[  5]  42.28-43.00  sec  7.37 MBytes  85.8 Mbits/sec  5334  
[  5]  43.00-44.00  sec  9.24 MBytes  77.4 Mbits/sec  6689  
[  5]  44.00-45.00  sec  9.84 MBytes  82.6 Mbits/sec  7125  
[  5]  45.00-46.00  sec  9.52 MBytes  79.6 Mbits/sec  6897  
[  5]  46.00-47.00  sec  9.55 MBytes  80.4 Mbits/sec  6913  
[  5]  47.00-48.02  sec  9.73 MBytes  80.0 Mbits/sec  7049  
[  5]  48.02-49.07  sec  9.54 MBytes  76.4 Mbits/sec  6911  
[  5]  49.07-50.00  sec  9.33 MBytes  84.1 Mbits/sec  6756  
[  5]  50.00-51.00  sec  9.54 MBytes  80.0 Mbits/sec  6908  
[  5]  51.00-52.06  sec  10.1 MBytes  80.1 Mbits/sec  7345  
[  5]  52.06-53.00  sec  8.93 MBytes  79.9 Mbits/sec  6465  
[  5]  53.00-54.01  sec  9.54 MBytes  79.1 Mbits/sec  6907  
[  5]  54.01-55.00  sec  9.52 MBytes  80.9 Mbits/sec  6892  
[  5]  55.00-56.00  sec  9.56 MBytes  80.2 Mbits/sec  6921  
[  5]  56.00-57.00  sec  9.54 MBytes  80.0 Mbits/sec  6910  
[  5]  57.00-58.00  sec  9.54 MBytes  80.0 Mbits/sec  6909  
[  5]  58.00-59.00  sec  8.90 MBytes  74.7 Mbits/sec  6449  
[  5]  59.00-60.00  sec  9.82 MBytes  82.5 Mbits/sec  7110  
[  5]  60.00-61.00  sec  9.89 MBytes  82.9 Mbits/sec  7160  
[  5]  61.00-62.00  sec  9.52 MBytes  80.0 Mbits/sec  6898  
[  5]  62.00-63.01  sec  7.81 MBytes  65.2 Mbits/sec  5659  
[  5]  63.01-64.01  sec  8.60 MBytes  72.1 Mbits/sec  6226  
[  5]  64.01-65.01  sec  11.9 MBytes   100 Mbits/sec  8647  
[ iperf3: interrupt - the client has terminated by signal Terminated(15)
 5]  65.01-66.00  sec  6.89 MBytes  58.2 Mbits/sec  4988  
[  5]  66.00-67.00  sec  7.14 MBytes  59.9 Mbits/sec  5171  
[  5]  67.00-68.00  sec  10.4 MBytes  86.9 Mbits/sec  7507  
[  5]  68.00-69.00  sec  7.13 MBytes  59.8 Mbits/sec  5162  
[  5]  69.00-70.00  sec  10.8 MBytes  90.6 Mbits/sec  7842  
[  5]  70.00-71.02  sec  11.2 MBytes  92.3 Mbits/sec  8091  
[  5]  71.02-72.00  sec  12.7 MBytes   108 Mbits/sec  9186  
[  5]  72.00-73.00  sec  10.0 MBytes  84.3 Mbits/sec  7274  
[  5]  73.00-74.00  sec  9.18 MBytes  77.0 Mbits/sec  6648  
[  5]  74.00-75.00  sec  9.91 MBytes  83.2 Mbits/sec  7176  
[  5]  75.00-76.01  sec  9.85 MBytes  82.2 Mbits/sec  7131  
[  5]  76.01-77.02  sec  9.66 MBytes  79.5 Mbits/sec  6997  
[  5]  77.02-78.00  sec  9.35 MBytes  80.2 Mbits/sec  6767  
[  5]  78.00-79.02  sec  9.41 MBytes  77.5 Mbits/sec  6812  
[  5]  79.02-80.00  sec  8.16 MBytes  69.9 Mbits/sec  5909  
[  5]  80.00-81.04  sec  9.38 MBytes  75.6 Mbits/sec  6795  
[  5]  81.04-82.00  sec  9.65 MBytes  84.3 Mbits/sec  6985  
[  5]  82.00-83.00  sec  10.8 MBytes  90.2 Mbits/sec  7789  
[  5]  83.00-84.02  sec  9.80 MBytes  80.3 Mbits/sec  7099  
[  5]  84.02-85.00  sec  9.20 MBytes  79.1 Mbits/sec  6660  
[  5]  85.00-86.00  sec  9.98 MBytes  83.7 Mbits/sec  7224  
[  5]  86.00-87.00  sec  9.54 MBytes  80.0 Mbits/sec  6907  
[  5]  87.00-88.00  sec  9.53 MBytes  79.9 Mbits/sec  6902  
[  5]  88.00-89.14  sec  9.57 MBytes  70.4 Mbits/sec  6931  
[  5]  89.14-90.00  sec  9.51 MBytes  92.9 Mbits/sec  6885  
[  5]  90.00-91.04  sec  9.58 MBytes  77.0 Mbits/sec  6942  
[  5]  91.04-92.00  sec  9.49 MBytes  83.2 Mbits/sec  6871  
[  5]  92.00-93.00  sec  9.55 MBytes  80.0 Mbits/sec  6913  
[  5]  93.00-94.00  sec  9.52 MBytes  79.8 Mbits/sec  6892  
[  5]  94.00-95.00  sec  9.57 MBytes  80.2 Mbits/sec  6927  
[  5]  95.00-96.00  sec  9.52 MBytes  79.9 Mbits/sec  6892  
[  5]  96.00-97.00  sec  9.28 MBytes  77.6 Mbits/sec  6717  
[  5]  97.00-98.00  sec  8.82 MBytes  74.1 Mbits/sec  6390  
[  5]  98.00-99.00  sec  9.77 MBytes  82.1 Mbits/sec  7073  
[  5]  99.00-100.02 sec  10.3 MBytes  84.5 Mbits/sec  7425  
[  5] 100.02-101.00 sec  9.56 MBytes  81.7 Mbits/sec  6926  
[  5] 101.00-102.00 sec  9.54 MBytes  80.0 Mbits/sec  6910  
[  5] 102.00-103.00 sec  9.53 MBytes  80.0 Mbits/sec  6901  
[  5] 103.00-104.00 sec  9.56 MBytes  80.0 Mbits/sec  6923  
[  5] 104.00-105.01 sec  9.62 MBytes  79.9 Mbits/sec  6964  
[  5] 105.01-106.00 sec  9.38 MBytes  79.5 Mbits/sec  6791  
[  5] 106.00-107.00 sec  7.85 MBytes  65.7 Mbits/sec  5681  
[  5] 107.00-108.12 sec  11.8 MBytes  88.5 Mbits/sec  8539  
[  5] 108.12-109.00 sec  8.88 MBytes  84.6 Mbits/sec  6429  
[  5] 109.00-111.75 sec  26.3 MBytes  80.3 Mbits/sec  19028  
[  5] 111.75-112.00 sec  2.49 MBytes  82.1 Mbits/sec  1801  
[  5] 112.00-113.59 sec  11.8 MBytes  62.3 Mbits/sec  8548  
[  5] 113.59-114.02 sec  7.15 MBytes   138 Mbits/sec  5181  
[  5] 114.02-115.00 sec  9.65 MBytes  82.8 Mbits/sec  6989  
[  5] 115.00-116.02 sec  9.75 MBytes  79.9 Mbits/sec  7058  
[  5] 116.02-117.00 sec  9.33 MBytes  80.1 Mbits/sec  6758  
[  5] 117.00-118.00 sec  9.54 MBytes  80.0 Mbits/sec  6905  
[  5] 118.00-119.00 sec  9.53 MBytes  80.0 Mbits/sec  6903  
[  5] 119.00-120.00 sec  9.53 MBytes  80.0 Mbits/sec  6905  
[  5] 120.00-121.00 sec  9.54 MBytes  80.0 Mbits/sec  6907  
[  5] 121.00-122.00 sec  9.54 MBytes  80.0 Mbits/sec  6904  
[  5] 122.00-122.42 sec  4.04 MBytes  80.0 Mbits/sec  2925  
- - - - - - - - - - - - - - - - - - - - - - - - -
[ ID] Interval           Transfer     Bitrate         Jitter    Lost/Total Datagrams
[  5]   0.00-122.42 sec  1.14 GBytes  80.0 Mbits/sec  0.000 ms  0/845466 (0%)  sender
[  5]   0.00-122.42 sec  0.00 Bytes  0.00 bits/sec  0.000 ms  0/0 (0%)  receiver
