Connecting to host 192.168.31.25, port 5202
[  5] local 192.168.31.198 port 52027 connected to 192.168.31.25 port 5202
[ ID] Interval           Transfer     Bitrate         Total Datagrams
[  5]   0.00-2.40   sec  19.7 MBytes  68.6 Mbits/sec  14240  
[  5]   2.40-3.00   sec  5.86 MBytes  82.2 Mbits/sec  4246  
[  5]   3.00-4.00   sec  6.22 MBytes  52.2 Mbits/sec  4502  
[  5]   4.00-5.00   sec  8.79 MBytes  73.4 Mbits/sec  6362  
[  5]   5.00-6.00   sec  7.60 MBytes  63.8 Mbits/sec  5504  
[  5]   6.00-7.00   sec  10.6 MBytes  89.3 Mbits/sec  7681  
[  5]   7.00-8.00   sec  14.2 MBytes   119 Mbits/sec  10278  
[  5]   8.00-9.01   sec  10.5 MBytes  87.6 Mbits/sec  7635  
[  5]   9.01-10.01  sec  11.6 MBytes  98.1 Mbits/sec  8431  
[  5]  10.01-11.01  sec  6.27 MBytes  52.2 Mbits/sec  4539  
[  5]  11.01-12.00  sec  5.59 MBytes  47.4 Mbits/sec  4047  
[  5]  12.00-13.00  sec  5.84 MBytes  49.0 Mbits/sec  4226  
[  5]  13.00-14.00  sec  6.89 MBytes  57.8 Mbits/sec  4991  
[  5]  14.00-15.00  sec  13.4 MBytes   112 Mbits/sec  9700  
[  5]  15.00-16.00  sec  8.70 MBytes  73.0 Mbits/sec  6302  
[  5]  16.00-18.12  sec  22.5 MBytes  89.0 Mbits/sec  16313  
[  5]  18.12-19.00  sec  7.80 MBytes  74.7 Mbits/sec  5646  
[  5]  19.00-20.00  sec  5.95 MBytes  49.9 Mbits/sec  4308  
[  5]  20.00-21.04  sec  7.88 MBytes  63.7 Mbits/sec  5707  
[  5]  21.04-22.11  sec  11.9 MBytes  93.0 Mbits/sec  8601  
[  5]  22.11-23.00  sec  5.44 MBytes  51.1 Mbits/sec  3940  
[  5]  23.00-24.12  sec  15.3 MBytes   115 Mbits/sec  11092  
[  5]  24.12-25.39  sec  11.5 MBytes  75.7 Mbits/sec  8295  
[  5]  25.39-26.02  sec  2.73 MBytes  36.4 Mbits/sec  1975  
[  5]  26.02-27.01  sec  7.52 MBytes  63.4 Mbits/sec  5446  
[  5]  27.01-28.01  sec  7.72 MBytes  64.8 Mbits/sec  5589  
[  5]  28.01-29.01  sec  4.11 MBytes  34.5 Mbits/sec  2979  
[  5]  29.01-30.00  sec  6.14 MBytes  52.0 Mbits/sec  4448  
[  5]  30.00-31.00  sec  11.7 MBytes  98.4 Mbits/sec  8482  
[  5]  31.00-32.38  sec  11.2 MBytes  68.3 Mbits/sec  8132  
[  5]  32.38-33.05  sec  9.31 MBytes   116 Mbits/sec  6744  
[  5]  33.05-34.01  sec  10.5 MBytes  92.2 Mbits/sec  7607  
[  5]  34.01-35.22  sec  6.22 MBytes  43.2 Mbits/sec  4505  
[  5]  35.22-36.00  sec  8.64 MBytes  92.3 Mbits/sec  6259  
[  5]  36.00-37.15  sec  6.59 MBytes  48.3 Mbits/sec  4774  
[  5]  37.15-38.00  sec  10.5 MBytes   104 Mbits/sec  7632  
[  5]  38.00-39.00  sec  8.62 MBytes  72.3 Mbits/sec  6240  
[  5]  39.00-40.04  sec  4.64 MBytes  37.6 Mbits/sec  3359  
[  5]  40.04-41.00  sec  4.68 MBytes  40.6 Mbits/sec  3387  
[  5]  41.00-42.01  sec  8.27 MBytes  69.1 Mbits/sec  5989  
[  5]  42.01-43.00  sec  9.57 MBytes  80.7 Mbits/sec  6931  
[  5]  43.00-44.00  sec  4.26 MBytes  35.8 Mbits/sec  3083  
[  5]  44.00-45.14  sec  6.97 MBytes  51.3 Mbits/sec  5045  
[  5]  45.14-46.00  sec  6.66 MBytes  64.9 Mbits/sec  4823  
[  5]  46.00-47.09  sec  10.3 MBytes  79.4 Mbits/sec  7427  
[  5]  47.09-48.01  sec  8.07 MBytes  72.9 Mbits/sec  5844  
[  5]  48.01-49.80  sec  13.8 MBytes  64.7 Mbits/sec  9982  
[  5]  49.80-50.01  sec  1.04 MBytes  42.7 Mbits/sec  756  
[  5]  50.01-51.01  sec  9.73 MBytes  80.9 Mbits/sec  7048  
[  5]  51.01-52.32  sec  11.0 MBytes  70.9 Mbits/sec  7984  
[  5]  52.32-53.34  sec  4.93 MBytes  40.5 Mbits/sec  3571  
[  5]  53.34-54.37  sec  5.02 MBytes  40.9 Mbits/sec  3633  
[  5]  54.37-55.09  sec  3.29 MBytes  38.3 Mbits/sec  2383  
[  5]  55.09-56.03  sec  4.48 MBytes  40.0 Mbits/sec  3244  
[  5]  56.03-57.09  sec  7.20 MBytes  56.9 Mbits/sec  5214  
[  5]  57.09-58.14  sec  9.59 MBytes  76.5 Mbits/sec  6944  
[  5]  58.14-59.00  sec  4.26 MBytes  41.5 Mbits/sec  3088  
[  5]  59.00-60.00  sec  12.4 MBytes   104 Mbits/sec  9011  
[  5]  60.00-61.00  sec  6.73 MBytes  56.5 Mbits/sec  4876  
[  5]  61.00-62.00  sec  10.1 MBytes  84.4 Mbits/sec  7289  
[  5]  62.00-64.27  sec  20.2 MBytes  74.5 Mbits/sec  14614  
[  5]  64.27-65.00  sec  5.20 MBytes  60.0 Mbits/sec  3764  
[  5]  65.00-66.01  sec  12.3 MBytes   102 Mbits/sec  8906  
[  5]  66.01-67.00  sec  5.29 MBytes  44.9 Mbits/sec  3834  iperf3: interrupt - the client has terminated by signal Terminated(15)

[  5]  67.00-68.00  sec  11.9 MBytes  99.3 Mbits/sec  8597  
[  5]  68.00-69.00  sec  5.04 MBytes  42.4 Mbits/sec  3647  
[  5]  69.00-70.00  sec  11.6 MBytes  97.3 Mbits/sec  8415  
[  5]  70.00-71.00  sec  6.85 MBytes  57.6 Mbits/sec  4962  
[  5]  71.00-72.00  sec  11.7 MBytes  97.6 Mbits/sec  8462  
[  5]  72.00-73.00  sec  7.58 MBytes  63.9 Mbits/sec  5489  
[  5]  73.00-74.05  sec  12.3 MBytes  98.9 Mbits/sec  8943  
[  5]  74.05-75.00  sec  5.43 MBytes  47.6 Mbits/sec  3930  
[  5]  75.00-76.00  sec  12.1 MBytes   101 Mbits/sec  8735  
[  5]  76.00-77.00  sec  6.32 MBytes  53.1 Mbits/sec  4580  
[  5]  77.00-78.00  sec  12.8 MBytes   108 Mbits/sec  9292  
[  5]  78.00-79.76  sec  13.9 MBytes  66.3 Mbits/sec  10071  
[  5]  79.76-81.26  sec  24.0 MBytes   134 Mbits/sec  17400  
[  5]  81.26-82.37  sec  9.96 MBytes  75.3 Mbits/sec  7215  
[  5]  82.37-83.30  sec  4.41 MBytes  39.8 Mbits/sec  3192  
[  5]  83.30-84.66  sec  6.52 MBytes  40.1 Mbits/sec  4718  
[  5]  84.66-85.01  sec  1.73 MBytes  41.7 Mbits/sec  1253  
[  5]  85.01-86.00  sec  4.24 MBytes  35.9 Mbits/sec  3071  
[  5]  86.00-87.00  sec  4.28 MBytes  35.9 Mbits/sec  3101  
[  5]  87.00-88.00  sec  7.51 MBytes  62.8 Mbits/sec  5437  
[  5]  88.00-89.06  sec  12.9 MBytes   103 Mbits/sec  9371  
[  5]  89.06-90.00  sec  4.93 MBytes  43.9 Mbits/sec  3573  
[  5]  90.00-91.02  sec  4.89 MBytes  40.4 Mbits/sec  3543  
[  5]  91.02-92.00  sec  4.52 MBytes  38.4 Mbits/sec  3275  
[  5]  92.00-93.00  sec  4.96 MBytes  41.7 Mbits/sec  3590  
[  5]  93.00-94.01  sec  5.51 MBytes  46.0 Mbits/sec  3989  
[  5]  94.01-95.01  sec  5.40 MBytes  45.3 Mbits/sec  3914  
[  5]  95.01-96.00  sec  10.7 MBytes  90.3 Mbits/sec  7763  
[  5]  96.00-97.01  sec  14.4 MBytes   120 Mbits/sec  10419  
[  5]  97.01-98.01  sec  8.36 MBytes  70.1 Mbits/sec  6053  
[  5]  98.01-99.00  sec  5.48 MBytes  46.3 Mbits/sec  3966  
[  5]  99.00-100.00 sec  4.88 MBytes  40.9 Mbits/sec  3533  
[  5] 100.00-101.01 sec  4.95 MBytes  41.3 Mbits/sec  3584  
[  5] 101.01-102.00 sec  8.08 MBytes  67.9 Mbits/sec  5853  
[  5] 102.00-103.00 sec  13.2 MBytes   111 Mbits/sec  9589  
[  5] 103.00-104.00 sec  5.25 MBytes  44.0 Mbits/sec  3801  
[  5] 104.00-105.00 sec  5.22 MBytes  43.9 Mbits/sec  3783  
[  5] 105.00-106.00 sec  5.92 MBytes  49.6 Mbits/sec  4286  
[  5] 106.00-107.01 sec  7.30 MBytes  60.5 Mbits/sec  5287  
[  5] 107.01-108.03 sec  14.4 MBytes   119 Mbits/sec  10440  
[  5] 108.03-109.00 sec  9.71 MBytes  84.3 Mbits/sec  7034  
[  5] 109.00-110.00 sec  13.2 MBytes   111 Mbits/sec  9584  
[  5] 110.00-111.00 sec  8.55 MBytes  71.7 Mbits/sec  6191  
[  5] 111.00-112.01 sec  13.3 MBytes   111 Mbits/sec  9609  
[  5] 112.01-113.00 sec  8.69 MBytes  73.2 Mbits/sec  6292  
[  5] 113.00-114.01 sec  12.8 MBytes   107 Mbits/sec  9237  
[  5] 114.01-115.00 sec  7.47 MBytes  63.1 Mbits/sec  5408  
[  5] 115.00-116.00 sec  14.6 MBytes   122 Mbits/sec  10547  
[  5] 116.00-117.01 sec  14.2 MBytes   118 Mbits/sec  10253  
[  5] 117.01-118.05 sec  5.42 MBytes  43.7 Mbits/sec  3926  
[  5] 118.05-119.00 sec  4.62 MBytes  40.6 Mbits/sec  3345  
[  5] 119.00-120.02 sec  5.52 MBytes  45.7 Mbits/sec  3999  
[  5] 120.02-121.01 sec  5.92 MBytes  50.0 Mbits/sec  4289  
[  5] 121.01-122.00 sec  5.10 MBytes  43.0 Mbits/sec  3693  
[  5] 122.00-122.66 sec  4.47 MBytes  57.3 Mbits/sec  3240  
- - - - - - - - - - - - - - - - - - - - - - - - -
[ ID] Interval           Transfer     Bitrate         Jitter    Lost/Total Datagrams
[  5]   0.00-122.66 sec  1017 MBytes  69.5 Mbits/sec  0.000 ms  0/736196 (0%)  sender
[  5]   0.00-122.66 sec  0.00 Bytes  0.00 bits/sec  0.000 ms  0/0 (0%)  receiver
