Connecting to host 192.168.31.25, port 5202
[  5] local 192.168.31.198 port 45617 connected to 192.168.31.25 port 5202
[ ID] Interval           Transfer     Bitrate         Total Datagrams
[  5]   0.00-1.00   sec  5.98 MBytes  50.0 Mbits/sec  4330  
[  5]   1.00-2.00   sec  5.95 MBytes  50.0 Mbits/sec  4307  
[  5]   2.00-3.01   sec  5.99 MBytes  49.6 Mbits/sec  4338  
[  5]   3.01-4.00   sec  5.93 MBytes  50.4 Mbits/sec  4293  
[  5]   4.00-5.00   sec  5.97 MBytes  50.0 Mbits/sec  4322  
[  5]   5.00-6.02   sec  6.04 MBytes  50.0 Mbits/sec  4373  
[  5]   6.02-7.00   sec  5.88 MBytes  50.0 Mbits/sec  4259  
[  5]   7.00-8.00   sec  5.95 MBytes  50.0 Mbits/sec  4311  
[  5]   8.00-9.00   sec  5.96 MBytes  49.9 Mbits/sec  4314  
[  5]   9.00-10.00  sec  5.96 MBytes  50.0 Mbits/sec  4318  
[  5]  10.00-11.00  sec  5.96 MBytes  50.0 Mbits/sec  4319  
[  5]  11.00-12.00  sec  5.97 MBytes  50.0 Mbits/sec  4321  
[  5]  12.00-13.00  sec  5.96 MBytes  50.0 Mbits/sec  4315  
[  5]  13.00-14.00  sec  5.95 MBytes  50.0 Mbits/sec  4313  
[  5]  14.00-15.00  sec  5.96 MBytes  50.0 Mbits/sec  4316  
[  5]  15.00-16.01  sec  5.94 MBytes  49.2 Mbits/sec  4299  
[  5]  16.01-17.00  sec  5.65 MBytes  48.1 Mbits/sec  4095  
[  5]  17.00-18.04  sec  6.21 MBytes  50.0 Mbits/sec  4497  
[  5]  18.04-19.00  sec  6.05 MBytes  52.8 Mbits/sec  4377  
[  5]  19.00-20.00  sec  5.96 MBytes  50.0 Mbits/sec  4314  
[  5]  20.00-21.00  sec  5.96 MBytes  50.0 Mbits/sec  4313  
[  5]  21.00-22.00  sec  5.97 MBytes  50.0 Mbits/sec  4320  
[  5]  22.00-23.00  sec  5.96 MBytes  50.0 Mbits/sec  4316  
[  5]  23.00-24.00  sec  5.96 MBytes  50.0 Mbits/sec  4315  
[  5]  24.00-25.00  sec  5.95 MBytes  49.9 Mbits/sec  4309  
[  5]  25.00-26.00  sec  5.97 MBytes  50.1 Mbits/sec  4319  
[  5]  26.00-27.00  sec  5.97 MBytes  50.0 Mbits/sec  4322  
[  5]  27.00-28.00  sec  5.96 MBytes  50.0 Mbits/sec  4316  
[  5]  28.00-29.00  sec  5.96 MBytes  50.0 Mbits/sec  4316  
[  5]  29.00-30.00  sec  5.96 MBytes  50.0 Mbits/sec  4313  
[  5]  30.00-31.00  sec  5.97 MBytes  50.0 Mbits/sec  4324  
[  5]  31.00-32.00  sec  5.95 MBytes  50.0 Mbits/sec  4308  
[  5]  32.00-33.00  sec  5.94 MBytes  49.8 Mbits/sec  4303  
[  5]  33.00-34.00  sec  5.99 MBytes  50.2 Mbits/sec  4336  
[  5]  34.00-35.00  sec  5.95 MBytes  49.9 Mbits/sec  4309  
[  5]  35.00-36.00  sec  5.97 MBytes  50.1 Mbits/sec  4326  
[  5]  36.00-37.00  sec  5.91 MBytes  49.6 Mbits/sec  4282  
[  5]  37.00-38.00  sec  6.01 MBytes  50.3 Mbits/sec  4349  
[  5]  38.00-39.00  sec  5.96 MBytes  50.0 Mbits/sec  4318  
[  5]  39.00-40.00  sec  5.95 MBytes  50.0 Mbits/sec  4311  
[  5]  40.00-41.00  sec  5.96 MBytes  50.0 Mbits/sec  4316  
[  5]  41.00-42.00  sec  5.97 MBytes  50.0 Mbits/sec  4321  
[  5]  42.00-43.00  sec  5.95 MBytes  50.0 Mbits/sec  4311  
[  5]  43.00-44.00  sec  5.97 MBytes  50.0 Mbits/sec  4320  
[  5]  44.00-45.21  sec  7.22 MBytes  50.0 Mbits/sec  5232  
[  5]  45.21-46.00  sec  4.69 MBytes  50.0 Mbits/sec  3395  
[  5]  46.00-47.00  sec  5.97 MBytes  50.0 Mbits/sec  4324  
[  5]  47.00-48.00  sec  5.96 MBytes  50.0 Mbits/sec  4316  
[  5]  48.00-49.00  sec  5.95 MBytes  50.0 Mbits/sec  4310  
[  5]  49.00-50.00  sec  5.96 MBytes  50.0 Mbits/sec  4315  
[  5]  50.00-51.00  sec  5.95 MBytes  49.9 Mbits/sec  4308  
[  5]  51.00-52.00  sec  5.98 MBytes  50.1 Mbits/sec  4328  
[  5]  52.00-53.00  sec  5.97 MBytes  50.0 Mbits/sec  4319  
[  5]  53.00-54.01  sec  5.99 MBytes  50.0 Mbits/sec  4340  
[  5]  54.01-55.00  sec  5.92 MBytes  50.0 Mbits/sec  4290  
[  5]  55.00-56.00  sec  5.96 MBytes  50.0 Mbits/sec  4315  
[  5]  56.00-57.00  sec  5.96 MBytes  50.0 Mbits/sec  4316  
[  5]  57.00-58.00  sec  5.96 MBytes  50.0 Mbits/sec  4318  
[  5]  58.00-59.00  sec  5.96 MBytes  50.0 Mbits/sec  4316  
[  5]  59.00-60.00  sec  5.96 MBytes  50.0 Mbits/sec  4316  
[  5]  60.00-61.00  sec  5.96 MBytes  50.0 Mbits/sec  4313  
[  5]  61.00-62.00  sec  5.98 MBytes  50.0 Mbits/sec  4327  
[  5]  62.00-63.00  sec  5.95 MBytes  50.0 Mbits/sec  4309  
[  5]  63.00-64.00  sec  5.96 MBytes  50.0 Mbits/sec  4318  
[  iperf3: interrupt - the client has terminated by signal Terminated(15)
5]  64.00-65.00  sec  5.97 MBytes  50.0 Mbits/sec  4326  
[  5]  65.00-66.00  sec  5.95 MBytes  50.0 Mbits/sec  4306  
[  5]  66.00-67.01  sec  5.91 MBytes  49.3 Mbits/sec  4278  
[  5]  67.01-68.00  sec  6.00 MBytes  50.5 Mbits/sec  4344  
[  5]  68.00-69.01  sec  5.78 MBytes  48.0 Mbits/sec  4184  
[  5]  69.01-70.00  sec  1.65 MBytes  14.0 Mbits/sec  1197  
[  5]  70.00-71.98  sec  9.90 MBytes  42.1 Mbits/sec  7169  
[  5]  71.98-72.00  sec   351 KBytes   115 Mbits/sec  249  
[  5]  72.00-73.01  sec  11.4 MBytes  95.0 Mbits/sec  8230  
[  5]  73.01-74.00  sec  6.74 MBytes  56.7 Mbits/sec  4879  
[  5]  74.00-75.00  sec  5.95 MBytes  49.9 Mbits/sec  4308  
[  5]  75.00-76.00  sec  5.96 MBytes  50.0 Mbits/sec  4318  
[  5]  76.00-77.00  sec  5.97 MBytes  50.1 Mbits/sec  4325  
[  5]  77.00-78.00  sec  5.96 MBytes  50.0 Mbits/sec  4314  
[  5]  78.00-79.00  sec  5.96 MBytes  50.0 Mbits/sec  4317  
[  5]  79.00-80.01  sec  5.81 MBytes  48.4 Mbits/sec  4206  
[  5]  80.01-81.00  sec  6.12 MBytes  51.6 Mbits/sec  4433  
[  5]  81.00-82.00  sec  5.87 MBytes  49.3 Mbits/sec  4255  
[  5]  82.00-83.00  sec  6.05 MBytes  50.6 Mbits/sec  4380  
[  5]  83.00-84.37  sec  7.85 MBytes  48.4 Mbits/sec  5689  
[  5]  84.37-85.00  sec  3.79 MBytes  50.1 Mbits/sec  2746  
[  5]  85.00-86.00  sec  6.22 MBytes  52.2 Mbits/sec  4504  
[  5]  86.00-87.00  sec  5.96 MBytes  50.0 Mbits/sec  4317  
[  5]  87.00-88.00  sec  5.82 MBytes  48.8 Mbits/sec  4216  
[  5]  88.00-89.00  sec  6.10 MBytes  51.2 Mbits/sec  4419  
[  5]  89.00-90.01  sec  5.90 MBytes  49.3 Mbits/sec  4270  
[  5]  90.01-91.00  sec  6.02 MBytes  50.7 Mbits/sec  4361  
[  5]  91.00-92.00  sec  5.96 MBytes  50.0 Mbits/sec  4318  
[  5]  92.00-93.00  sec  5.96 MBytes  50.0 Mbits/sec  4315  
[  5]  93.00-94.00  sec  5.95 MBytes  49.9 Mbits/sec  4309  
[  5]  94.00-95.04  sec  5.81 MBytes  47.0 Mbits/sec  4208  
[  5]  95.04-96.00  sec  6.12 MBytes  53.3 Mbits/sec  4434  
[  5]  96.00-97.00  sec  5.77 MBytes  48.3 Mbits/sec  4179  
[  5]  97.00-98.00  sec  6.15 MBytes  51.7 Mbits/sec  4454  
[  5]  98.00-99.00  sec  5.81 MBytes  48.8 Mbits/sec  4210  
[  5]  99.00-100.00 sec  5.65 MBytes  47.3 Mbits/sec  4090  
[  5] 100.00-101.00 sec  5.19 MBytes  43.6 Mbits/sec  3760  
[  5] 101.00-102.00 sec  7.18 MBytes  60.2 Mbits/sec  5197  
[  5] 102.00-103.00 sec  5.97 MBytes  50.0 Mbits/sec  4319  
[  5] 103.00-104.00 sec  5.97 MBytes  50.1 Mbits/sec  4326  
[  5] 104.00-105.01 sec  5.99 MBytes  50.0 Mbits/sec  4335  
[  5] 105.01-106.06 sec  6.25 MBytes  50.0 Mbits/sec  4524  
[  5] 106.06-107.01 sec  5.67 MBytes  50.0 Mbits/sec  4105  
[  5] 107.01-108.00 sec  5.92 MBytes  49.9 Mbits/sec  4289  
[  5] 108.00-109.00 sec  5.97 MBytes  50.1 Mbits/sec  4325  
[  5] 109.00-110.00 sec  5.95 MBytes  50.1 Mbits/sec  4312  
[  5] 110.00-111.04 sec  5.82 MBytes  47.0 Mbits/sec  4213  
[  5] 111.04-112.00 sec  6.11 MBytes  53.2 Mbits/sec  4424  
[  5] 112.00-113.00 sec  5.95 MBytes  50.0 Mbits/sec  4309  
[  5] 113.00-114.01 sec  5.99 MBytes  50.0 Mbits/sec  4336  
[  5] 114.01-115.00 sec  5.94 MBytes  50.0 Mbits/sec  4299  
[  5] 115.00-116.00 sec  5.96 MBytes  50.0 Mbits/sec  4316  
[  5] 116.00-117.00 sec  5.96 MBytes  50.0 Mbits/sec  4316  
[  5] 117.00-118.00 sec  5.95 MBytes  50.0 Mbits/sec  4312  
[  5] 118.00-119.00 sec  5.97 MBytes  50.0 Mbits/sec  4321  
[  5] 119.00-120.00 sec  5.96 MBytes  50.0 Mbits/sec  4316  
[  5] 120.00-121.13 sec  6.37 MBytes  47.2 Mbits/sec  4616  
[  5] 121.13-121.32 sec  1.40 MBytes  62.2 Mbits/sec  1014  
- - - - - - - - - - - - - - - - - - - - - - - - -
[ ID] Interval           Transfer     Bitrate         Jitter    Lost/Total Datagrams
[  5]   0.00-121.32 sec   723 MBytes  50.0 Mbits/sec  0.000 ms  0/523590 (0%)  sender
[  5]   0.00-121.32 sec  0.00 Bytes  0.00 bits/sec  0.000 ms  0/0 (0%)  receiver
