Connecting to host 192.168.31.25, port 5202
[  5] local 192.168.31.198 port 51676 connected to 192.168.31.25 port 5202
[ ID] Interval           Transfer     Bitrate         Total Datagrams
[  5]   0.00-1.00   sec  9.53 MBytes  79.9 Mbits/sec  6904  
[  5]   1.00-2.00   sec  9.51 MBytes  79.8 Mbits/sec  6891  
[  5]   2.00-3.00   sec  9.19 MBytes  77.1 Mbits/sec  6656  
[  5]   3.00-4.02   sec  9.05 MBytes  74.7 Mbits/sec  6557  
[  5]   4.02-5.11   sec  8.60 MBytes  66.3 Mbits/sec  6229  
[  5]   5.11-6.14   sec  7.52 MBytes  61.2 Mbits/sec  5447  
[  5]   6.14-7.00   sec  13.0 MBytes   126 Mbits/sec  9442  
[  5]   7.00-8.00   sec  8.25 MBytes  69.2 Mbits/sec  5973  
[  5]   8.00-9.00   sec  8.36 MBytes  70.1 Mbits/sec  6052  
[  5]   9.00-10.00  sec  12.3 MBytes   103 Mbits/sec  8902  
[  5]  10.00-11.00  sec  9.51 MBytes  79.6 Mbits/sec  6889  
[  5]  11.00-12.00  sec  8.17 MBytes  68.7 Mbits/sec  5918  
[  5]  12.00-13.00  sec  10.2 MBytes  85.9 Mbits/sec  7403  
[  5]  13.00-14.00  sec  9.73 MBytes  81.6 Mbits/sec  7047  
[  5]  14.00-15.00  sec  7.94 MBytes  66.6 Mbits/sec  5747  
[  5]  15.00-16.00  sec  8.68 MBytes  72.8 Mbits/sec  6288  
[  5]  16.00-17.00  sec  12.5 MBytes   105 Mbits/sec  9052  
[  5]  17.00-18.03  sec  9.62 MBytes  78.1 Mbits/sec  6965  
[  5]  18.03-19.00  sec  9.47 MBytes  82.2 Mbits/sec  6858  
[  5]  19.00-20.00  sec  9.48 MBytes  79.5 Mbits/sec  6867  
[  5]  20.00-21.02  sec  9.65 MBytes  79.2 Mbits/sec  6986  
[  5]  21.02-22.00  sec  9.07 MBytes  77.8 Mbits/sec  6571  
[  5]  22.00-23.00  sec  9.78 MBytes  82.1 Mbits/sec  7085  
[  5]  23.00-24.00  sec  9.68 MBytes  81.3 Mbits/sec  7010  
[  5]  24.00-25.00  sec  9.50 MBytes  79.7 Mbits/sec  6878  
[  5]  25.00-26.00  sec  9.59 MBytes  80.5 Mbits/sec  6945  
[  5]  26.00-27.00  sec  9.44 MBytes  79.2 Mbits/sec  6836  
[  5]  27.00-28.00  sec  9.56 MBytes  80.1 Mbits/sec  6920  
[  5]  28.00-29.00  sec  9.61 MBytes  80.7 Mbits/sec  6959  
[  5]  29.00-30.00  sec  8.54 MBytes  71.7 Mbits/sec  6187  
[  5]  30.00-31.00  sec  10.5 MBytes  88.0 Mbits/sec  7602  
[  5]  31.00-32.00  sec  9.58 MBytes  80.3 Mbits/sec  6934  
[  5]  32.00-33.00  sec  9.54 MBytes  80.0 Mbits/sec  6906  
[  5]  33.00-34.00  sec  9.51 MBytes  79.5 Mbits/sec  6888  
[  5]  34.00-35.00  sec  9.57 MBytes  80.5 Mbits/sec  6931  
[  5]  35.00-36.01  sec  9.04 MBytes  75.3 Mbits/sec  6547  
[  5]  36.01-37.00  sec  9.82 MBytes  83.1 Mbits/sec  7108  
[  5]  37.00-38.00  sec  9.17 MBytes  76.8 Mbits/sec  6645  
[  5]  38.00-39.00  sec  5.51 MBytes  46.3 Mbits/sec  3990  
[  5]  39.00-40.00  sec  6.14 MBytes  51.5 Mbits/sec  4448  
[  5]  40.00-41.00  sec  7.19 MBytes  60.2 Mbits/sec  5207  
[  5]  41.00-42.00  sec  7.47 MBytes  62.8 Mbits/sec  5410  
[  5]  42.00-43.00  sec  8.14 MBytes  68.1 Mbits/sec  5897  
[  5]  43.00-44.00  sec  11.6 MBytes  97.6 Mbits/sec  8414  
[  5]  44.00-45.01  sec  8.78 MBytes  73.4 Mbits/sec  6358  
[  5]  45.01-46.00  sec  6.50 MBytes  54.8 Mbits/sec  4707  
[  5]  46.00-47.00  sec  7.91 MBytes  66.3 Mbits/sec  5731  
[  5]  47.00-48.00  sec  8.35 MBytes  70.0 Mbits/sec  6049  
[  5]  48.00-49.00  sec  8.24 MBytes  69.2 Mbits/sec  5965  
[  5]  49.00-50.00  sec  7.13 MBytes  59.8 Mbits/sec  5165  
[  5]  50.00-51.00  sec  6.26 MBytes  52.4 Mbits/sec  4534  
[  5]  51.00-52.00  sec  7.41 MBytes  62.2 Mbits/sec  5363  
[  5]  52.00-53.00  sec  7.44 MBytes  62.5 Mbits/sec  5391  
[  5]  53.00-54.00  sec  6.41 MBytes  53.8 Mbits/sec  4642  
[  5]  54.00-55.01  sec  6.29 MBytes  52.2 Mbits/sec  4558  
[  5]  55.01-56.00  sec  6.45 MBytes  54.8 Mbits/sec  4671  
[  5]  56.00-57.02  sec  5.48 MBytes  45.3 Mbits/sec  3965  
[  5]  57.02-58.00  sec  14.9 MBytes   127 Mbits/sec  10803  
[  5]  58.00-59.00  sec  11.0 MBytes  92.2 Mbits/sec  7980  
[  5]  59.00-60.00  sec  8.21 MBytes  69.0 Mbits/sec  5947  
[  5]  60.00-61.00  sec  8.02 MBytes  67.3 Mbits/sec  5806  
[  5]  61.00-62.00  sec  8.36 MBytes  70.1 Mbits/sec  6056  
[  5]  62.00-63.00  sec  6.66 MBytes  55.9 Mbits/sec  4824  
[  5]  63.00-64.00  sec  9.68 MBytes  81.2 Mbits/sec  7011  
[ iperf3: interrupt - the client has terminated by signal Terminated(15)
 5]  64.00-65.09  sec  10.9 MBytes  84.3 Mbits/sec  7920  
[  5]  65.09-66.00  sec  7.96 MBytes  73.3 Mbits/sec  5766  
[  5]  66.00-67.00  sec  9.56 MBytes  80.2 Mbits/sec  6920  
[  5]  67.00-68.00  sec  8.34 MBytes  69.9 Mbits/sec  6037  
[  5]  68.00-69.00  sec  7.43 MBytes  62.3 Mbits/sec  5384  
[  5]  69.00-70.00  sec  7.14 MBytes  59.9 Mbits/sec  5170  
[  5]  70.00-71.00  sec  7.87 MBytes  65.9 Mbits/sec  5698  
[  5]  71.00-72.00  sec  7.53 MBytes  63.3 Mbits/sec  5456  
[  5]  72.00-73.00  sec  8.20 MBytes  68.8 Mbits/sec  5941  
[  5]  73.00-74.01  sec  8.22 MBytes  68.2 Mbits/sec  5954  
[  5]  74.01-75.02  sec  9.35 MBytes  77.5 Mbits/sec  6771  
[  5]  75.02-76.00  sec  9.22 MBytes  79.1 Mbits/sec  6674  
[  5]  76.00-77.00  sec  8.23 MBytes  68.9 Mbits/sec  5963  
[  5]  77.00-78.01  sec  8.48 MBytes  70.8 Mbits/sec  6140  
[  5]  78.01-79.00  sec  8.67 MBytes  73.3 Mbits/sec  6278  
[  5]  79.00-80.01  sec  9.49 MBytes  79.1 Mbits/sec  6874  
[  5]  80.01-81.00  sec  8.48 MBytes  71.6 Mbits/sec  6141  
[  5]  81.00-82.00  sec  8.48 MBytes  71.1 Mbits/sec  6140  
[  5]  82.00-83.00  sec  8.46 MBytes  71.0 Mbits/sec  6125  
[  5]  83.00-84.00  sec  9.40 MBytes  78.9 Mbits/sec  6809  
[  5]  84.00-85.00  sec  9.12 MBytes  76.5 Mbits/sec  6603  
[  5]  85.00-86.00  sec  8.03 MBytes  67.2 Mbits/sec  5815  
[  5]  86.00-87.00  sec  10.3 MBytes  86.5 Mbits/sec  7442  
[  5]  87.00-88.00  sec  8.30 MBytes  69.6 Mbits/sec  6011  
[  5]  88.00-89.00  sec  9.31 MBytes  78.1 Mbits/sec  6739  
[  5]  89.00-90.00  sec  7.45 MBytes  62.4 Mbits/sec  5395  
[  5]  90.00-91.01  sec  6.94 MBytes  57.8 Mbits/sec  5027  
[  5]  91.01-92.00  sec  7.66 MBytes  64.9 Mbits/sec  5545  
[  5]  92.00-93.00  sec  8.84 MBytes  74.2 Mbits/sec  6402  
[  5]  93.00-94.00  sec  9.98 MBytes  83.7 Mbits/sec  7227  
[  5]  94.00-95.00  sec  7.06 MBytes  59.2 Mbits/sec  5111  
[  5]  95.00-96.00  sec  9.03 MBytes  75.8 Mbits/sec  6540  
[  5]  96.00-97.00  sec  8.52 MBytes  71.4 Mbits/sec  6170  
[  5]  97.00-98.00  sec  7.78 MBytes  65.2 Mbits/sec  5636  
[  5]  98.00-99.00  sec  5.92 MBytes  49.7 Mbits/sec  4284  
[  5]  99.00-100.00 sec  10.6 MBytes  89.0 Mbits/sec  7682  
[  5] 100.00-101.00 sec  10.2 MBytes  85.8 Mbits/sec  7399  
[  5] 101.00-102.01 sec  9.56 MBytes  79.4 Mbits/sec  6923  
[  5] 102.01-103.00 sec  8.62 MBytes  72.8 Mbits/sec  6240  
[  5] 103.00-104.00 sec  8.05 MBytes  67.5 Mbits/sec  5827  
[  5] 104.00-105.00 sec  9.99 MBytes  83.9 Mbits/sec  7234  
[  5] 105.00-106.00 sec  7.80 MBytes  65.5 Mbits/sec  5652  
[  5] 106.00-107.01 sec  10.6 MBytes  88.0 Mbits/sec  7694  
[  5] 107.01-108.00 sec  9.46 MBytes  80.3 Mbits/sec  6847  
[  5] 108.00-109.09 sec  9.69 MBytes  74.6 Mbits/sec  7017  
[  5] 109.09-110.01 sec  7.30 MBytes  66.9 Mbits/sec  5289  
[  5] 110.01-111.00 sec  10.7 MBytes  89.8 Mbits/sec  7721  
[  5] 111.00-112.00 sec  8.83 MBytes  73.9 Mbits/sec  6393  
[  5] 112.00-113.00 sec  9.05 MBytes  76.1 Mbits/sec  6554  
[  5] 113.00-114.00 sec  10.1 MBytes  84.4 Mbits/sec  7288  
[  5] 114.00-115.00 sec  9.57 MBytes  80.2 Mbits/sec  6927  
[  5] 115.00-116.00 sec  10.4 MBytes  87.4 Mbits/sec  7547  
[  5] 116.00-117.00 sec  11.9 MBytes  99.9 Mbits/sec  8636  
[  5] 117.00-118.01 sec  9.04 MBytes  74.9 Mbits/sec  6545  
[  5] 118.01-119.02 sec  9.19 MBytes  76.5 Mbits/sec  6653  
[  5] 119.02-120.03 sec  6.62 MBytes  54.9 Mbits/sec  4791  
[  5] 120.03-121.00 sec  8.25 MBytes  71.3 Mbits/sec  5974  
[  5] 121.00-121.98 sec  8.74 MBytes  75.0 Mbits/sec  6329  
- - - - - - - - - - - - - - - - - - - - - - - - -
[ ID] Interval           Transfer     Bitrate         Jitter    Lost/Total Datagrams
[  5]   0.00-121.98 sec  1.05 GBytes  74.1 Mbits/sec  0.000 ms  0/780187 (0%)  sender
[  5]   0.00-121.98 sec  0.00 Bytes  0.00 bits/sec  0.000 ms  0/0 (0%)  receiver
