Connecting to host 192.168.31.25, port 5202
[  5] local 192.168.31.198 port 60737 connected to 192.168.31.25 port 5202
[ ID] Interval           Transfer     Bitrate         Total Datagrams
[  5]   0.00-1.02   sec  5.96 MBytes  48.9 Mbits/sec  4316  
[  5]   1.02-2.00   sec  5.97 MBytes  51.1 Mbits/sec  4320  
[  5]   2.00-3.00   sec  5.96 MBytes  50.0 Mbits/sec  4316  
[  5]   3.00-4.05   sec  5.94 MBytes  47.4 Mbits/sec  4301  
[  5]   4.05-5.00   sec  5.98 MBytes  52.9 Mbits/sec  4331  
[  5]   5.00-6.00   sec  5.97 MBytes  50.0 Mbits/sec  4322  
[  5]   6.00-7.00   sec  5.95 MBytes  50.0 Mbits/sec  4311  
[  5]   7.00-8.08   sec  5.99 MBytes  46.7 Mbits/sec  4335  
[  5]   8.08-9.00   sec  5.94 MBytes  53.8 Mbits/sec  4298  
[  5]   9.00-10.11  sec  6.10 MBytes  46.2 Mbits/sec  4418  
[  5]  10.11-11.00  sec  5.82 MBytes  54.8 Mbits/sec  4215  
[  5]  11.00-12.01  sec  5.40 MBytes  44.9 Mbits/sec  3913  
[  5]  12.01-13.00  sec  6.52 MBytes  55.3 Mbits/sec  4720  
[  5]  13.00-14.01  sec  5.84 MBytes  48.7 Mbits/sec  4229  
[  5]  14.01-15.02  sec  6.08 MBytes  50.2 Mbits/sec  4400  
[  5]  15.02-16.00  sec  5.96 MBytes  51.1 Mbits/sec  4318  
[  5]  16.00-17.03  sec  5.95 MBytes  48.6 Mbits/sec  4312  
[  5]  17.03-18.00  sec  5.97 MBytes  51.5 Mbits/sec  4320  
[  5]  18.00-19.02  sec  5.89 MBytes  48.7 Mbits/sec  4269  
[  5]  19.02-20.00  sec  6.03 MBytes  51.4 Mbits/sec  4363  
[  5]  20.00-21.01  sec  5.93 MBytes  49.2 Mbits/sec  4295  
[  5]  21.01-22.01  sec  6.03 MBytes  50.8 Mbits/sec  4368  
[  5]  22.01-23.00  sec  5.91 MBytes  49.9 Mbits/sec  4279  
[  5]  23.00-24.00  sec  5.98 MBytes  50.1 Mbits/sec  4327  
[  5]  24.00-25.00  sec  5.97 MBytes  50.0 Mbits/sec  4323  
[  5]  25.00-26.06  sec  5.99 MBytes  47.5 Mbits/sec  4338  
[  5]  26.06-27.00  sec  5.81 MBytes  51.8 Mbits/sec  4208  
[  5]  27.00-28.00  sec  5.99 MBytes  50.1 Mbits/sec  4338  
[  5]  28.00-29.00  sec  6.04 MBytes  50.9 Mbits/sec  4373  
[  5]  29.00-30.00  sec  5.96 MBytes  50.0 Mbits/sec  4316  
[  5]  30.00-31.00  sec  5.97 MBytes  49.9 Mbits/sec  4322  
[  5]  31.00-32.00  sec  5.95 MBytes  50.1 Mbits/sec  4311  
[  5]  32.00-33.31  sec  7.14 MBytes  45.9 Mbits/sec  5168  
[  5]  33.31-34.21  sec  3.86 MBytes  35.8 Mbits/sec  2796  
[  5]  34.21-35.01  sec  6.88 MBytes  72.5 Mbits/sec  4979  
[  5]  35.01-36.00  sec  5.97 MBytes  50.3 Mbits/sec  4319  
[  5]  36.00-37.00  sec  5.97 MBytes  50.1 Mbits/sec  4321  
[  5]  37.00-38.03  sec  5.85 MBytes  47.7 Mbits/sec  4237  
[  5]  38.03-39.01  sec  5.22 MBytes  44.8 Mbits/sec  3777  
[  5]  39.01-40.00  sec  6.81 MBytes  57.5 Mbits/sec  4933  
[  5]  40.00-41.00  sec  5.94 MBytes  49.6 Mbits/sec  4297  
[  5]  41.00-42.00  sec  5.99 MBytes  50.4 Mbits/sec  4337  
[  5]  42.00-43.00  sec  5.96 MBytes  50.0 Mbits/sec  4316  
[  5]  43.00-44.00  sec  5.96 MBytes  50.0 Mbits/sec  4315  
[  5]  44.00-45.00  sec  5.96 MBytes  50.0 Mbits/sec  4317  
[  5]  45.00-46.00  sec  5.93 MBytes  49.6 Mbits/sec  4297  
[  5]  46.00-47.00  sec  5.99 MBytes  50.4 Mbits/sec  4336  
[  5]  47.00-48.00  sec  5.95 MBytes  49.9 Mbits/sec  4312  
[  5]  48.00-49.00  sec  5.96 MBytes  50.0 Mbits/sec  4313  
[  5]  49.00-50.00  sec  5.97 MBytes  50.1 Mbits/sec  4323  
[  5]  50.00-51.00  sec  5.81 MBytes  48.7 Mbits/sec  4208  
[  5]  51.00-52.00  sec  6.11 MBytes  51.4 Mbits/sec  4426  
[  5]  52.00-53.00  sec  5.96 MBytes  49.9 Mbits/sec  4313  
[  5]  53.00-54.00  sec  5.97 MBytes  50.1 Mbits/sec  4319  
[  5]  54.00-55.00  sec  5.96 MBytes  50.0 Mbits/sec  4316  
[  5]  55.00-56.00  sec  5.93 MBytes  49.6 Mbits/sec  4293  
[  5]  56.00-57.00  sec  6.00 MBytes  50.4 Mbits/sec  4345  
[  5]  57.00-58.00  sec  5.96 MBytes  50.0 Mbits/sec  4318  
[  5]  58.00-59.00  sec  5.97 MBytes  50.0 Mbits/sec  4325  
[  5]  59.00-60.02  sec  6.06 MBytes  50.0 Mbits/sec  4389  
[  5]  60.02-61.00  sec  5.84 MBytes  50.0 Mbits/sec  4227  
[  5]  61.00-62.01  sec  5.98 MBytes  49.9 Mbits/sec  4335  
[  5]  62.01-63.02  sec  6.08 MBytes  50.1 Mbits/sec  4402  
[  5]  63.02-64.00  sec  5.82 MBytes  50.0 Mbits/sec  4213  
[  iperf3: interrupt - the client has terminated by signal Terminated(15)
5]  64.00-65.00  sec  5.96 MBytes  50.0 Mbits/sec  4315  
[  5]  65.00-66.00  sec  5.96 MBytes  50.0 Mbits/sec  4316  
[  5]  66.00-67.00  sec  5.97 MBytes  50.0 Mbits/sec  4321  
[  5]  67.00-68.00  sec  5.95 MBytes  50.0 Mbits/sec  4313  
[  5]  68.00-69.00  sec  5.96 MBytes  50.0 Mbits/sec  4314  
[  5]  69.00-70.00  sec  5.96 MBytes  50.0 Mbits/sec  4319  
[  5]  70.00-71.00  sec  5.96 MBytes  50.0 Mbits/sec  4315  
[  5]  71.00-72.00  sec  5.96 MBytes  50.0 Mbits/sec  4317  
[  5]  72.00-73.00  sec  5.96 MBytes  50.0 Mbits/sec  4316  
[  5]  73.00-74.00  sec  5.96 MBytes  50.0 Mbits/sec  4317  
[  5]  74.00-75.19  sec  6.16 MBytes  43.5 Mbits/sec  4460  
[  5]  75.19-76.20  sec  6.76 MBytes  56.2 Mbits/sec  4896  
[  5]  76.20-77.58  sec  5.18 MBytes  31.3 Mbits/sec  3749  
[  5]  77.58-78.02  sec  4.89 MBytes  94.3 Mbits/sec  3543  
[  5]  78.02-79.03  sec  6.96 MBytes  57.9 Mbits/sec  5040  
[  5]  79.03-80.04  sec  5.84 MBytes  48.4 Mbits/sec  4231  
[  5]  80.04-81.00  sec  5.92 MBytes  51.6 Mbits/sec  4289  
[  5]  81.00-82.19  sec  5.39 MBytes  38.2 Mbits/sec  3900  
[  5]  82.19-83.01  sec  4.60 MBytes  46.6 Mbits/sec  3329  
[  5]  83.01-84.00  sec  7.57 MBytes  64.0 Mbits/sec  5479  
[  5]  84.00-85.00  sec  6.32 MBytes  53.1 Mbits/sec  4575  
[  5]  85.00-86.00  sec  5.94 MBytes  50.0 Mbits/sec  4304  
[  5]  86.00-87.00  sec  5.96 MBytes  50.0 Mbits/sec  4316  
[  5]  87.00-88.00  sec  5.96 MBytes  50.0 Mbits/sec  4317  
[  5]  88.00-89.02  sec  5.85 MBytes  48.3 Mbits/sec  4233  
[  5]  89.02-90.01  sec  6.02 MBytes  51.0 Mbits/sec  4359  
[  5]  90.01-91.00  sec  6.01 MBytes  50.8 Mbits/sec  4353  
[  5]  91.00-92.03  sec  5.96 MBytes  48.6 Mbits/sec  4317  
[  5]  92.03-93.00  sec  5.96 MBytes  51.5 Mbits/sec  4318  
[  5]  93.00-94.00  sec  5.92 MBytes  49.6 Mbits/sec  4291  
[  5]  94.00-95.00  sec  6.00 MBytes  50.4 Mbits/sec  4346  
[  5]  95.00-96.00  sec  5.95 MBytes  50.0 Mbits/sec  4313  
[  5]  96.00-97.03  sec  5.60 MBytes  45.6 Mbits/sec  4055  
[  5]  97.03-98.02  sec  6.42 MBytes  54.5 Mbits/sec  4646  
[  5]  98.02-99.05  sec  5.93 MBytes  48.1 Mbits/sec  4294  
[  5]  99.05-100.00 sec  5.29 MBytes  46.9 Mbits/sec  3835  
[  5] 100.00-101.00 sec  6.57 MBytes  55.1 Mbits/sec  4756  
[  5] 101.00-102.85 sec  9.73 MBytes  44.2 Mbits/sec  7049  
[  5] 102.85-103.05 sec  2.41 MBytes   103 Mbits/sec  1744  
[  5] 103.05-104.00 sec  5.73 MBytes  50.4 Mbits/sec  4152  
[  5] 104.00-105.05 sec  6.00 MBytes  48.0 Mbits/sec  4343  
[  5] 105.05-106.00 sec  5.92 MBytes  52.2 Mbits/sec  4288  
[  5] 106.00-107.00 sec  5.96 MBytes  50.0 Mbits/sec  4316  
[  5] 107.00-108.00 sec  5.96 MBytes  50.0 Mbits/sec  4317  
[  5] 108.00-109.00 sec  5.96 MBytes  50.0 Mbits/sec  4316  
[  5] 109.00-110.61 sec  3.71 MBytes  19.3 Mbits/sec  2687  
[  5] 110.61-111.71 sec  10.7 MBytes  81.8 Mbits/sec  7722  
[  5] 111.71-112.00 sec  3.51 MBytes   100 Mbits/sec  2538  
[  5] 112.00-113.05 sec  6.25 MBytes  50.0 Mbits/sec  4523  
[  5] 113.05-114.00 sec  5.68 MBytes  50.0 Mbits/sec  4111  
[  5] 114.00-115.00 sec  5.95 MBytes  49.7 Mbits/sec  4308  
[  5] 115.00-116.00 sec  5.97 MBytes  50.3 Mbits/sec  4326  
[  5] 116.00-117.00 sec  5.96 MBytes  50.0 Mbits/sec  4316  
[  5] 117.00-118.00 sec  5.96 MBytes  50.0 Mbits/sec  4316  
[  5] 118.00-119.00 sec  5.96 MBytes  50.0 Mbits/sec  4316  
[  5] 119.00-120.00 sec  5.89 MBytes  49.3 Mbits/sec  4266  
[  5] 120.00-121.00 sec  6.04 MBytes  50.7 Mbits/sec  4375  
[  5] 121.00-122.00 sec  5.96 MBytes  50.0 Mbits/sec  4313  
[  5] 122.00-122.11 sec   642 KBytes  49.9 Mbits/sec  454  
- - - - - - - - - - - - - - - - - - - - - - - - -
[ ID] Interval           Transfer     Bitrate         Jitter    Lost/Total Datagrams
[  5]   0.00-122.11 sec   728 MBytes  50.0 Mbits/sec  0.000 ms  0/527050 (0%)  sender
[  5]   0.00-122.11 sec  0.00 Bytes  0.00 bits/sec  0.000 ms  0/0 (0%)  receiver
