Connecting to host 192.168.31.25, port 5202
[  5] local 192.168.31.198 port 43095 connected to 192.168.31.25 port 5202
[ ID] Interval           Transfer     Bitrate         Total Datagrams
[  5]   0.00-1.00   sec  5.89 MBytes  49.2 Mbits/sec  4267  
[  5]   1.00-2.00   sec  6.04 MBytes  50.8 Mbits/sec  4372  
[  5]   2.00-3.00   sec  5.90 MBytes  49.5 Mbits/sec  4275  
[  5]   3.00-4.00   sec  6.02 MBytes  50.5 Mbits/sec  4356  
[  5]   4.00-5.00   sec  5.97 MBytes  50.0 Mbits/sec  4319  
[  5]   5.00-6.01   sec  5.86 MBytes  49.0 Mbits/sec  4246  
[  5]   6.01-7.00   sec  4.76 MBytes  40.1 Mbits/sec  3450  
[  5]   7.00-8.00   sec  7.12 MBytes  59.6 Mbits/sec  5155  
[  5]   8.00-9.00   sec  6.09 MBytes  51.2 Mbits/sec  4412  
[  5]   9.00-10.00  sec  5.94 MBytes  49.8 Mbits/sec  4302  
[  5]  10.00-11.00  sec  5.98 MBytes  50.1 Mbits/sec  4334  
[  5]  11.00-12.00  sec  5.90 MBytes  49.5 Mbits/sec  4276  
[  5]  12.00-13.00  sec  5.36 MBytes  45.1 Mbits/sec  3885  
[  5]  13.00-14.00  sec  5.43 MBytes  45.6 Mbits/sec  3934  
[  5]  14.00-15.02  sec  4.65 MBytes  38.2 Mbits/sec  3370  
[  5]  15.02-16.00  sec  6.22 MBytes  53.3 Mbits/sec  4502  
[  5]  16.00-17.00  sec  5.37 MBytes  45.0 Mbits/sec  3887  
[  5]  17.00-18.01  sec  6.16 MBytes  51.4 Mbits/sec  4461  
[  5]  18.01-19.00  sec  5.58 MBytes  47.1 Mbits/sec  4039  
[  5]  19.00-20.00  sec  5.18 MBytes  43.4 Mbits/sec  3749  
[  5]  20.00-21.00  sec  4.81 MBytes  40.3 Mbits/sec  3486  
[  5]  21.00-22.04  sec  8.09 MBytes  65.4 Mbits/sec  5862  
[  5]  22.04-23.04  sec  7.09 MBytes  59.8 Mbits/sec  5137  
[  5]  23.04-24.00  sec  5.78 MBytes  50.3 Mbits/sec  4188  
[  5]  24.00-25.02  sec  6.14 MBytes  50.3 Mbits/sec  4443  
[  5]  25.02-26.01  sec  5.98 MBytes  50.7 Mbits/sec  4327  
[  5]  26.01-27.00  sec  5.73 MBytes  48.6 Mbits/sec  4147  
[  5]  27.00-28.01  sec  6.76 MBytes  56.2 Mbits/sec  4897  
[  5]  28.01-29.00  sec  6.81 MBytes  57.7 Mbits/sec  4931  
[  5]  29.00-30.00  sec  6.19 MBytes  51.9 Mbits/sec  4484  
[  5]  30.00-31.00  sec  5.45 MBytes  45.7 Mbits/sec  3945  
[  5]  31.00-32.06  sec  6.23 MBytes  49.2 Mbits/sec  4509  
[  5]  32.06-33.00  sec  5.90 MBytes  52.9 Mbits/sec  4276  
[  5]  33.00-34.00  sec  5.64 MBytes  47.2 Mbits/sec  4085  
[  5]  34.00-35.00  sec  5.38 MBytes  45.0 Mbits/sec  3893  
[  5]  35.00-36.00  sec  5.57 MBytes  46.8 Mbits/sec  4036  
[  5]  36.00-37.00  sec  5.12 MBytes  43.0 Mbits/sec  3709  
[  5]  37.00-38.00  sec  5.85 MBytes  49.1 Mbits/sec  4237  
[  5]  38.00-39.00  sec  6.05 MBytes  50.7 Mbits/sec  4379  
[  5]  39.00-40.00  sec  6.17 MBytes  51.7 Mbits/sec  4468  
[  5]  40.00-41.00  sec  6.42 MBytes  53.8 Mbits/sec  4647  
[  5]  41.00-42.00  sec  7.58 MBytes  63.6 Mbits/sec  5488  
[  5]  42.00-43.00  sec  6.13 MBytes  51.5 Mbits/sec  4440  
[  5]  43.00-44.20  sec  6.49 MBytes  45.4 Mbits/sec  4703  
[  5]  44.20-45.00  sec  3.72 MBytes  39.0 Mbits/sec  2697  
[  5]  45.00-46.00  sec  5.71 MBytes  48.0 Mbits/sec  4137  
[  5]  46.00-47.00  sec  5.93 MBytes  49.7 Mbits/sec  4292  
[  5]  47.00-48.00  sec  6.25 MBytes  52.4 Mbits/sec  4528  
[  5]  48.00-49.00  sec  5.52 MBytes  46.4 Mbits/sec  3999  
[  5]  49.00-50.02  sec  6.76 MBytes  55.8 Mbits/sec  4896  
[  5]  50.02-51.00  sec  4.41 MBytes  37.6 Mbits/sec  3191  
[  5]  51.00-52.00  sec  4.62 MBytes  38.8 Mbits/sec  3348  
[  5]  52.00-53.00  sec  5.98 MBytes  50.0 Mbits/sec  4332  
[  5]  53.00-54.00  sec  5.49 MBytes  46.2 Mbits/sec  3979  
[  5]  54.00-55.00  sec  5.48 MBytes  46.0 Mbits/sec  3970  
[  5]  55.00-56.05  sec  7.09 MBytes  56.8 Mbits/sec  5136  
[  5]  56.05-57.00  sec  6.12 MBytes  53.9 Mbits/sec  4433  
[  5]  57.00-58.03  sec  5.85 MBytes  48.0 Mbits/sec  4239  
[  5]  58.03-59.00  sec  6.74 MBytes  58.0 Mbits/sec  4881  
[  5]  59.00-60.15  sec  7.58 MBytes  55.5 Mbits/sec  5487  
[  5]  60.15-61.00  sec  4.98 MBytes  48.7 Mbits/sec  3608  
[  5]  61.00-62.00  sec  8.21 MBytes  69.0 Mbits/sec  5943  
[  5]  62.00-63.00  sec  5.83 MBytes  48.9 Mbits/sec  4224  
[  5]  63.00-64.00  sec  4.75 MBytes  39.9 Mbits/sec  3442  
[  iperf3: interrupt - the client has terminated by signal Terminated(15)
5]  64.00-65.00  sec  7.24 MBytes  60.6 Mbits/sec  5245  
[  5]  65.00-66.00  sec  6.31 MBytes  53.0 Mbits/sec  4569  
[  5]  66.00-67.00  sec  5.96 MBytes  50.0 Mbits/sec  4313  
[  5]  67.00-68.00  sec  5.96 MBytes  50.0 Mbits/sec  4316  
[  5]  68.00-69.00  sec  5.97 MBytes  50.0 Mbits/sec  4321  
[  5]  69.00-70.00  sec  5.71 MBytes  47.9 Mbits/sec  4135  
[  5]  70.00-71.00  sec  6.13 MBytes  51.4 Mbits/sec  4437  
[  5]  71.00-72.00  sec  6.04 MBytes  50.7 Mbits/sec  4372  
[  5]  72.00-73.00  sec  5.87 MBytes  49.3 Mbits/sec  4255  
[  5]  73.00-74.04  sec  5.79 MBytes  46.6 Mbits/sec  4194  
[  5]  74.04-75.00  sec  5.89 MBytes  51.5 Mbits/sec  4263  
[  5]  75.00-76.00  sec  6.22 MBytes  52.2 Mbits/sec  4506  
[  5]  76.00-77.00  sec  5.98 MBytes  50.0 Mbits/sec  4328  
[  5]  77.00-78.00  sec  5.87 MBytes  49.4 Mbits/sec  4248  
[  5]  78.00-79.00  sec  5.93 MBytes  49.6 Mbits/sec  4294  
[  5]  79.00-80.00  sec  6.12 MBytes  51.5 Mbits/sec  4433  
[  5]  80.00-81.00  sec  5.97 MBytes  50.0 Mbits/sec  4325  
[  5]  81.00-82.00  sec  5.89 MBytes  49.3 Mbits/sec  4262  
[  5]  82.00-83.00  sec  3.86 MBytes  32.5 Mbits/sec  2796  
[  5]  83.00-84.00  sec  5.41 MBytes  45.4 Mbits/sec  3920  
[  5]  84.00-85.00  sec  5.83 MBytes  48.9 Mbits/sec  4225  
[  5]  85.00-86.03  sec  5.61 MBytes  45.8 Mbits/sec  4065  
[  5]  86.03-87.00  sec  5.61 MBytes  48.4 Mbits/sec  4065  
[  5]  87.00-88.00  sec  5.62 MBytes  47.2 Mbits/sec  4067  
[  5]  88.00-89.01  sec  5.68 MBytes  47.4 Mbits/sec  4113  
[  5]  89.01-90.00  sec  6.30 MBytes  53.2 Mbits/sec  4559  
[  5]  90.00-91.00  sec  4.65 MBytes  38.9 Mbits/sec  3367  
[  5]  91.00-92.03  sec  4.56 MBytes  37.2 Mbits/sec  3304  
[  5]  92.03-93.01  sec  5.52 MBytes  47.3 Mbits/sec  4000  
[  5]  93.01-94.00  sec  4.28 MBytes  36.2 Mbits/sec  3099  
[  5]  94.00-95.00  sec  4.56 MBytes  38.4 Mbits/sec  3300  
[  5]  95.00-96.00  sec  4.23 MBytes  35.4 Mbits/sec  3060  
[  5]  96.00-97.00  sec  4.18 MBytes  35.1 Mbits/sec  3030  
[  5]  97.00-98.00  sec  4.41 MBytes  37.0 Mbits/sec  3196  
[  5]  98.00-99.00  sec  4.57 MBytes  38.3 Mbits/sec  3307  
[  5]  99.00-100.01 sec  4.36 MBytes  36.2 Mbits/sec  3155  
[  5] 100.01-101.00 sec  4.19 MBytes  35.5 Mbits/sec  3033  
[  5] 101.00-102.00 sec  4.28 MBytes  35.9 Mbits/sec  3099  
[  5] 102.00-103.00 sec  4.12 MBytes  34.5 Mbits/sec  2983  
[  5] 103.00-104.01 sec  3.66 MBytes  30.6 Mbits/sec  2648  
[  5] 104.01-105.00 sec  4.37 MBytes  36.8 Mbits/sec  3164  
[  5] 105.00-106.00 sec  4.14 MBytes  34.7 Mbits/sec  2999  
[  5] 106.00-107.00 sec  3.88 MBytes  32.6 Mbits/sec  2810  
[  5] 107.00-108.00 sec  4.15 MBytes  34.9 Mbits/sec  3007  
[  5] 108.00-109.00 sec  3.80 MBytes  31.8 Mbits/sec  2751  
[  5] 109.00-110.06 sec  4.54 MBytes  36.2 Mbits/sec  3288  
[  5] 110.06-111.00 sec  3.78 MBytes  33.5 Mbits/sec  2738  
[  5] 111.00-112.00 sec  4.13 MBytes  34.7 Mbits/sec  2991  
[  5] 112.00-113.00 sec  4.17 MBytes  35.0 Mbits/sec  3023  
[  5] 113.00-114.00 sec  3.86 MBytes  32.4 Mbits/sec  2798  
[  5] 114.00-115.11 sec  4.56 MBytes  34.4 Mbits/sec  3304  
[  5] 115.11-116.00 sec  3.32 MBytes  31.5 Mbits/sec  2405  
[  5] 116.00-117.00 sec  4.37 MBytes  36.6 Mbits/sec  3165  
[  5] 117.00-118.00 sec  4.26 MBytes  35.7 Mbits/sec  3085  
[  5] 118.00-119.01 sec  6.00 MBytes  50.0 Mbits/sec  4342  
[  5] 119.01-120.00 sec  5.00 MBytes  42.2 Mbits/sec  3621  
[  5] 120.00-121.00 sec  4.79 MBytes  40.2 Mbits/sec  3466  
[  5] 121.00-122.01 sec  4.45 MBytes  36.8 Mbits/sec  3220  
[  5] 122.01-122.05 sec   477 KBytes  97.6 Mbits/sec  337  
- - - - - - - - - - - - - - - - - - - - - - - - -
[ ID] Interval           Transfer     Bitrate         Jitter    Lost/Total Datagrams
[  5]   0.00-122.05 sec   672 MBytes  46.2 Mbits/sec  0.000 ms  0/486791 (0%)  sender
[  5]   0.00-122.05 sec  0.00 Bytes  0.00 bits/sec  0.000 ms  0/0 (0%)  receiver
